code2828

Level 1 of the Dungeon
(0, 0, D:1)
  a +0 dagger
(5, 2, D:1)
  a +0 short sword
(5, 9, D:1)
  a +0 mace
(6, 5, D:1)
  a +0 short sword
(7, 33, D:1)
  a +0 leather armour
(18, 13, D:1)
  5 stones
(22, 10, D:1)
  a +0 club
(35, -2, D:1)
  a +0 ring mail
(39, 17, D:1)
  a +0 dagger
(39, 40, D:1)
  a +0 plate armour
(40, -4, D:1)
  a +0 leather armour

Level 2 of the Dungeon
(0, 0, D:2)
  2 potions of degeneration
(12, 39, D:2)
  a +0 dagger
  2 stones
(15, 14, D:2)
  5 stones
(15, 37, D:2)
  a +0 sling
(17, 32, D:2)
  a +0 dagger
(19, 21, D:2)
  a +0 plate armour
(21, 15, D:2)
  a +0 flail
(32, 9, D:2)
  a scarf of invisibility
(33, 8, D:2)
  a +0 falchion
(33, 30, D:2)
  4 stones
(34, 37, D:2)
  a +0 flail
(35, 8, D:2)
  a +0 dagger
(46, 12, D:2)
  a +0 dagger
(60, 32, D:2)
  a +0 ring mail

Level 3 of the Dungeon
(0, 0, D:3)
  5 stones
(0, 3, D:3)
  5 stones
(1, -1, D:3)
  10 stones
(1, 4, D:3)
  a +0 spear
(2, -1, D:3)
  a +0 hand axe
(3, -1, D:3)
  5 stones
(3, 4, D:3)
  5 stones
(6, -1, D:3)
  an iguana corpse (skeletalised by now)
(13, -6, D:3)
  a +0 war axe
(13, -4, D:3)
  a +0 club
(15, 14, D:3)
  a +0 dagger
(16, -12, D:3)
  a potion of degeneration
(18, -13, D:3)
  a +0 dagger
(19, -9, D:3)
  a +0 leather armour
  a +0 club
(20, -2, D:3)
  a +0 falchion
(20, -1, D:3)
  a +0 club
(20, 1, D:3)
  a +0 leather armour
  a +0 club
(20, 4, D:3)
  a bullfrog corpse (skeletalised by now)
(23, -12, D:3)
  a +0 club
(25, 5, D:3)
  a +0 spear
(27, 5, D:3)
  a +0 hand axe
(28, -1, D:3)
  a +0 robe
(30, 1, D:3)
  4 stones
(44, -9, D:3)
  a +0 dagger
(46, -4, D:3)
  3 poisoned darts
(60, 16, D:3)
  a +0 plate armour
(65, -9, D:3)
  6 stones

Level 4 of the Dungeon
(0, 0, D:4)
  an amulet of regeneration
(4, -23, D:4)
  a +0 quarterstaff
(7, -29, D:4)
  a +0 leather armour
(13, -29, D:4)
  an iguana corpse
(16, -29, D:4)
  a +0 scale mail
(21, -27, D:4)
  a +0 hand axe
(26, -35, D:4)
  a +0 flail
(40, -15, D:4)
  the +1 scale mail of Odyebruane {Rampage +Inv Str+4}
    Str:       It affects your strength (+4).
    +Inv:      It lets you turn invisible.
    Rampage:   It bestows one free step when moving towards enemies.

