code2828

Level 1 of the Dungeon
(2, -24, D:1)
  a +0 mace
(15, 17, D:1)
  a +0 dagger
(26, -19, D:1)
  a +0 short sword
  4 stones
(27, -17, D:1)
  a +0 dagger

Level 2 of the Dungeon
(0, 0, D:2)
  a +0 leather armour
(4, -18, D:2)
  a +0 robe
  an amulet of guardian spirit
(5, -18, D:2)
  a +0 robe
  a +0 dagger
(5, 21, D:2)
  a +0 dagger
(35, -24, D:2)
  a +0 dagger
(46, -16, D:2)
  a +0 whip
  2 stones
(47, -12, D:2)
  a +0 robe
(52, -10, D:2)
  a +0 dagger

Level 3 of the Dungeon
(0, 0, D:3)
  a +0 pair of gloves
(8, 2, D:3)
  a +0 scale mail
  a +0 falchion
(10, 4, D:3)
  a +0 falchion
(10, 5, D:3)
  a +0 robe
  a +0 dagger
(12, 27, D:3)
  a +2 ring mail of cold resistance
(16, 8, D:3)
  a +0 whip
  7 poisoned darts
(22, 1, D:3)
  a +0 falchion
  a +0 leather armour
  an orc skeleton
(22, 2, D:3)
  a +3 falchion of freezing
(24, 2, D:3)
  a +0 mace
(24, 3, D:3)
  a +0 mace
(27, -12, D:3)
  3 stones
(28, 3, D:3)
  a rat skeleton
(29, 17, D:3)
  a +0 short sword
  9 poisoned darts
(44, -5, D:3)
  an orb of energy
(44, 17, D:3)
  a +0 club
(47, -9, D:3)
  a +0 robe
(47, 8, D:3)
  6 stones

Level 4 of the Dungeon
(0, 0, D:4)
  a hobgoblin corpse
(7, -7, D:4)
  a howler monkey corpse

