code2828

Level 1 of the Dungeon
(9, -19, D:1)
  a +0 ring mail
(12, 7, D:1)
  a +0 robe
(13, -8, D:1)
  a +0 club
(29, -32, D:1)
  3 stones
(49, -4, D:1)
  a +0 club

Level 2 of the Dungeon
(5, -4, D:2)
  a +0 hand axe
(9, -20, D:2)
  a +0 short sword
  5 stones
(11, -22, D:2)
  a +0 hand axe
(15, -24, D:2)
  a +0 mace
(18, -12, D:2)
  a +0 dagger
(18, 11, D:2)
  a +0 leather armour
(21, -1, D:2)
  3 stones
(32, -11, D:2)
  a +0 robe
(36, -21, D:2)
  7 stones
(37, -17, D:2)
  a +0 dagger

Level 3 of the Dungeon
[Shop] Xijewn's Book Shoppe
  a book of Burglary (220 gold)
  a book of Rime (308 gold)
  an Inescapable Atlas (352 gold)
  the Vellum of the Geologist and Ensorcelling (462 gold)
    Spells                            Type                      Level
     a - Summon Guardian Golem         Hexes/Summoning               3
     b - Leda's Liquefaction           Hexes/Earth                   4
     c - Silence                       Hexes/Air                     5
     d - Borgnjor's Vile Clutch        Necromancy/Earth              5
  the Anthology of the Black Widow (242 gold)
    Spells                            Type                      Level
     a - Poisonous Vapours             Poison/Air                    2
     b - Mephitic Cloud                Conjuration/Poison/Air        3
     c - Spider Form                   Transmutation/Poison          3
  a book of Spatial Translocations (220 gold)
(0, 0, D:3)
  a +0 leather armour
(19, 13, D:3)
  a +0 scale mail
(31, -13, D:3)
  8 stones
(33, -8, D:3)
  a +0 mace
(35, 7, D:3)
  3 stones
(35, 14, D:3)
  a +0 war axe
(38, -22, D:3)
  a +0 chain mail
(49, -4, D:3)
  a +0 dagger

Level 4 of the Dungeon
(0, 0, D:4)
  a +0 robe
(5, -3, D:4)
  a +0 ring mail
(6, -7, D:4)
  a +0 scale mail
(7, -3, D:4)
  a +3 whip
  3 stones
(8, -8, D:4)
  a +1 vampiric short sword
(8, 0, D:4)
  a +0 dagger
(9, -12, D:4)
  a +0 robe
(15, -8, D:4)
  a potion of cancellation
(17, -9, D:4)
  a +0 club
  a +0 leather armour
(19, -22, D:4)
  a +0 leather armour
(19, -16, D:4)
  a +0 dagger
(37, 2, D:4)
  a +0 giant club
(47, 11, D:4)
  a +0 dagger
(59, -27, D:4)
  a +0 whip
(61, -19, D:4)
  a +0 short sword
(61, -15, D:4)
  9 stones

Level 5 of the Dungeon
(0, 0, D:5)
  a +0 robe
(1, 6, D:5)
  a +0 hand axe
(10, 15, D:5)
  5 stones
(16, 15, D:5)
  a +0 ring mail
(18, 25, D:5)
  a +0 robe
(22, 7, D:5)
  a +0 dagger
(24, 7, D:5)
  a +0 leather armour
  a +0 flail
(25, 7, D:5)
  a +0 falchion
  a +1 falchion of pain
  a +0 ring mail
  a +0 flail
(28, 7, D:5)
  a +0 ring mail
(29, 13, D:5)
  a +0 spear
(33, 27, D:5)
  a +0 spear
  a +0 spear
  a +0 spear
  a +0 spear
(34, 26, D:5)
  a +0 club
  a +0 club
(34, 31, D:5)
  a +0 flail
(37, 7, D:5)
  a +0 pair of boots
(37, 20, D:5)
  a +0 scale mail
  a +2 flail of protection
(45, 26, D:5)
  a +0 ring mail
(51, 0, D:5)
  a stone
(52, -2, D:5)
  a large rock
(53, 3, D:5)
  a large rock
(54, -1, D:5)
  a large rock
(54, 6, D:5)
  a stone
(55, 6, D:5)
  a stone

Level 6 of the Dungeon
(0, 0, D:6)
  6 gold pieces
(0, 1, D:6)
  4 gold pieces
(14, -2, D:6)
  a +0 falchion of holy wrath
  (unseen)
(16, -6, D:6)
  11 gold pieces
(17, -5, D:6)
  8 gold pieces
(17, -1, D:6)
  7 gold pieces
  a +0 whip
(24, 6, D:6)
  a potion of flight
(32, 4, D:6)
  a book of Cantrips

