code2828

Level 1 of the Dungeon
(0, 0, D:1)
  a +0 mace
(3, -9, D:1)
  a +0 club
(4, -28, D:1)
  a +0 robe
(5, -25, D:1)
  a +0 short sword
  2 stones
(12, 12, D:1)
  a +0 dagger
(16, -7, D:1)
  a +2 short sword of speed
(18, -14, D:1)
  a +0 short sword
(37, 11, D:1)
  a +0 club

Level 2 of the Dungeon
(0, 0, D:2)
  a +0 sling
(2, 6, D:2)
  4 stones
(10, -5, D:2)
  a +0 whip
(11, -1, D:2)
  a +0 long sword
(11, 7, D:2)
  a +0 ring mail
(17, -5, D:2)
  3 stones
(17, -1, D:2)
  a +0 short sword
  a stone
  a +0 ring mail
(22, -4, D:2)
  a +0 sling
(24, 1, D:2)
  a +0 club
(25, -11, D:2)
  a +0 ring mail
(40, 28, D:2)
  a +0 hand axe
(44, 10, D:2)
  4 boomerangs

Level 3 of the Dungeon
(0, 0, D:3)
  4 stones
(16, 6, D:3)
  a +0 flail
  a +0 flail
(16, 26, D:3)
  a +0 dagger
(17, 6, D:3)
  a +0 club
(18, 6, D:3)
  a +0 halberd
(22, 12, D:3)
  a +0 ring mail
  a +0 club
(23, 9, D:3)
  a +0 club
(23, 12, D:3)
  2 stones
  a +0 short sword
(26, -17, D:3)
  a +0 club
(29, -3, D:3)
  a +0 hand axe
(30, -18, D:3)
  a +0 robe
(39, -11, D:3)
  a +0 mace
  a +0 ring mail
(40, 20, D:3)
  a +0 scythe
  a +0 robe
(46, -4, D:3)
  6 gold pieces
(47, -5, D:3)
  7 gold pieces
(47, -4, D:3)
  10 gold pieces
(47, -3, D:3)
  8 gold pieces
(48, -5, D:3)
  6 gold pieces
(48, -4, D:3)
  19 gold pieces
(48, -3, D:3)
  4 gold pieces
(56, 5, D:3)
  a +0 war axe
(58, 10, D:3)
  a ring of poison resistance
(58, 22, D:3)
  4 large rocks

Level 4 of the Dungeon
(6, -19, D:4)
  2 javelins
(8, -4, D:4)
  a +0 war axe
(14, -7, D:4)
  8 stones
(21, -39, D:4)
  a +0 dagger
(23, -40, D:4)
  a +0 falchion
(24, -40, D:4)
  a +0 hand axe
  a +0 scale mail
(27, -33, D:4)
  a +0 dagger
  4 stones
  a +0 mace
  a +0 chain mail
(27, -13, D:4)
  2 poisoned darts
(28, -18, D:4)
  a +0 club
(28, -2, D:4)
  a +2 vorpal hand axe
  a +0 rapier
  4 stones
  a +0 scale mail
  an orc corpse (skeletalised by now)
(29, -15, D:4)
  a +0 club
(30, -35, D:4)
  a +2 dagger of venom
(31, -12, D:4)
  a hobgoblin corpse
(31, -5, D:4)
  an adder corpse (skeletalised by now)
(32, -26, D:4)
  a +0 leather armour
(33, 4, D:4)
  a +0 club
  a +0 chain mail
  a wand of polymorph (6)

Level 6 of the Dungeon
[Shop] Omodwyth's Antique Armour Boutique
  (Shop contents are unknown)

Level 7 of the Dungeon
(0, 0, D:7)
  a scroll of identify
(2, 4, D:7)
  8 gold pieces
(2, 23, D:7)
  a +0 dagger
  a +0 robe
(6, 17, D:7)
  a +0 ring mail
(11, 18, D:7)
  6 stones
(11, 19, D:7)
  5 stones
(13, 22, D:7)
  a potion of degeneration
(17, 21, D:7)
  a +0 trident
  a +0 leather armour
  a +0 dagger
  an orc corpse
(18, 21, D:7)
  a +0 hand axe
  a +0 leather armour
  an orc corpse
(23, 26, D:7)
  12 gold pieces
(23, 30, D:7)
  14 gold pieces

the Ecumenical Temple

