code2828

Level 1 of the Dungeon
[Shop] Uromupu's Magic Scroll Emporium
  a scroll of identify (26 gold)
  a scroll of identify (26 gold)
  a scroll of fear (52 gold)
  a scroll of magic mapping (97 gold)
  a scroll of noise (13 gold)
  a scroll of silence (123 gold)
  a scroll of identify (26 gold)
  a scroll of poison (52 gold)
(0, 0, D:1)
  a +1 short sword of speed
  4 stones
(3, 0, D:1)
  a +1 dagger of draining
(15, 1, D:1)
  a +0 dagger
  2 stones
(15, 2, D:1)
  a +0 club
(22, -20, D:1)
  2 stones
(47, -3, D:1)
  a +0 dagger
(53, -8, D:1)
  a +0 ring mail
(53, 0, D:1)
  a +0 dagger
(58, -9, D:1)
  a +0 sling
(60, -9, D:1)
  a +0 robe

Level 2 of the Dungeon
(0, 0, D:2)
  a +0 flail
(1, -8, D:2)
  a +0 leather armour
(18, -7, D:2)
  a +0 leather armour
(22, 3, D:2)
  a +2 dagger of holy wrath
(23, 9, D:2)
  a +0 short sword
(50, -12, D:2)
  a +0 club
(57, 0, D:2)
  a +0 ring mail
(58, 5, D:2)
  a +0 club

Level 3 of the Dungeon
[Shop] Fafyimea's Antique Armour Emporium
  a +2 robe (304 gold)
  a +0 ring mail (96 gold)
  a +2 robe of positive energy (352 gold)
  a +0 buckler (108 gold)
  a +0 ring mail (96 gold)
  the +1 chain mail of the Bard {+Inv} (564 gold)
    +Inv:      It lets you turn invisible.
  a +0 ring mail (96 gold)
  a +0 chain mail (108 gold)
[Shop] Isefem's Book Emporium
  a book of Party Tricks (160 gold)
  Sif Muna's Secrets of Congelation and the Blaze (480 gold)
    Spells                            Type                      Level
     a - Scorch                        Fire                          2
     b - Ensorcelled Hibernation       Hexes/Ice                     2
     c - Inner Flame                   Hexes/Fire                    3
     d - Frozen Ramparts               Ice                           3
     e - Polar Vortex                  Ice                           9
  a book of the Hunter (260 gold)
  a book of Vapours (200 gold)
  a book of Air (220 gold)
  a book of Hexes (360 gold)
  a book of Blood (280 gold)
  a There-And-Back Book (300 gold)
  a book of Geomancy (180 gold)
  the Unrestrained Analects (440 gold)
  a book of the Sky (440 gold)
[Shop] Lepryh's Antique Armour Shop
  a +3 scale mail of positive energy (552 gold)
  a +0 leather armour (48 gold)
  an orb of wrath (312 gold)
  a +0 scale mail (96 gold)
  a +0 robe (16 gold)
[Shop] Zuog's Magic Scroll Boutique
  a scroll of magic mapping (75 gold)
  a scroll of enchant weapon (75 gold)
  a scroll of amnesia (40 gold)
  a scroll of vulnerability (40 gold)
  a scroll of brand weapon (95 gold)
  a scroll of identify (20 gold)
  a scroll of identify (20 gold)
  a scroll of amnesia (40 gold)
  a scroll of identify (20 gold)
(0, 0, D:3)
  a +0 club
(9, -5, D:3)
  a +0 dagger
(10, -32, D:3)
  a +0 dagger
(17, -22, D:3)
  a +0 whip
(18, -13, D:3)
  a +0 sling
(20, -3, D:3)
  a +0 falchion of distortion
(23, -27, D:3)
  a +0 leather armour of positive energy
(28, -15, D:3)
  a +6 ring of intelligence
  a +6 ring of intelligence
(30, -38, D:3)
  a +0 short sword
  a +0 dagger
(38, 7, D:3)
  a +0 club
(39, -30, D:3)
  a +0 leather armour
  a +0 dagger
  a +3 ring mail of poison resistance
  a +0 flail
(42, 4, D:3)
  a +0 robe

Level 4 of the Dungeon
(0, 0, D:4)
  a +0 chain mail
(2, 49, D:4)
  a +0 club
(2, 50, D:4)
  a +0 whip
  a +0 dagger
  a +0 hand axe
  a +0 hand axe
(4, 15, D:4)
  a +0 leather armour
(4, 22, D:4)
  a +4 ring of protection
(4, 40, D:4)
  a +0 glaive
(6, 60, D:4)
  5 stones
(11, 16, D:4)
  a +0 helmet
(16, 13, D:4)
  a stone
  a +0 club
(20, 5, D:4)
  a +0 robe
(21, 25, D:4)
  a +0 mace
(24, 13, D:4)
  a +0 flail
  a +0 spear
(25, 13, D:4)
  a +0 spear
(38, 47, D:4)
  3 stones
(43, -1, D:4)
  6 stones
(43, 34, D:4)
  a +0 club
(47, 53, D:4)
  a +0 club
(53, 21, D:4)
  a +0 dagger
(55, 26, D:4)
  5 stones
(62, 38, D:4)
  a +0 short sword

Level 5 of the Dungeon
(0, 0, D:5)
  a +0 short sword
(3, -15, D:5)
  a potion of flight
(4, -16, D:5)
  11 gold pieces
(4, -15, D:5)
  a +0 mace
(5, -14, D:5)
  a potion of flight
(5, 8, D:5)
  a +0 ring mail
  a +0 whip
(6, -16, D:5)
  a +0 dire flail
(11, -21, D:5)
  a +0 ring mail
  a +0 hand axe
  a +0 club
  a +0 spear
  a +0 whip
(24, -16, D:5)
  a +0 quarterstaff
(28, -22, D:5)
  a +0 halberd
(29, -22, D:5)
  a +2 trident of venom
  a +0 ring mail
(29, 1, D:5)
  a +0 trident
(30, 0, D:5)
  a +0 dagger
  a +0 flail
(32, 13, D:5)
  a +0 flail (still there?)
  a +0 club (still there?)
  a +0 whip of flaming (still there?)
(40, -1, D:5)
  11 gold pieces
(43, -13, D:5)
  a +0 plate armour
(43, 3, D:5)
  9 gold pieces
(44, 3, D:5)
  a potion of curing
(45, -20, D:5)
  a +0 dagger
  a +0 leather armour
(45, 3, D:5)
  a scroll of identify
(49, -10, D:5)
  a +0 leather armour

Level 6 of the Dungeon
(0, 0, D:6)
  a +0 giant spiked club
(5, -24, D:6)
  a +0 club
  a +0 short sword
(6, -24, D:6)
  a +0 dagger
  a +0 robe
  a +0 war axe
  a +0 whip
  a +0 leather armour
(10, -2, D:6)
  3 stones
(12, 2, D:6)
  6 javelins
(13, -15, D:6)
  a +0 shortbow
(13, -1, D:6)
  a +0 flail
  a +0 leather armour of poison resistance
(14, -15, D:6)
  a +0 dagger
  a +0 robe
(15, -15, D:6)
  a +0 club
  a +0 ring mail
(18, -17, D:6)
  a +0 dagger
  a +0 ring mail
  a +0 falchion
(19, -11, D:6)
  a +0 shortbow
(20, -25, D:6)
  a +0 plate armour
(30, -27, D:6)
  a +0 leather armour
(31, -10, D:6)
  a +2 falchion
  a stone
  a +0 robe
  a +0 battleaxe
  a +0 robe
  a +2 short sword
  a +0 robe
  a +0 scimitar
  a +0 robe
  a +0 club
  a +0 robe
(32, -9, D:6)
  a +0 spear
(58, -26, D:6)
  a +0 mace

Level 7 of the Dungeon
[Shop] Jamem's Assorted Antiques
  a potion of might (76 gold)
  a +0 sling of electrocution (108 gold)
  a +1 ring mail of willpower (304 gold)
  a box of beasts (760 gold)
  a +0 war axe (66 gold)
  a ring of wizardry (570 gold)
  a +0 leather armour (38 gold)
(0, 0, D:7)
  2 boomerangs of dispersal
(10, 25, D:7)
  a +0 shortbow
(16, -23, D:7)
  5 stones
(18, -6, D:7)
  a +0 ring mail
(23, -13, D:7)
  a +0 battleaxe
  a +0 robe
(23, -10, D:7)
  6 stones
(24, -13, D:7)
  a +0 war axe
  a +0 robe
  +0 steam dragon scales
(25, -8, D:7)
  a +1 heavy scimitar
  a +0 robe
(26, -11, D:7)
  a +0 whip
(26, 9, D:7)
  a +0 ring mail of poison resistance
(26, 21, D:7)
  a +0 mace
  a +0 leather armour
(27, -11, D:7)
  a +0 mace
  2 boomerangs
(27, 20, D:7)
  a +0 hand axe
  a +0 leather armour
(27, 24, D:7)
  a +0 giant spiked club
(28, -11, D:7)
  a +6 scimitar
  a +0 robe
  a +5 dagger
  a +0 robe
(28, 20, D:7)
  a +0 dagger
  a +0 robe
(29, -23, D:7)
  3 stones
(29, -11, D:7)
  a +5 falchion
  a +0 robe
  a +3 mace
  a +0 robe
  a +7 long sword
  a +2 robe of fire resistance
(31, -11, D:7)
  a +0 shortbow
(37, -26, D:7)
  a +0 club
  a +0 ring mail

Level 8 of the Dungeon
(0, 0, D:8)
  a +0 spear
(13, 16, D:8)
  a +0 chain mail
(19, 13, D:8)
  a +0 war axe
(23, 36, D:8)
  a +0 dagger
  a +0 chain mail
(23, 37, D:8)
  a +0 dagger
  a +0 robe
(29, 40, D:8)
  a +0 trident
(30, 10, D:8)
  8 stones
(30, 41, D:8)
  a +0 dagger
  a +0 robe
(31, 41, D:8)
  a +0 dagger
(43, 12, D:8)
  a +0 short sword
  a kobold corpse (skeletalised by now)
(44, 12, D:8)
  a +0 short sword
  a +0 club
  a +0 club
  a kobold corpse (skeletalised by now)
  a kobold corpse (skeletalised by now)
  a kobold corpse (skeletalised by now)
(46, 14, D:8)
  a +0 short sword
  a +0 robe
  a kobold corpse (skeletalised by now)
(49, 31, D:8)
  a +0 spear
(51, 29, D:8)
  5 stones

Level 9 of the Dungeon
(0, 0, D:9)
  a +0 quarterstaff

the Ecumenical Temple

