code2828

Level 1 of the Dungeon
[Shop] Dism's Assorted Antiques
  a +0 robe (16 gold)
  a scroll of identify (48 gold)
  a +0 pair of gloves (108 gold)
  a scroll of poison (96 gold)
  a +0 dagger (48 gold)
(0, 0, D:1)
  a +0 club
(2, -4, D:1)
  9 stones
(9, 7, D:1)
  a +0 short sword
(13, 0, D:1)
  a +0 dagger
(39, 8, D:1)
  a +0 short sword
(44, 4, D:1)
  a +0 robe

Level 2 of the Dungeon
(0, 0, D:2)
  a +0 hand axe
(3, 39, D:2)
  a +0 robe
(5, -7, D:2)
  4 large rocks
(11, 16, D:2)
  a +0 dagger
  a +0 sling
(14, 16, D:2)
  a +0 robe
(15, -4, D:2)
  a +0 dagger
(21, 0, D:2)
  a +0 short sword
  3 stones
(49, -2, D:2)
  a +2 halberd of protection
(50, 26, D:2)
  a +0 dagger
(52, -5, D:2)
  a +0 halberd
(52, 30, D:2)
  a +0 spear
(55, -5, D:2)
  a +0 flail
  a +0 club
(58, 22, D:2)
  a +0 dagger
  a stone
  a kobold corpse (skeletalised by now)
(61, -6, D:2)
  a +0 scale mail

Level 3 of the Dungeon
(0, 0, D:3)
  a scroll of identify
(4, 5, D:3)
  a frilled lizard corpse
(4, 6, D:3)
  a +0 war axe

