code2828

Level 1 of the Dungeon
(25, 34, D:1)
  a +0 whip
(29, 5, D:1)
  a +0 helmet
(41, -4, D:1)
  a +0 ring mail
(52, -2, D:1)
  a +0 club
(66, -6, D:1)
  a +0 dagger

Level 2 of the Dungeon
(20, -10, D:2)
  a +0 ring mail
(20, -1, D:2)
  a +0 short sword
  4 stones
(21, -2, D:2)
  a +0 mace
(21, 19, D:2)
  8 stones
(32, 33, D:2)
  a +0 dagger
(37, 42, D:2)
  a +0 flail
(45, 35, D:2)
  a +0 hand axe

Level 3 of the Dungeon
(0, 0, D:3)
  a +0 hand axe of freezing
(7, 2, D:3)
  2 stones
(10, -18, D:3)
  a +0 leather armour
(11, -18, D:3)
  a +0 dagger
  a +0 sling
(14, -1, D:3)
  a +0 dagger
(15, -35, D:3)
  a book of Displacement
(15, -31, D:3)
  a +0 short sword
(16, 0, D:3)
  a +0 animal skin
(17, -26, D:3)
  a +0 ring mail
(24, -36, D:3)
  5 stones
(30, -40, D:3)
  a +0 whip
(30, -7, D:3)
  a +0 flail
(31, -41, D:3)
  a +0 short sword
  a +0 short sword
(31, -33, D:3)
  a +0 long sword
(32, -9, D:3)
  a +0 falchion
(33, -8, D:3)
  a +0 mace
(39, -44, D:3)
  a +0 sling
(46, -47, D:3)
  a +0 chain mail
(50, -36, D:3)
  a +0 falchion
(60, -17, D:3)
  a +0 whip

Level 4 of the Dungeon
[Shop] Ecki's Book Boutique
  a book of the Senses (320 gold)
  a book of Lightning (380 gold)
  a book of Spectacle (320 gold)
  Maxwell's Memoranda (380 gold)
  a book of Maledictions (260 gold)
  a book of the Hunter (260 gold)
  the Unrestrained Analects (440 gold)
(0, 0, D:4)
  a +0 club
(8, 26, D:4)
  8 stones
(13, 20, D:4)
  a +0 dagger
(17, 32, D:4)
  a +0 mace
  4 poisoned darts
  a +0 chain mail
(20, 29, D:4)
  6 stones
(22, 5, D:4)
  a +0 leather armour
(24, -5, D:4)
  a +0 dagger
  a +0 club
(25, -4, D:4)
  a +0 short sword
(33, -15, D:4)
  a staff of poison
(37, 8, D:4)
  a staff of air
(42, -14, D:4)
  a +0 ring mail

Level 5 of the Dungeon
[Shop] Fablau's Armour Shop
  a +0 helmet (49 gold)
  a +0 ring mail (44 gold)
  a +0 chain mail (49 gold)
  a +1 ring mail of cold resistance (176 gold)
  a +1 scale mail of poison resistance (143 gold)
  a +0 scale mail (44 gold)
  a +0 ring mail (44 gold)
(0, 0, D:5)
  a +0 flail
(3, -53, D:5)
  a +1 helmet
(6, -23, D:5)
  a +0 giant spiked club
(8, -27, D:5)
  a +0 mace
(11, -46, D:5)
  4 javelins
(11, -34, D:5)
  3 stones
(15, -49, D:5)
  7 stones
(22, 1, D:5)
  a +0 club
(28, -32, D:5)
  2 stones
(29, -7, D:5)
  a +0 mace
(43, -26, D:5)
  a +0 ring mail
(46, -8, D:5)
  a +0 flail
  a +0 flail
(46, -7, D:5)
  a +0 spear
(48, -25, D:5)
  a +0 pair of boots
(49, -12, D:5)
  4 stones
(54, -30, D:5)
  a +0 chain mail

Level 6 of the Dungeon
(0, 0, D:6)
  a +0 scale mail
(0, 9, D:6)
  a +0 mace
  a +0 dagger
  a +1 robe of fire resistance
(0, 10, D:6)
  a +0 flail of holy wrath
  a +0 leather armour
  a +0 dagger
(1, 10, D:6)
  a +0 dagger
  a +0 robe
(12, -6, D:6)
  a +0 dagger
  a +0 robe
(14, -4, D:6)
  a +0 club
  a +1 ring mail of cold resistance
  a +0 dagger
  a +0 leather armour
(14, -3, D:6)
  a +2 trident of venom
(16, -17, D:6)
  a +0 hand axe
(24, -1, D:6)
  a +0 scale mail
(42, -2, D:6)
  a +0 dagger
  a boomerang
(44, -17, D:6)
  a +0 giant club
  a +0 giant spiked club
(47, -25, D:6)
  a +0 flail
(47, -17, D:6)
  a +0 club
(48, -26, D:6)
  a +0 spear
(48, -17, D:6)
  a +0 whip
(49, -26, D:6)
  a +0 spear
(49, -24, D:6)
  a +0 ring mail
  a +0 spear

Level 7 of the Dungeon
(0, 0, D:7)
  a +0 scale mail
(13, -1, D:7)
  a +0 trident
(14, -1, D:7)
  a +0 ring mail
  a +0 whip
(14, 1, D:7)
  a +0 robe
  a +0 dagger
(15, 0, D:7)
  a +0 robe
  a +0 dagger
(15, 6, D:7)
  a +0 club
(16, 3, D:7)
  a +0 ring mail
  a +0 mace
(16, 5, D:7)
  a +0 ring mail
  a +0 flail
  a +0 ring mail
  a +0 short sword
(16, 6, D:7)
  3 boomerangs
  a +0 club
(17, 8, D:7)
  a +0 short sword
(18, 10, D:7)
  a +0 robe
  a +0 dagger
  a +0 ring mail
  a +0 mace
(22, 31, D:7)
  6 stones
(27, 21, D:7)
  a +0 club
(27, 22, D:7)
  a +0 short sword
(28, 14, D:7)
  a +0 club
(28, 22, D:7)
  a +0 short sword
(29, 21, D:7)
  a +0 short sword
  a +0 scale mail
(29, 22, D:7)
  a +0 hand axe
  a +0 flail
(44, 14, D:7)
  a +3 trident of flaming
(47, 26, D:7)
  4 stones
(62, -7, D:7)
  a book of the Senses

Level 8 of the Dungeon
[Shop] Gozag's Platinum Reserve
  the +1 pair of gloves of Unreason {Stlth+} (1930 gold)
    Stlth:     It makes you more stealthy.
  the +3 leather armour "Idacutzuk" {rElec Will+ rCorr} (4220 gold)
    rElec:     It insulates you from electricity.
    rCorr:     It protects you from acid and corrosion.
    Will:      It increases your willpower.
  the +0 pair of gloves of Femm {Harm} (1150 gold)
    Harm:      It increases damage dealt and taken.
  the +6 short sword "Walimoqu" {spect, MP+9} (6340 gold)
    When its wielder attacks, the weapon's spirit leaps out and strikes again.
    The spirit shares a part of any damage it takes with its wielder.
    
    MP:        It affects your magic capacity (+9).
(0, 0, D:8)
  a +0 war axe
(11, -5, D:8)
  a +0 quarterstaff
  a +0 sling
  a +0 ring mail
(15, -27, D:8)
  a +0 leather armour
(18, -47, D:8)
  a +0 club
  a +0 spear
(18, -46, D:8)
  a +0 whip
(19, -46, D:8)
  a +0 club
  a +0 leather armour
(19, -4, D:8)
  a +0 giant club
  a +0 giant club
(20, -47, D:8)
  a +0 club
(20, -4, D:8)
  a book of Minor Magic
(22, -25, D:8)
  a +0 leather armour
(23, -14, D:8)
  a +0 dagger
  a +0 robe
(25, -16, D:8)
  a +0 leather armour
(26, -14, D:8)
  a +0 shortbow
(27, -17, D:8)
  a +0 club
  a +2 dagger of venom
  a +0 robe
(27, -16, D:8)
  a +0 short sword
(32, -27, D:8)
  a +0 ring mail
(37, -33, D:8)
  6 stones

Level 9 of the Dungeon
(1, 18, D:9)
  a +0 robe
(7, -3, D:9)
  a +0 long sword
(9, -15, D:9)
  a +0 mace
  a +0 dagger
  a +0 robe
(10, -16, D:9)
  a +0 dagger
  a +0 robe
(14, 22, D:9)
  2 atropa-tipped darts
(21, -2, D:9)
  4 stones
  a +0 club
(21, 8, D:9)
  8 stones
(21, 17, D:9)
  a +0 dagger of freezing
  a +0 short sword
  a +0 dagger
  a +0 dagger
  a +0 robe
(22, -2, D:9)
  7 poisoned darts
  a +0 dagger
(23, -2, D:9)
  5 stones
  a +0 club
(23, 17, D:9)
  a +0 short sword
  a +1 mace of protection
  a +0 scale mail
(24, 17, D:9)
  a +0 whip
  8 poisoned darts
(25, -7, D:9)
  a +0 dagger
  a +0 dagger
  a +0 robe
  a +0 whip
(25, 17, D:9)
  a +0 whip
  3 stones
(26, -6, D:9)
  a +0 short sword
(26, 17, D:9)
  a +0 short sword
  4 stones
  a +0 mace
  a +0 leather armour

Level 10 of the Dungeon
(0, 0, D:10)
  a stone
  a +0 whip
(1, 0, D:10)
  7 poisoned darts
  a +0 whip
(1, 2, D:10)
  a +0 short sword
  a +0 short sword
(2, 0, D:10)
  a +0 short sword
(7, 22, D:10)
  a staff of air
(12, 2, D:10)
  a +0 dire flail
  a +0 giant club
(29, 19, D:10)
  5 poisoned darts
(29, 29, D:10)
  a +0 robe
(36, -1, D:10)
  a +0 spear
(37, 25, D:10)
  3 stones
(42, 2, D:10)
  a +0 club
(42, 3, D:10)
  a +0 spear
  a +2 vorpal spear
  a +0 ring mail
(43, 3, D:10)
  a +0 whip
  a +0 whip
(48, 19, D:10)
  6 large rocks
(49, 30, D:10)
  a +0 leather armour
(50, 24, D:10)
  a +0 short sword
(53, -6, D:10)
  4 stones

Level 11 of the Dungeon
(0, 0, D:11)
  a book of the Wilderness
(4, -10, D:11)
  a +0 robe
  a +0 dagger
(7, 7, D:11)
  a +0 pair of boots
(8, 18, D:11)
  a +0 giant club
  a +0 giant club
  a +0 giant club
  a +0 giant club
  a +0 giant club
  a +0 giant spiked club
  a +0 flail
  a +0 flail
  a +0 dagger
  a +0 scale mail
  a +0 hand axe
  a +0 leather armour of cold resistance
  a +0 falchion
  a +0 chain mail
  a +0 scimitar
  a +0 club
(9, 18, D:11)
  a +0 dire flail of protection
(9, 19, D:11)
  a +0 leather armour
  a +0 trident
(12, 17, D:11)
  a +0 chain mail
  a +0 whip
(13, -11, D:11)
  a staff of death
(15, 16, D:11)
  a +0 dagger
(15, 34, D:11)
  a +0 pair of gloves
(16, 7, D:11)
  a +0 falchion
(17, 14, D:11)
  a +0 dagger
(18, -14, D:11)
  4 stones
(18, 12, D:11)
  a +0 short sword
(18, 22, D:11)
  a +0 dagger
  a +0 ring mail
  a +0 whip
(19, 22, D:11)
  a +0 leather armour
  a +0 club
  a +0 club
  a +0 robe
  a +0 dagger
(19, 23, D:11)
  a +0 scale mail
  a +0 club
  a +0 club
(20, 17, D:11)
  a +0 whip
(20, 21, D:11)
  a +0 leather armour
  a +0 war axe
(21, 15, D:11)
  a +0 leather armour
  a +0 falchion
(22, 18, D:11)
  a +0 robe
  a +0 dagger
(25, 15, D:11)
  a +0 scale mail
  a +0 mace
(25, 26, D:11)
  a +0 whip
(26, 25, D:11)
  a +0 dagger
  a +0 short sword
  a +0 leather armour
  a +0 club
  a +0 leather armour
  a +2 short sword of draining
  a +0 chain mail
  a +0 whip
  a +0 dagger
  a +0 whip
(36, 6, D:11)
  2 large rocks
(51, -13, D:11)
  5 stones
(52, -7, D:11)
  +0 acid dragon scales
(53, -7, D:11)
  a +0 club
(54, -9, D:11)
  a +0 club
(54, -7, D:11)
  a +0 halberd
  a +0 plate armour

Level 12 of the Dungeon
(0, 0, D:12)
  a +0 leather armour
(3, 20, D:12)
  a +0 falchion
(4, -3, D:12)
  a +0 dagger of venom
  a +0 robe
(5, -5, D:12)
  a +0 dagger
  a +0 robe
(5, -4, D:12)
  a +0 dagger
  a +0 ring mail
  a +0 hand axe
  a +0 leather armour
(5, -3, D:12)
  a +0 whip
  a +0 ring mail
(12, -10, D:12)
  a stone
(13, -9, D:12)
  16 gold pieces
(13, -6, D:12)
  a +0 giant club
  a +2 dire flail of protection
  a +0 robe
  a +0 short sword
(13, -5, D:12)
  a +0 hand axe
(15, -9, D:12)
  7 poisoned darts
  a +0 dagger
(16, 7, D:12)
  a +0 war axe
(23, -6, D:12)
  a +0 robe
(25, 7, D:12)
  a +0 leather armour
  a +0 hand axe
(25, 22, D:12)
  a +0 battleaxe
(26, 7, D:12)
  a +0 ring mail
  a +0 flail
  a +0 dagger
  a +0 robe
  a +0 dagger
(27, 3, D:12)
  a book of Dangerous Friends
(28, -12, D:12)
  a +0 halberd
(28, 16, D:12)
  2 potions of degeneration
(29, 15, D:12)
  a +0 morningstar
  a +0 giant club
  a +0 giant club
(29, 26, D:12)
  a +0 giant spiked club
  a +0 giant club
(30, -7, D:12)
  4 large rocks
(35, 14, D:12)
  a +0 trident
(36, 4, D:12)
  a potion of degeneration
(41, 21, D:12)
  a book of Spatial Translocations
(48, -13, D:12)
  2 poisoned darts

Level 13 of the Dungeon
(0, 0, D:13)
  +0 acid dragon scales
(4, -21, D:13)
  6 large rocks

the Ecumenical Temple

Level 1 of the Orcish Mines
(12, 6, Orc:1)
  a +0 club
  a +0 leather armour

Level 1 of the Lair of Beasts
(2, 19, Lair:1)
  6 stones
(9, 25, Lair:1)
  a +0 club
(16, 15, Lair:1)
  a staff of fire
(18, 9, Lair:1)
  a +1 dagger of speed
(21, -20, Lair:1)
  3 stones
(29, -20, Lair:1)
  a +0 pair of gloves
(39, -22, Lair:1)
  5 javelins
(53, 2, Lair:1)
  a +0 war axe
(53, 20, Lair:1)
  a +0 ring mail
(57, 20, Lair:1)
  a potion of degeneration
(62, -22, Lair:1)
  a +0 ring mail
(63, -13, Lair:1)
  the +9 rapier of Impatience {vorpal, rC+ MP+9 Str-2}
    It inflicts extra damage upon your enemies.
    
    Str:       It affects your strength (-2).
    rC:        It protects you from cold.
    MP:        It affects your magic capacity (+9).
(67, -28, Lair:1)
  5 stones

Level 2 of the Lair of Beasts
(1, 15, Lair:2)
  a +0 scale mail
(13, -9, Lair:2)
  a +0 club
(29, -15, Lair:2)
  a book of Dreams
(29, 15, Lair:2)
  4 stones
(38, 8, Lair:2)
  a +0 long sword
(43, -26, Lair:2)
  a +0 ring mail
(45, -30, Lair:2)
  a +1 dire flail of flaming
(49, 1, Lair:2)
  a book of Callings
(57, -4, Lair:2)
  a +0 whip
(58, -29, Lair:2)
  a +0 war axe
  +0 swamp dragon scales
(60, -18, Lair:2)
  a -2 demon whip of venom

Level 3 of the Lair of Beasts
(0, 0, Lair:3)
  a +0 short sword
(2, 24, Lair:3)
  a +2 kite shield
(14, 28, Lair:3)
  a +0 chain mail
(31, 18, Lair:3)
  a +0 scale mail
(34, 30, Lair:3)
  a +0 halberd
(34, 31, Lair:3)
  a +0 battleaxe
(35, 30, Lair:3)
  a +0 halberd
(37, 31, Lair:3)
  a +0 mace
(53, 57, Lair:3)
  a Young Poisoner's Handbook
(55, 41, Lair:3)
  a +0 shortbow

Level 4 of the Lair of Beasts
(0, 0, Lair:4)
  5 stones
(8, -9, Lair:4)
  a +0 tower shield
(8, -5, Lair:4)
  a +0 helmet
(13, 6, Lair:4)
  a +2 dagger of venom
(19, 19, Lair:4)
  a +0 mace
(21, 0, Lair:4)
  the +1 helmet of Decompression {+Inv rF++ MP-9 Str+3}
    Str:       It affects your strength (+3).
    rF:        It greatly protects you from fire.
    MP:        It affects your magic capacity (-9).
    +Inv:      It lets you turn invisible.
(23, 23, Lair:4)
  a +0 chain mail
(26, -24, Lair:4)
  5 stones
(35, -25, Lair:4)
  a book of Frost
(42, -18, Lair:4)
  a book of Unlife
(46, -9, Lair:4)
  6 stones
(48, -21, Lair:4)
  8 stones
(48, -12, Lair:4)
  a +4 ring of evasion
(54, -15, Lair:4)
  a +0 morningstar

Level 5 of the Lair of Beasts
(10, 0, Lair:5)
  a +0 trident
(11, 0, Lair:5)
  a +1 vorpal great mace
(14, -14, Lair:5)
  a +0 robe
  a +0 dagger
(17, -28, Lair:5)
  a book of Touch
(42, -57, Lair:5)
  a +0 hand axe
(48, -47, Lair:5)
  a +0 leather armour
(52, -28, Lair:5)
  3 large rocks
(63, -36, Lair:5)
  a +1 pair of boots
(65, -49, Lair:5)
  4 stones

Level 1 of the Shoals
(0, 0, Shoals:1)
  a +0 trident
(4, 24, Shoals:1)
  a +0 spear
  a +0 sling of draining
(5, 3, Shoals:1)
  a +2 antimagic spear
  a +0 sling
(5, 5, Shoals:1)
  a +0 quarterstaff
  a +0 sling
  a faun corpse
(5, 29, Shoals:1)
  a +0 spear
(6, 29, Shoals:1)
  a +0 club
  a +0 sling
  a faun skeleton
(7, 30, Shoals:1)
  a +0 spear
  a +0 sling
(8, 4, Shoals:1)
  6 stones
(8, 6, Shoals:1)
  a +0 spear
  a +0 sling
  a faun corpse
(11, 1, Shoals:1)
  a +0 trident
(15, 10, Shoals:1)
  a +0 trident
  2 boomerangs
(15, 13, Shoals:1)
  a +0 spear
(20, 16, Shoals:1)
  a +0 dagger
(20, 25, Shoals:1)
  a +0 leather armour
(35, 4, Shoals:1)
  a +0 pair of gloves
(36, -11, Shoals:1)
  a +2 vampiric spear
  a silver javelin
  a +0 leather armour

Level 2 of the Shoals
(0, 0, Shoals:2)
  a +2 quarterstaff of speed
  (unseen)
(1, 2, Shoals:2)
  20 gold pieces
  a dream sheep corpse
(2, 2, Shoals:2)
  a dream sheep corpse
(2, 4, Shoals:2)
  a +0 rapier
  a +0 robe
  a scroll of identify
(2, 11, Shoals:2)
  a +0 spear
  a +0 sling
  a faun corpse
(3, 2, Shoals:2)
  a dream sheep corpse
(3, 9, Shoals:2)
  a +0 spear
(3, 10, Shoals:2)
  a +0 club
  a +0 sling
(3, 11, Shoals:2)
  a +0 quarterstaff
  a +0 sling
  a faun corpse
(3, 12, Shoals:2)
  a +0 club
  a +0 sling
(3, 18, Shoals:2)
  a water nymph corpse
(4, 17, Shoals:2)
  a manticore corpse
(4, 24, Shoals:2)
  a +0 ring mail
(18, 34, Shoals:2)
  a +0 spear
  a merfolk corpse

