code2828

Level 1 of the Dungeon
[Shop] Laeqom's Weapon Shop
  a +0 sling (16 gold)
  a +0 short sword (33 gold)
  3 stones (3 gold)
  a +0 hand axe (33 gold)
  a +0 spear (33 gold)
  4 silver boomerangs (66 gold)
  a +2 trident of protection (178 gold)
  a +1 flail of draining (146 gold)
  a +0 hand axe (33 gold)
(0, 26, D:1)
  a +0 whip
  5 stones
(0, 31, D:1)
  a +0 dagger
(2, -14, D:1)
  a +0 sling
(3, 6, D:1)
  a +0 whip
(3, 33, D:1)
  4 stones
(5, -10, D:1)
  a +0 dagger
(7, 45, D:1)
  2 stones
(18, 35, D:1)
  a +0 dagger
(19, 39, D:1)
  a +0 club
(20, 0, D:1)
  a +0 leather armour
(20, 39, D:1)
  a +0 dagger
(22, 12, D:1)
  a +0 club
(31, 16, D:1)
  5 stones
(42, 30, D:1)
  a +1 mace of draining
(43, 10, D:1)
  a book of Touch
(49, 0, D:1)
  a +0 dagger
(52, 35, D:1)
  a book of Burglary
(53, 9, D:1)
  a book of Changes
(54, 6, D:1)
  2 stones

Level 2 of the Dungeon
(0, 0, D:2)
  a +0 club
  4 stones
(8, 8, D:2)
  an orb of energy
(11, 21, D:2)
  5 stones
(12, 16, D:2)
  5 stones
(16, 26, D:2)
  a +0 club
  a stone
(20, 4, D:2)
  3 stones
(23, 29, D:2)
  6 stones
(26, 16, D:2)
  a +0 rapier
(26, 25, D:2)
  a +0 sling
(36, 17, D:2)
  6 stones
(38, 31, D:2)
  a +0 ring mail
(43, 54, D:2)
  a +0 dagger
(44, 24, D:2)
  a +0 short sword
  4 stones
(46, 7, D:2)
  a +0 leather armour
(55, 16, D:2)
  a hobgoblin corpse (skeletalised by now)

Level 3 of the Dungeon
(0, 0, D:3)
  a +0 club
  a +0 dagger
  5 stones
  a goblin corpse
  a kobold corpse
(1, 0, D:3)
  a +0 dagger
  4 stones
  a +0 flail
(3, 19, D:3)
  a +0 club
(5, 16, D:3)
  a +0 robe
(7, -16, D:3)
  a +3 dagger of speed
  a +0 ring mail
(7, -14, D:3)
  a +0 mace
  an orc corpse
(7, -12, D:3)
  a +0 club
  a +0 chain mail
  an orc corpse
(8, -14, D:3)
  a +0 dagger
(10, 14, D:3)
  a giant cockroach corpse
(14, -10, D:3)
  4 stones
(18, 21, D:3)
  a hobgoblin corpse
(19, 3, D:3)
  an Everburning Encyclopedia
(21, -1, D:3)
  a jackal corpse
(21, 1, D:3)
  a ball python corpse
(22, -1, D:3)
  a jackal corpse
(24, -13, D:3)
  a +0 robe
(24, -9, D:3)
  a frilled lizard corpse

