code2828

Level 1 of the Dungeon
(0, 0, D:1)
  a +0 leather armour
(7, -6, D:1)
  a +0 dagger
(9, 16, D:1)
  a +0 club
(12, -24, D:1)
  a +0 dagger
(12, -20, D:1)
  a +2 barding
(14, 18, D:1)
  7 stones
(38, -14, D:1)
  a +0 club

Level 2 of the Dungeon
(0, 0, D:2)
  a +0 spear
(1, -12, D:2)
  the +2 robe "Coeshroa" {Rampage}
    Rampage:   It bestows one free step when moving towards enemies.
(8, -27, D:2)
  a +0 club
(19, -26, D:2)
  a staff of poison
(21, -34, D:2)
  a +0 sling
(29, -16, D:2)
  a +0 leather armour
(36, -17, D:2)
  a +0 club
(40, -26, D:2)
  a +0 helmet
(41, 4, D:2)
  a +0 dagger

Level 3 of the Dungeon
(0, 0, D:3)
  a +0 sling
(4, 5, D:3)
  a +0 sling
(17, -11, D:3)
  a +0 club
  3 stones
(24, 3, D:3)
  a +0 club
  5 stones
(25, -5, D:3)
  3 stones
(29, 1, D:3)
  a +0 dagger
(31, 13, D:3)
  a +0 leather armour
(36, 3, D:3)
  a +0 robe
(46, 24, D:3)
  a +0 hand axe
(63, 6, D:3)
  a +0 club

Level 4 of the Dungeon
(0, 0, D:4)
  a +0 short sword
  4 stones
(8, -44, D:4)
  a +0 flail
(20, -39, D:4)
  a +0 halberd
(32, -35, D:4)
  a +0 robe
(41, -2, D:4)
  a +0 club
  a +0 sling
(47, -45, D:4)
  a +0 morningstar

Level 5 of the Dungeon
(0, 0, D:5)
  a +0 robe
  a +0 dagger
(0, 19, D:5)
  a +0 spear
(2, 0, D:5)
  a +0 leather armour
  a +0 short sword
(6, -5, D:5)
  a +0 hand axe
  a +0 short sword
(9, 21, D:5)
  a +0 club
(10, 20, D:5)
  a +0 dagger
(10, 36, D:5)
  a +0 giant club
(11, -22, D:5)
  a +1 dagger of venom
(11, 20, D:5)
  a +0 whip
  a +0 leather armour
(11, 21, D:5)
  a +0 hand axe
  a +0 ring mail
(14, 20, D:5)
  a +0 club
  a +0 leather armour
(15, 7, D:5)
  a +0 club
(16, 7, D:5)
  a +0 trident
  5 stones
  a +0 scale mail
(16, 37, D:5)
  4 stones
(17, 7, D:5)
  a +0 spear
(18, 28, D:5)
  a +0 short sword
(19, 26, D:5)
  a +0 dagger
  a +0 leather armour
(19, 28, D:5)
  a +0 hand axe
(20, 11, D:5)
  a +0 spear
(31, 0, D:5)
  5 stones
(32, 4, D:5)
  8 stones

Level 6 of the Dungeon
(0, 0, D:6)
  a +0 battleaxe
(12, 10, D:6)
  a +0 dagger
  a +0 robe
(13, 25, D:6)
  a +0 short sword
  a +0 ring mail
(22, 33, D:6)
  a +3 scimitar
  a +0 robe
  a +2 short sword
  a +0 robe
(22, 34, D:6)
  a +2 flail
  a +0 robe
(25, 13, D:6)
  a book of Touch
(27, 12, D:6)
  a scroll of blinking
(28, 6, D:6)
  a +0 spear
(30, 7, D:6)
  a scroll of torment
(30, 13, D:6)
  a +0 scale mail
(30, 37, D:6)
  a +3 morningstar
  a +0 robe
(35, 35, D:6)
  a +0 flail
  a +0 robe
  a +1 scimitar
  a +0 robe
(35, 44, D:6)
  a +4 dagger
  a +0 robe
(37, 13, D:6)
  a +0 cloak
(39, 35, D:6)
  a +0 long sword
  a +0 robe
(43, 26, D:6)
  7 stones
(45, 21, D:6)
  a +0 spear
(45, 33, D:6)
  a +0 short sword
  a +0 chain mail
(48, 11, D:6)
  5 stones
(49, 1, D:6)
  a +0 hand axe
(49, 16, D:6)
  a +0 mace
  2 silver boomerangs
(50, 14, D:6)
  the amulet of Elemental Vulnerability {rPois rF-- rC-- AC+8}
    [amulet of nothing]
    
    AC:        It affects your AC (+8).
    rF:        It makes you very vulnerable to fire.
    rC:        It makes you very vulnerable to cold.
    rPois:     It protects you from poison.
(52, 9, D:6)
  a +0 trident
(55, 14, D:6)
  a +0 helmet
(55, 24, D:6)
  a +0 dagger
  a +0 chain mail
  a +0 hand axe
  a +2 dagger of venom
(64, 0, D:6)
  6 stones

Level 7 of the Dungeon
(0, 0, D:7)
  a +0 dagger
  a +0 leather armour
  a +0 war axe
  a +0 ring mail
(1, 0, D:7)
  a +0 falchion
  a +0 dagger
  a +0 robe
  a +0 dagger
  a +0 robe
(16, 2, D:7)
  a +0 quarterstaff
(19, -4, D:7)
  2 large rocks
(29, 12, D:7)
  a +0 pair of gloves
(31, -5, D:7)
  a +0 flail
(32, -7, D:7)
  a +0 mace
  a +0 leather armour
(32, 19, D:7)
  a +2 dagger of speed (still there?)
  a +0 leather armour of poison resistance (still there?)
(32, 20, D:7)
  a +0 hand axe
  a +0 dagger
  a +0 robe
(33, -9, D:7)
  a +0 robe
(34, -8, D:7)
  a +0 short sword of draining
  a +0 leather armour
(34, 21, D:7)
  a +0 hat
(38, -2, D:7)
  4 stones
(41, -1, D:7)
  a +0 battleaxe
  a +0 robe
(41, 4, D:7)
  a +0 mace
(43, -2, D:7)
  a +1 flail
  a +0 robe
(45, -4, D:7)
  a +0 great sword
  a +0 robe
(46, -5, D:7)
  a +3 great sword
  a +0 robe
(48, -6, D:7)
  a +0 battleaxe
  a +0 robe
(48, 9, D:7)
  4 stones
(51, 9, D:7)
  a +0 quarterstaff
(56, -8, D:7)
  a +0 short sword
(58, -11, D:7)
  a +0 club
  a +0 flail
(61, 25, D:7)
  a +0 short sword
  a +3 leather armour
  a +0 vampiric short sword
  a +0 leather armour

Level 8 of the Dungeon
(0, 0, D:8)
  a +0 broad axe
(7, -30, D:8)
  a +0 scythe
  a +0 robe
(8, -30, D:8)
  a +0 scythe
  a +0 robe
  a +0 scythe
  a +0 robe
(9, -30, D:8)
  a +0 scythe
  a +0 robe
  a +0 scythe
  a +0 robe
(24, -32, D:8)
  a +0 flail
  a +0 robe
  a +0 falchion
  a +0 robe
(24, -23, D:8)
  a +0 robe
(25, -32, D:8)
  a +0 great sword
  a +0 robe
(25, -14, D:8)
  a +0 whip of flaming
  a +0 robe
(26, -32, D:8)
  a +3 mace
  a +0 robe
(27, -20, D:8)
  a +0 pair of gloves
(28, -31, D:8)
  a +0 halberd
  a +0 robe
(28, -3, D:8)
  a +0 short sword
(29, -33, D:8)
  a +0 robe
(32, 1, D:8)
  a +0 shortbow
  5 large rocks
(36, -36, D:8)
  a +0 helmet
(36, -24, D:8)
  a potion of resistance
(38, -1, D:8)
  a +0 pair of boots
(41, 6, D:8)
  a +0 spear
(43, -25, D:8)
  9 gold pieces
(43, -24, D:8)
  28 gold pieces
(43, -23, D:8)
  a +0 hat
(44, -25, D:8)
  a +0 scale mail of fire resistance
  (unseen)
(44, -23, D:8)
  35 gold pieces
(44, 0, D:8)
  14 gold pieces
(44, 1, D:8)
  18 gold pieces
(44, 2, D:8)
  12 gold pieces
(45, 1, D:8)
  11 gold pieces
(45, 2, D:8)
  5 gold pieces
(46, 3, D:8)
  15 gold pieces
(47, 0, D:8)
  10 gold pieces
(47, 1, D:8)
  12 gold pieces
(47, 2, D:8)
  15 gold pieces
(48, -2, D:8)
  a +6 ring of strength
(48, 1, D:8)
  11 gold pieces
(48, 2, D:8)
  11 gold pieces
(49, -21, D:8)
  a staff of death

Level 9 of the Dungeon
(0, 0, D:9)
  a +0 quarterstaff
(11, -21, D:9)
  4 stones
(14, -3, D:9)
  a +0 war axe
(16, -12, D:9)
  a +0 dagger
(19, -20, D:9)
  a +0 club
  a +0 robe
  a +0 whip
(19, -18, D:9)
  a +0 halberd
(20, -27, D:9)
  6 stones
(20, -25, D:9)
  a +0 troll leather armour
(20, -23, D:9)
  a +0 flail
(20, -21, D:9)
  a +0 club
(23, -30, D:9)
  a +0 quarterstaff
(24, 1, D:9)
  a +0 shortbow
(28, -11, D:9)
  a +0 whip
(28, 15, D:9)
  a +0 ring mail
(32, -16, D:9)
  a +0 robe
(35, -41, D:9)
  5 stones
(35, -19, D:9)
  a +0 leather armour
(38, 16, D:9)
  a +0 ring mail
(41, -40, D:9)
  6 stones
(41, -8, D:9)
  a piece from Xom's chessboard (15/15)
(43, -19, D:9)
  6 poisoned darts
(44, 9, D:9)
  8 stones

Level 10 of the Dungeon
(0, 0, D:10)
  a +0 leather armour
(12, 11, D:10)
  a +0 robe
(16, -15, D:10)
  4 potions of flight
  an amulet of the acrobat
  a +6 ring of strength
(27, 26, D:10)
  a +0 shortbow
(37, 0, D:10)
  a +0 quarterstaff
  a +0 sling
  a +0 ring mail
(46, -1, D:10)
  7 stones
(52, 20, D:10)
  a +0 dagger
  a +0 robe
(66, -18, D:10)
  2 stones
(68, 7, D:10)
  a +0 ring mail

Level 11 of the Dungeon
[Shop] Qoac's Weapon Emporium
  a +0 sling (19 gold)
  a +0 long sword (45 gold)
  a +1 dagger of venom (122 gold)
  a +0 trident (45 gold)
  a +0 battleaxe (84 gold)
  a +0 flail (45 gold)
  a +0 falchion (39 gold)
  the +4 mace "Gomaets" {spect, Str+4} (557 gold)
    When its wielder attacks, the weapon's spirit leaps out and strikes again.
    The spirit shares a part of any damage it takes with its wielder.
    
    Str:       It affects your strength (+4).
  2 stones (2 gold)
(0, 0, D:11)
  a +0 giant spiked club
  a +0 giant spiked club
(27, -7, D:11)
  a +2 spear of distortion
  a +0 ring mail
(27, -6, D:11)
  a +0 flail
  a +0 whip
  a +2 vorpal spear
(27, -3, D:11)
  a +0 war axe
  a +0 leather armour
(27, -2, D:11)
  a +0 club
(27, -1, D:11)
  a +0 flail
  a +0 leather armour
(28, -5, D:11)
  a +0 spear
(29, 0, D:11)
  a +0 club
  3 boomerangs of dispersal
  a +0 ring mail
(30, 6, D:11)
  9 stones
(37, 25, D:11)
  a +0 scale mail
(39, -7, D:11)
  a staff of air
(39, 4, D:11)
  a +0 dagger
(41, -1, D:11)
  a +0 hand axe
  a +0 leather armour
(42, 16, D:11)
  a +0 shortbow
(57, 35, D:11)
  a +0 dagger
  a +0 robe
(60, 35, D:11)
  a +2 dagger of venom
  2 curare-tipped darts
(64, 32, D:11)
  a +0 dagger
  a +0 robe

Level 12 of the Dungeon
(0, 0, D:12)
  a potion of heal wounds
(12, -8, D:12)
  a potion of curing
(34, -7, D:12)
  a +0 giant club
  a +0 giant club
(44, 2, D:12)
  a manticore corpse (skeletalised by now)
(52, -9, D:12)
  a scroll of identify
(52, -8, D:12)
  a potion of berserk rage

the Ecumenical Temple

