code2828

Level 1 of the Dungeon
[Shop] Ediozynwer's Book Boutique
  a book of Spatial Translocations (220 gold)
  a Trismegistus Codex (308 gold)
  a book of Blood (308 gold)
  Sif Muna's Tractate on Assistive Frostbite (462 gold)
    Spells                            Type                      Level
     a - Freezing Cloud                Conjuration/Ice/Air           5
     b - Summon Forest                 Summoning/Translocation       5
     c - Summon Horrible Things        Summoning                     8
  Dispater's Disquisition on the Quarry (374 gold)
    Spells                            Type                      Level
     a - Iron Shot                     Conjuration/Earth             6
     b - Shatter                       Earth                         9
  a book of Weapons (308 gold)
  a book of Touch (242 gold)
  a book of Armaments (396 gold)
  a book of Necromancy (264 gold)
  Ozocubu's Autobiography (264 gold)
  a book of Alchemy (308 gold)
  Maxwell's Memoranda (418 gold)
(7, 0, D:1)
  a +0 leather armour
(8, -21, D:1)
  a +0 club
(10, -15, D:1)
  3 stones
(15, -37, D:1)
  a +0 dagger
(18, -49, D:1)
  a +0 ring mail
(28, -48, D:1)
  a +0 club
  2 stones
(28, -3, D:1)
  a +0 club
  4 stones
(29, -35, D:1)
  a +0 short sword
(37, -23, D:1)
  a +0 club
(39, -29, D:1)
  3 stones

Level 2 of the Dungeon
(0, 0, D:2)
  a potion of mutation
(17, -17, D:2)
  a +0 flail
  a +0 leather armour
  a +0 hand axe
(25, -18, D:2)
  a +0 rapier
(28, 7, D:2)
  a scroll of fog

