code2828

Level 1 of the Dungeon
(0, 0, D:1)
  a +0 club
(2, -15, D:1)
  a +0 dagger
(11, 10, D:1)
  a +0 sling
(13, 11, D:1)
  a +0 dagger
  4 stones
(14, 11, D:1)
  a +0 leather armour
(18, -20, D:1)
  a +0 club
(18, -13, D:1)
  a +0 sling
(21, 10, D:1)
  a +4 ring mail
(22, -21, D:1)
  a +0 dagger
(32, 2, D:1)
  a +0 short sword
(32, 5, D:1)
  a +0 dagger
(37, -11, D:1)
  5 stones
(38, -1, D:1)
  a +0 club
(46, -3, D:1)
  7 stones

Level 2 of the Dungeon
(11, 25, D:2)
  a scroll of enchant weapon
(12, 15, D:2)
  a +0 leather armour
(23, -5, D:2)
  8 stones
(23, 1, D:2)
  a +0 club
(26, 4, D:2)
  2 stones
(30, 3, D:2)
  a +0 dagger
(32, -10, D:2)
  a +0 animal skin
  a +0 ring mail
(33, 6, D:2)
  a +0 whip
(34, -10, D:2)
  a +0 dagger
(34, 7, D:2)
  a +0 whip
  a +0 dagger
(35, -3, D:2)
  4 stones
(37, 8, D:2)
  a +0 dagger
  a stone
(37, 15, D:2)
  5 poisoned darts
(39, 15, D:2)
  a +0 dagger
(41, 6, D:2)
  a +0 halberd
(42, 6, D:2)
  a +0 whip
  a +0 club
(49, 27, D:2)
  a +0 club

Level 3 of the Dungeon
(2, 31, D:3)
  a +0 ring mail
(12, 12, D:3)
  a +0 scimitar
(17, 14, D:3)
  a +0 chain mail
(23, 7, D:3)
  a +0 dagger
(30, 20, D:3)
  a +0 dagger
(34, 3, D:3)
  a +0 short sword
  a +0 leather armour
(36, 7, D:3)
  a +0 club
(37, -11, D:3)
  a +0 club
  a +0 ring mail
(37, 9, D:3)
  a +0 pair of gloves
(37, 16, D:3)
  a +0 chain mail
(40, -12, D:3)
  a +0 hand axe

Level 4 of the Dungeon
(0, 0, D:4)
  a +0 hand axe
(2, 40, D:4)
  a +0 scale mail
(7, 33, D:4)
  a +0 short sword
(11, 11, D:4)
  a +0 dagger
  4 stones
(17, 20, D:4)
  a +0 club
(22, 13, D:4)
  a +0 dagger
(22, 38, D:4)
  a +0 dagger
(39, 10, D:4)
  a +0 dagger
  a +0 robe
(39, 11, D:4)
  a +0 club
  a +0 leather armour
  a +0 mace
(39, 12, D:4)
  a +0 mace
  a +1 mace of venom
(39, 40, D:4)
  a +0 hand axe
(43, 46, D:4)
  a +0 hand axe
  a +0 ring mail
  a +0 hand axe
  a +0 leather armour
(44, 46, D:4)
  a +0 short sword
  a +0 dagger
  a +0 robe
(46, 32, D:4)
  8 stones
(47, 3, D:4)
  a +0 robe
(49, 46, D:4)
  a +0 hand axe
  a +0 scale mail
(53, 13, D:4)
  a +0 club
(58, 51, D:4)
  a +0 sling
(58, 57, D:4)
  a book of Geomancy
(59, 46, D:4)
  a +0 sling
(59, 58, D:4)
  5 stones
(60, 57, D:4)
  a +0 ring mail
(65, 47, D:4)
  5 boomerangs
(69, 53, D:4)
  a +2 dagger of draining
(69, 54, D:4)
  a +0 dagger
(70, 46, D:4)
  a +0 short sword
  a +0 animal skin
  a +0 helmet
  a +0 club
  a +0 club
  a +0 club
  a +0 sling
  a +0 dagger
  a +0 dagger
  a +0 club
  a +0 club
  a +0 club
  a +0 sling
(71, 46, D:4)
  a +0 club
(72, 46, D:4)
  a +0 club

Level 5 of the Dungeon
(0, 0, D:5)
  a +0 club
(3, 30, D:5)
  a +0 short sword
  a +0 leather armour
  the elf corpse of Duvessa
(6, 5, D:5)
  a +0 giant club
(8, -18, D:5)
  a +0 robe
(10, 11, D:5)
  a staff of earth
(14, 23, D:5)
  a +0 spear
  a +0 scale mail
  a gnoll corpse
(15, 23, D:5)
  a +2 vorpal flail
  a +0 halberd
  a +0 halberd
  a gnoll corpse
(16, 23, D:5)
  a +1 flail of holy wrath
  a +0 whip
(19, 14, D:5)
  a jackal corpse
(32, 12, D:5)
  a +0 club
(33, 15, D:5)
  a +0 hand axe
(36, 19, D:5)
  the +2 spear of Atoajueg {venom, rC- rN+ Will+ rCorr}
    It poisons the flesh of those it strikes.
    
    rC:        It makes you vulnerable to cold.
    rN:        It protects you from negative energy.
    rCorr:     It protects you from acid and corrosion.
    Will:      It increases your willpower.
(36, 22, D:5)
  a +0 spear

