code2828

Level 1 of the Dungeon
[Shop] Ryhu's Weapon Shoppe
  a +0 arbalest (63 gold)
  the +8 whip of Res Nullius {speed, rF+} (861 gold)
    Attacks with this weapon are significantly faster.
    
    rF:        It protects you from fire.
  7 stones (9 gold)
  the +6 sling of Pyromania {drain, Dex+2} (614 gold)
    A truly terrible weapon, it drains the life of any living foe it strikes.
    
    Dex:       It affects your dexterity (+2).
  8 stones (11 gold)
  2 poisoned darts (11 gold)
  the +10 shortbow "Beoxt" {drain, rF+} (971 gold)
    A truly terrible weapon, it drains the life of any living foe it strikes.
    
    rF:        It protects you from fire.
  a +2 sling of draining (205 gold)
  6 silver javelins (201 gold)
  the +4 quarterstaff "Zeluc" {flame, rPois rC- rN+++ Dex+2} (792 gold)
    It burns those it strikes, dealing additional fire damage.
    
    Dex:       It affects your dexterity (+2).
    rC:        It makes you vulnerable to cold.
    rPois:     It protects you from poison.
    rN:        It renders you almost immune to negative energy.
  a +0 spear (42 gold)
(0, 0, D:1)
  a potion of degeneration
(0, 5, D:1)
  7 stones
(0, 6, D:1)
  9 stones
(7, -2, D:1)
  17 gold pieces
(8, -6, D:1)
  a potion of resistance
(9, 6, D:1)
  a bat corpse
(10, -1, D:1)
  a +0 whip

