code2828

Level 1 of the Dungeon
(3, 49, D:1)
  a +0 club
(6, 42, D:1)
  a +0 dagger
(24, 10, D:1)
  a +0 club
(25, 2, D:1)
  a +0 dagger
(26, 27, D:1)
  a +0 club
(31, -4, D:1)
  a +0 sling
(36, 24, D:1)
  a +0 club
(41, 46, D:1)
  a +0 club
(45, 2, D:1)
  3 large rocks
(47, 33, D:1)
  2 stones
(49, 15, D:1)
  a +0 dagger
(52, 0, D:1)
  a +0 dagger
(53, 5, D:1)
  a +0 mace

Level 2 of the Dungeon
(0, 0, D:2)
  2 potions of flight
(5, 22, D:2)
  a +0 club
(8, -10, D:2)
  2 stones
(9, 11, D:2)
  a +0 dagger
(10, 7, D:2)
  a +0 club
  4 stones
(13, -23, D:2)
  a +0 dagger
(15, -7, D:2)
  a +0 robe
(16, -9, D:2)
  a +0 dagger
(18, -17, D:2)
  a +0 robe
(21, -18, D:2)
  a +0 trident
(27, 9, D:2)
  a +0 sling
(28, -14, D:2)
  a +0 leather armour
(34, 13, D:2)
  a staff of air
(47, -1, D:2)
  a +0 sling
(50, -12, D:2)
  a +0 dagger

Level 3 of the Dungeon
(0, 0, D:3)
  a +0 robe
(30, -39, D:3)
  6 stones
(33, -30, D:3)
  5 stones
(33, -29, D:3)
  a +0 club
(33, -20, D:3)
  a +0 spear
  a +0 leather armour
(43, 0, D:3)
  a +0 club
(46, -12, D:3)
  a +0 club
  a +0 dagger
(50, -6, D:3)
  2 stones
(54, 0, D:3)
  a potion of mutation
(58, -22, D:3)
  a +1 whip of draining

Level 4 of the Dungeon
(0, 0, D:4)
  4 large rocks
(6, 2, D:4)
  a +0 flail
(9, -1, D:4)
  a +0 club
  a +0 whip
  a +0 hand axe
  3 stones
  a +0 ring mail
(23, -7, D:4)
  a +0 robe
(25, -1, D:4)
  a +0 short sword
(27, -6, D:4)
  a +0 antimagic dagger
(27, -5, D:4)
  a +0 falchion
  5 poisoned darts
(27, -3, D:4)
  a +0 rapier
(31, -8, D:4)
  a +0 hand axe
(31, 38, D:4)
  a +0 club
(32, 24, D:4)
  a +0 dagger
(34, -17, D:4)
  a +0 giant club
  a +0 club
(35, 0, D:4)
  a +0 flail
  a +3 whip
  a +0 flail
  a +0 chain mail
  a +0 short sword
(38, 37, D:4)
  a +0 flail
(41, 8, D:4)
  a +0 whip
(41, 9, D:4)
  a +0 rapier
  a +0 leather armour of poison resistance
(41, 29, D:4)
  a +0 dagger
(43, 14, D:4)
  5 stones
(55, 2, D:4)
  a +0 hand axe
  a +2 leather armour of willpower
(63, 15, D:4)
  a scarf of harm

Level 5 of the Dungeon
[Shop] Niulliy's Book Emporium
  a book of Iron (432 gold)
  a book of Fire (360 gold)
  the Discourse on the Intoxicating Summer (552 gold)
    Spells                            Type                      Level
     a - Starburst                     Conjuration/Fire              6
     b - Eringya's Noxious Bog         Transmutation/Poison          6
     c - Ignition                      Fire                          8
  a book of Alchemy (336 gold)
  a book of Beasts (456 gold)
  a book of Winter (408 gold)
  Ozocubu's Autobiography (288 gold)
  a book of Decay (360 gold)
  a book of Debilitation (240 gold)
(0, 0, D:5)
  a +0 short sword
(2, -3, D:5)
  a +0 robe
(6, 14, D:5)
  a +0 sling
(11, 24, D:5)
  a +0 ring mail of willpower
  a +0 dagger
(14, 10, D:5)
  a +0 morningstar
(17, 16, D:5)
  a +0 short sword
  5 poisoned darts
(25, 37, D:5)
  a +0 ring mail
(26, 3, D:5)
  a potion of mutation
(34, 24, D:5)
  a +0 leather armour

Level 6 of the Dungeon
(10, 1, D:6)
  a +0 flail
  a +0 short sword
  a +0 robe
(27, -37, D:6)
  6 stones
(31, -32, D:6)
  a +0 ring mail
(34, -24, D:6)
  a +1 mace of draining
  a +0 robe
  a +0 dire flail
  a +0 robe
(38, -24, D:6)
  a +0 dagger
  a +0 chain mail
  a +0 dagger
  a +0 robe
  a +0 great sword
  a +0 robe
  a +0 mace
  a +0 leather armour
  a +0 club
  a +0 mace
  a +0 robe
(47, -28, D:6)
  a +0 dagger
  a +0 robe
(48, -12, D:6)
  a staff of conjuration
(50, -3, D:6)
  a +0 chain mail
(51, -28, D:6)
  a +0 dagger
  a +0 robe
(55, -28, D:6)
  a +0 dagger
  a +0 robe
(59, -35, D:6)
  a +0 robe (still there?)
  18 gold pieces (still there?)
  a +0 robe (still there?)
  a +5 hand axe (still there?)
  a +0 mace (still there?)
(60, -36, D:6)
  a +0 robe
  a +0 hand axe
  a bullfrog skeleton
(60, -34, D:6)
  a +0 robe
  a +2 dagger of freezing
  a +0 robe
  a +3 battleaxe of freezing
  a +0 flail

Level 7 of the Dungeon
[Shop] Nuqoib's Antique Armour Emporium
  (Shop contents are unknown)
(0, 0, D:7)
  a +0 ring mail
(1, 2, D:7)
  a +0 flail
  a +0 club
  an orc corpse
(1, 3, D:7)
  a +0 hand axe
  a +0 leather armour
(5, 17, D:7)
  a potion of resistance
(11, 17, D:7)
  a scroll of identify

the Ecumenical Temple
(11, -5, Temple)
  a +0 dagger
(13, -4, Temple)
  a +0 club

