code2828

Level 1 of the Dungeon
[Shop] Fyphuifu's Weapon Shoppe
  a +7 halberd of protection (585 gold)
  a +2 morningstar of venom (235 gold)
  5 stones (7 gold)
  a +0 short sword (42 gold)
  a +0 short sword (42 gold)
  a +0 whip (35 gold)
  6 stones (8 gold)
  a +0 great sword of protection (137 gold)
  5 stones (7 gold)
  9 stones (12 gold)
(0, 0, D:1)
  a +0 club
  2 stones
(6, 2, D:1)
  a +0 dagger
(10, -12, D:1)
  a +0 leather armour
(16, -19, D:1)
  a +0 club
(24, 15, D:1)
  a +0 club
(25, -6, D:1)
  a +0 dagger
(25, 29, D:1)
  6 stones
(28, 5, D:1)
  7 stones
(29, -16, D:1)
  a +0 short sword
(32, 24, D:1)
  a +0 robe
(48, 2, D:1)
  8 stones

Level 2 of the Dungeon
(0, 0, D:2)
  3 stones
(19, 6, D:2)
  a +0 ring mail
(22, 16, D:2)
  a +0 robe
(48, 36, D:2)
  a +0 ring mail
(49, 26, D:2)
  5 stones
(54, 32, D:2)
  a +1 dagger of venom

Level 3 of the Dungeon
(0, 0, D:3)
  a frilled lizard corpse (skeletalised by now)
(4, 10, D:3)
  9 stones
(10, 24, D:3)
  a quokka corpse
(12, 32, D:3)
  a +0 short sword
(17, 24, D:3)
  a +0 short sword
  5 stones
  a kobold corpse
(20, 11, D:3)
  a +0 flail
  a gnoll corpse
(20, 13, D:3)
  a +0 flail

