code2828

Level 1 of the Dungeon
(0, 0, D:1)
  a +0 whip
(1, 4, D:1)
  a +0 dagger
(2, -3, D:1)
  a +0 club
(4, 10, D:1)
  5 stones
(6, -10, D:1)
  a +0 whip
(12, 8, D:1)
  a +0 long sword
(13, -2, D:1)
  a +0 spear
(15, 1, D:1)
  a +0 robe
(18, 1, D:1)
  7 stones
(19, 0, D:1)
  a +0 dagger
(35, -1, D:1)
  a +0 whip
(41, 27, D:1)
  a ring of ice
(44, 20, D:1)
  a +0 dagger
(48, 16, D:1)
  a +0 flail

Level 2 of the Dungeon
(2, 12, D:2)
  a +0 spear
(5, -4, D:2)
  6 poisoned darts
(13, 7, D:2)
  a +0 scale mail
  a +0 hand axe
(19, 11, D:2)
  4 stones
  a +0 dagger
(23, 38, D:2)
  a +0 mace
(26, 31, D:2)
  a staff of conjuration
(29, 2, D:2)
  a scroll of amnesia
(32, 2, D:2)
  3 stones
(36, 16, D:2)
  a +0 club

Level 3 of the Dungeon
[Shop] Pusomiod's Magic Scroll Emporium
  a scroll of identify (26 gold)
  a scroll of identify (26 gold)
  a scroll of noise (13 gold)
  a scroll of enchant weapon (97 gold)
  a scroll of fog (52 gold)
  a scroll of identify (26 gold)
  a scroll of magic mapping (97 gold)
(0, 0, D:3)
  a +3 quarterstaff of chaos
(1, 3, D:3)
  a +0 hammer
(6, -22, D:3)
  3 stones
(11, 2, D:3)
  a +0 scale mail
(17, -5, D:3)
  5 stones
(19, -18, D:3)
  a +0 dagger
(27, -27, D:3)
  a +0 robe
(27, -25, D:3)
  a +0 hand axe
(37, 18, D:3)
  2 stones
(42, -23, D:3)
  a +0 scythe
  a +0 robe
(42, -17, D:3)
  a +0 ring mail
(44, -15, D:3)
  a +0 dagger
(47, -20, D:3)
  a +0 dagger
  a +0 leather armour

Level 4 of the Dungeon
(0, 0, D:4)
  a +0 helmet
(1, -3, D:4)
  a +0 whip
(4, -8, D:4)
  a +0 dagger
(10, -1, D:4)
  a +0 leather armour
(20, -1, D:4)
  a +0 club
  a +0 plate armour
(20, 11, D:4)
  a +0 long sword
(21, -13, D:4)
  a +0 short sword
  a +0 leather armour
(24, 21, D:4)
  8 stones
(28, 5, D:4)
  a +0 short sword
  a stone
(29, -28, D:4)
  a +0 robe
(31, 4, D:4)
  a +0 whip
(38, -14, D:4)
  a +0 dagger
  a +0 robe
(42, -16, D:4)
  a +0 trident

Level 5 of the Dungeon
(0, 0, D:5)
  a +0 hand axe
(1, 2, D:5)
  a +0 whip
  a +0 leather armour
(2, 2, D:5)
  a +0 hand axe
(3, 2, D:5)
  a +0 hand axe
  a +0 leather armour
(13, 2, D:5)
  a +0 shortbow
(23, 25, D:5)
  a +0 dagger
(28, -12, D:5)
  a +0 dagger
(28, 10, D:5)
  15 gold pieces
(30, 18, D:5)
  a +0 short sword
  a +0 robe
(31, -12, D:5)
  a +0 quarterstaff
(37, 12, D:5)
  a +0 club
(38, 8, D:5)
  a +0 hand axe

Level 6 of the Dungeon
(0, 0, D:6)
  a +0 leather armour
(17, -11, D:6)
  a +0 club
(17, 36, D:6)
  an iguana corpse
(19, 22, D:6)
  6 stones
(35, 24, D:6)
  a +0 shortbow
  a centaur corpse (skeletalised by now)
(38, -5, D:6)
  a +0 giant spiked club
  an ogre corpse (skeletalised by now)
(46, 3, D:6)
  a +0 flail
(47, 17, D:6)
  a hound corpse (skeletalised by now)
(47, 21, D:6)
  a +0 rapier
  a +0 leather armour
  the human corpse of Eustachio (skeletalised by now)
(52, 15, D:6)
  a +0 giant club

