code2828

Level 1 of the Dungeon
[Shop] Buxter's Book Emporium
  a book of Armaments (360 gold)
  a book of Stone (360 gold)
  a book of Dreams (280 gold)
  a book of the Tundra (340 gold)
  a book of Changes (180 gold)
  a book of Touch (260 gold)
  a book of Minor Magic (180 gold)
  a book of the Moon (400 gold)
  a book of Frost (220 gold)
  a book of Party Tricks (300 gold)
(12, 1, D:1)
  a +0 rapier
(14, -36, D:1)
  21 stones
(19, 10, D:1)
  a +0 animal skin
(24, -1, D:1)
  33 stones
(29, 14, D:1)
  14 stones
(30, 0, D:1)
  26 arrows
(32, 10, D:1)
  17 stones

Level 2 of the Dungeon
(0, 0, D:2)
  a +0 robe
(8, -7, D:2)
  a +0 whip
  a +0 halberd
(9, -7, D:2)
  a +0 spear
(12, -17, D:2)
  a +0 club
(30, 27, D:2)
  7 poisoned darts
(32, 17, D:2)
  a +0 dagger
(32, 21, D:2)
  16 stones
  a +0 dagger
  a +0 hunting sling
(34, -5, D:2)
  a +0 hunting sling
(40, -11, D:2)
  a +0 dagger
(42, 13, D:2)
  17 arrows
(51, 12, D:2)
  a +0 club
(57, 1, D:2)
  a +0 trident
(58, 14, D:2)
  a +0 flail
(58, 24, D:2)
  a +0 short sword

Level 3 of the Dungeon
(0, 0, D:3)
  26 stones
(2, 1, D:3)
  a jackal corpse (skeletalised by now)
  a jackal corpse (skeletalised by now)
(6, 6, D:3)
  a +0 scale mail
(9, 8, D:3)
  a +0 dagger
  4 stones
  a kobold corpse (skeletalised by now)
(13, 28, D:3)
  26 arrows
(21, 33, D:3)
  33 bolts
(24, 38, D:3)
  a +0 quarterstaff
(27, 38, D:3)
  a +0 club
  a +0 leather armour
  a +0 whip
  a +0 scale mail
(28, 39, D:3)
  a +0 club
  a +0 dagger of venom
  a +0 robe
  a +0 hand axe
  a +0 ring mail
  a +0 hand axe
  a +0 leather armour
  a +0 dagger
  a +0 robe
(35, 19, D:3)
  a +0 whip
(36, 19, D:3)
  a +0 dagger
(36, 41, D:3)
  a +0 hand axe
(36, 42, D:3)
  a +0 hand axe
  a +0 dagger
  a +0 robe
(41, 12, D:3)
  a +0 spear
(41, 32, D:3)
  a +0 ring mail
(48, 3, D:3)
  25 stones
(51, 20, D:3)
  a +0 ring mail

Level 4 of the Dungeon
(0, 0, D:4)
  a giant cockroach corpse

