code2828

Level 1 of the Dungeon
[Shop] Nyurchiu's Weapon Emporium
  3 poisoned darts (12 gold)
  a +0 sling (15 gold)
  a +0 hand axe (30 gold)
  5 stones (5 gold)
  9 stones (9 gold)
  4 stones (4 gold)
  a +0 vorpal flail (72 gold)
  a +2 vorpal long sword (172 gold)
  a +2 vampiric spear (210 gold)
  a +0 club (10 gold)
(0, 0, D:1)
  a +0 leather armour
(14, -5, D:1)
  a +0 club
  a +0 club
(14, -2, D:1)
  a +0 dagger
(15, 2, D:1)
  4 stones
(15, 25, D:1)
  a +0 leather armour
  a +0 robe
(16, 17, D:1)
  8 stones
(21, 5, D:1)
  a rat corpse (skeletalised by now)
(22, 25, D:1)
  a +0 short sword
(23, 7, D:1)
  a rat corpse (skeletalised by now)
(29, 5, D:1)
  a +0 club
(30, 3, D:1)
  8 stones
(30, 27, D:1)
  a +0 plate armour
(31, 2, D:1)
  5 javelins
(33, 7, D:1)
  5 stones
(34, 7, D:1)
  8 stones
(37, 12, D:1)
  a +0 club
  a +0 dagger
(42, 21, D:1)
  a +0 whip
(43, -5, D:1)
  a +0 club
(44, -11, D:1)
  a +0 short sword

Level 2 of the Dungeon
(0, 0, D:2)
  a +0 mace
(0, 20, D:2)
  a +0 short sword
(2, 6, D:2)
  an amulet of faith
(3, 0, D:2)
  a +0 short sword
  a kobold corpse (skeletalised by now)
(4, 1, D:2)
  a +0 scythe
  a +0 robe
(5, 28, D:2)
  a +1 helmet
  (unseen)
(7, -1, D:2)
  a +0 whip
(13, -1, D:2)
  a +0 scale mail
(13, 5, D:2)
  a +0 war axe

