code2828

Level 1 of the Dungeon
(0, 0, D:1)
  a +0 robe
(12, 21, D:1)
  a +0 leather armour
(12, 29, D:1)
  2 stones
(13, -16, D:1)
  a +0 club
(14, -7, D:1)
  a +0 mace
(17, 27, D:1)
  a +0 dagger
(20, -12, D:1)
  a +0 whip
(20, -9, D:1)
  a +0 dagger
(23, 17, D:1)
  a +0 club
(25, -10, D:1)
  6 stones
(33, -1, D:1)
  a +1 dagger of freezing
(34, -19, D:1)
  a +0 short sword
  2 stones
(34, 15, D:1)
  a +0 club
(37, 13, D:1)
  a +0 short sword
(38, 0, D:1)
  a +0 short sword
(50, -2, D:1)
  a +0 club
(53, -7, D:1)
  a +0 dagger

Level 2 of the Dungeon
(0, 0, D:2)
  a +0 mace
(18, -1, D:2)
  a +0 club
  a +0 sling
(18, 2, D:2)
  a +0 club
  a +0 dagger
  a +0 dagger
  a +0 club
  a +0 chain mail
(18, 3, D:2)
  a +0 spear
  a +0 animal skin
  a +0 helmet
  a +0 club
  4 stones
  a +0 dagger
(18, 4, D:2)
  a +0 dagger
  a +0 club
(18, 6, D:2)
  a +0 club
(24, 5, D:2)
  a +0 club
(29, -3, D:2)
  a +0 ring mail
(36, 17, D:2)
  a +0 dagger
  5 stones
(36, 51, D:2)
  4 stones

Level 3 of the Dungeon
(0, 2, D:3)
  a +0 rapier
(0, 4, D:3)
  a +0 club
(2, -22, D:3)
  a +0 lajatang
(5, -16, D:3)
  a +0 club
(5, -9, D:3)
  a +0 robe
  a +2 spear of freezing
(6, 3, D:3)
  4 stones
(7, 15, D:3)
  a +0 club
(8, -16, D:3)
  a +0 leather armour
  a +0 club
(11, -9, D:3)
  a +0 ring mail
(13, 5, D:3)
  a potion of flight
(24, 0, D:3)
  a +0 robe
(27, -20, D:3)
  a +0 leather armour
(31, -10, D:3)
  a +0 whip
(33, -13, D:3)
  6 stones
(38, -26, D:3)
  a +0 war axe
(39, -27, D:3)
  a +0 leather armour
  a +0 dagger

Level 4 of the Dungeon
(0, 0, D:4)
  a +0 arbalest
(6, -1, D:4)
  6 stones
(9, 13, D:4)
  a +0 scale mail
(13, -15, D:4)
  2 boomerangs
  a +0 falchion
(13, 13, D:4)
  a +0 leather armour
  a +0 flail
(14, -16, D:4)
  a +0 pair of gloves
(15, -17, D:4)
  a +0 leather armour
  a +0 dagger
  a potion of flight
(28, -28, D:4)
  a potion of flight
(31, -7, D:4)
  a +0 dagger
  a +3 leather armour
(32, 8, D:4)
  2 stones
  a +0 short sword
(37, -17, D:4)
  a +0 dagger
(40, -18, D:4)
  an orb of light
(40, -17, D:4)
  a +0 dagger

Level 5 of the Dungeon
(0, 0, D:5)
  a +0 whip
(3, -3, D:5)
  a +0 flail
(5, -5, D:5)
  a +0 leather armour
(6, 39, D:5)
  a +0 long sword
(11, 18, D:5)
  a +0 robe
(16, 43, D:5)
  a +0 short sword
(21, 38, D:5)
  a +4 rapier
(34, 19, D:5)
  a +0 whip
(36, 16, D:5)
  a +0 club
(40, 21, D:5)
  a +1 vampiric spear
  a +0 scale mail
(40, 43, D:5)
  a +0 robe
  a +0 long sword
(48, 17, D:5)
  a +0 robe
(50, 49, D:5)
  a +0 shortbow
(54, 21, D:5)
  a +0 spear
(64, 33, D:5)
  a +0 dagger
  a +0 spear
(64, 35, D:5)
  a +0 hand axe

Level 6 of the Dungeon
[Shop] Odurr's Antique Armour Shop
  a +0 chain mail of willpower (241 gold)
  a +0 scale mail (84 gold)
  a +0 pair of boots (94 gold)
  a +0 scale mail (84 gold)
  a +0 scale mail (84 gold)
  a +0 ring mail (84 gold)
  a +0 chain mail (94 gold)
(0, 0, D:6)
  a +1 leather armour of poison resistance
(4, -35, D:6)
  a +0 club
(4, -21, D:6)
  a +0 giant club
(10, -29, D:6)
  a +3 vorpal hand axe
  a +0 leather armour
(11, -29, D:6)
  a +0 giant club
(18, -13, D:6)
  a +0 short sword
  2 boomerangs
(19, -15, D:6)
  a +0 robe
  a +0 whip of freezing
(20, -35, D:6)
  a +0 ring mail
(20, -17, D:6)
  a +0 leather armour
  a +3 rapier
(28, -25, D:6)
  a +0 whip
(28, -24, D:6)
  a +0 dagger
  a +0 robe
(29, -28, D:6)
  a +0 whip
(30, -29, D:6)
  a +0 short sword
(39, -28, D:6)
  a +0 shortbow
(40, -34, D:6)
  a +0 flail of protection
  a +0 scale mail
(40, -8, D:6)
  the +1 leather armour "Seshram" {rElec rC+}
    rC:        It protects you from cold.
    rElec:     It insulates you from electricity.
(41, -35, D:6)
  2 stones
(52, -11, D:6)
  a +2 vorpal scimitar
  +0 acid dragon scales
(55, -9, D:6)
  a +0 robe

Level 7 of the Dungeon
(0, 0, D:7)
  a +0 club
(0, 2, D:7)
  a +0 club
(0, 3, D:7)
  a +0 whip
(7, -35, D:7)
  a +0 war axe
(11, -8, D:7)
  a +0 hand axe
  a +0 leather armour
  a +0 short sword
  a +0 ring mail
  a +0 scimitar
  a +0 chain mail
(12, -28, D:7)
  a +0 dagger
  a +0 robe
  a +0 hand axe
(12, -27, D:7)
  a +0 club
(15, -12, D:7)
  a +0 hand axe
(16, -14, D:7)
  a +0 club
(19, -32, D:7)
  a +0 dagger
  a +0 robe of willpower
(20, 15, D:7)
  a +0 falchion
(26, 18, D:7)
  4 javelins
(31, -32, D:7)
  a +0 spear
(31, -14, D:7)
  a +0 dagger
(31, -12, D:7)
  a +0 dagger
  a +0 dagger
(32, -33, D:7)
  a +0 whip
(32, -14, D:7)
  a +0 dagger
(32, -13, D:7)
  a +0 dagger
(32, -12, D:7)
  a +0 hand axe
  a +0 dagger
(33, -31, D:7)
  a +0 trident
  a +0 scale mail
  a +0 trident
(33, 15, D:7)
  a +0 ring mail
(34, -31, D:7)
  a +0 halberd
  a +0 spear
(35, -32, D:7)
  6 stones
(35, -3, D:7)
  a +0 robe
(43, -30, D:7)
  a +0 club
(46, -22, D:7)
  a +0 rapier
  a +0 leather armour
(46, -18, D:7)
  a +0 whip
(52, -28, D:7)
  a +0 dagger
  a +0 robe

Level 8 of the Dungeon
(0, 0, D:8)
  a +3 long sword of freezing
  a +0 robe
  a +4 halberd
  a +0 robe
(0, 1, D:8)
  a +4 flail
  a +0 robe
(0, 3, D:8)
  a +0 scimitar
  a +0 robe
(1, 3, D:8)
  a +0 short sword
  a +0 flail
  a +0 robe
(2, 2, D:8)
  a +0 trident
  a +0 short sword
  a curare-tipped dart
  a +0 whip
(3, 2, D:8)
  a +0 club
  a +0 dagger
(4, 2, D:8)
  a +0 short sword
  a +0 dagger
  4 stones
  a +0 dagger
  a +0 leather armour
(5, 2, D:8)
  a +0 short sword
(7, 2, D:8)
  a +0 short sword
  2 stones
(21, 22, D:8)
  a +0 hand axe
  a +0 ring mail of cold resistance
(21, 28, D:8)
  a +0 chain mail
(22, 22, D:8)
  a +0 dagger
  a +0 robe
(26, 31, D:8)
  a +0 troll leather armour
(33, 30, D:8)
  a +0 flail
(37, 14, D:8)
  a +0 dagger
(42, 23, D:8)
  5 boomerangs
(43, 19, D:8)
  a +0 dire flail
  a +0 robe
  a +3 dagger
  a +0 robe
  a +1 mace
  a +0 robe
(43, 20, D:8)
  a +0 battleaxe
  a +0 robe
(43, 21, D:8)
  a +0 scale mail

Level 9 of the Dungeon
(1, 16, D:9)
  a +0 dagger
  a +0 robe
(2, 16, D:9)
  a +0 dagger
  a +0 robe
(3, 15, D:9)
  a +0 trident
  a +0 arbalest
  a +0 plate armour
(3, 16, D:9)
  a +0 hand axe
  a +0 leather armour
(16, 10, D:9)
  a +0 spear
(17, 32, D:9)
  a +0 whip
(18, 3, D:9)
  a +0 club
(18, 5, D:9)
  a +0 whip
  a +1 robe of willpower
(19, 6, D:9)
  a +0 spear
(19, 27, D:9)
  a +0 dagger
(19, 30, D:9)
  a +0 short sword
(19, 31, D:9)
  a +0 short sword
  a +0 whip
(22, 14, D:9)
  a +1 chain mail of willpower
(28, 19, D:9)
  a +0 club
(34, 29, D:9)
  a +0 flail
(35, 29, D:9)
  a +0 chain mail
  a +0 long sword
(38, 19, D:9)
  a +0 club
(38, 30, D:9)
  7 stones
(48, 27, D:9)
  a +0 shortbow
(51, 25, D:9)
  a +0 falchion

Level 10 of the Dungeon
(0, 0, D:10)
  2 stones
(5, 12, D:10)
  a +0 short sword
  3 stones
  a +0 short sword
(7, -38, D:10)
  6 stones
(8, 10, D:10)
  a +0 dagger
(8, 11, D:10)
  a +1 short sword of speed
  a kobold corpse (skeletalised by now)
(9, 12, D:10)
  a +0 short sword
(10, 12, D:10)
  a +0 dagger
  a +0 short sword
  4 stones
  a kobold corpse (skeletalised by now)
  a kobold corpse (skeletalised by now)
(14, -29, D:10)
  9 gold pieces
(16, -30, D:10)
  a scroll of fear
(17, -30, D:10)
  a potion of lignification
(18, -16, D:10)
  a +0 shortbow
  a +0 long sword
  8 gold pieces
(21, -33, D:10)
  25 gold pieces
(22, -36, D:10)
  a +0 club
(23, 12, D:10)
  a yak corpse (skeletalised by now)
  a yak corpse (skeletalised by now)
  a yak corpse (skeletalised by now)
(24, -34, D:10)
  a +2 vampiric whip
(24, 12, D:10)
  a yak corpse (skeletalised by now)
(31, -35, D:10)
  a +0 halberd
(31, -34, D:10)
  a +2 vampiric spear
  a +0 scale mail
(31, -33, D:10)
  a +0 whip of freezing
(31, 12, D:10)
  a +0 shortbow
(34, -34, D:10)
  7 stones
(35, 3, D:10)
  a +0 shortbow
  a centaur corpse
(44, -5, D:10)
  a +0 robe
(49, -20, D:10)
  a +0 giant club
  a +0 giant club

the Ecumenical Temple

