code2828

Level 1 of the Dungeon
(0, 0, D:1)
  a +0 dagger
(7, -11, D:1)
  a +0 leather armour
(19, -4, D:1)
  a +0 ring mail
(21, 20, D:1)
  a +0 dagger
(22, 12, D:1)
  7 stones
(30, -2, D:1)
  5 stones
(32, -26, D:1)
  a +0 ring mail
(33, -31, D:1)
  a +0 ring mail
(49, -11, D:1)
  a +0 whip
(51, -5, D:1)
  4 boomerangs
(52, 11, D:1)
  3 stones

Level 2 of the Dungeon
(0, 0, D:2)
  a +0 short sword
(22, 13, D:2)
  a +0 dagger
(46, 1, D:2)
  6 stones
(49, 18, D:2)
  a +0 dagger

Level 3 of the Dungeon
(0, 0, D:3)
  a +0 short sword
  a stone
(2, -26, D:3)
  a +0 club
  a +0 short sword
(5, -54, D:3)
  a +0 sling
(9, -42, D:3)
  7 stones
(24, -32, D:3)
  a +0 trident
(25, -31, D:3)
  a +0 whip
  2 boomerangs
  a +0 scale mail
  a +0 flail
(39, -32, D:3)
  a +0 club

Level 4 of the Dungeon
(0, 0, D:4)
  a +1 flail of protection
(3, -13, D:4)
  a +0 short sword
(6, -5, D:4)
  a +0 club
(14, -18, D:4)
  a +0 spear
(14, -17, D:4)
  a +0 whip
  a +0 club
(23, 14, D:4)
  a +0 flail
  a +0 club
  a +0 leather armour
(24, 14, D:4)
  a +0 whip
(25, 14, D:4)
  a +0 spear
  a +0 heavy spear
(27, 11, D:4)
  a +0 spear
(29, -31, D:4)
  a +0 falchion
(33, -24, D:4)
  a +0 giant club
(34, -34, D:4)
  a +0 dagger
(45, -32, D:4)
  a potion of degeneration
(45, -31, D:4)
  a +0 leather armour
(50, 9, D:4)
  a +0 dagger
(52, 1, D:4)
  8 stones

Level 5 of the Dungeon
[Shop] Pameriwu's Magic Scroll Shoppe
  a scroll of noise (11 gold)
  a scroll of enchant armour (82 gold)
  a scroll of fear (44 gold)
  a scroll of fear (44 gold)
  a scroll of enchant armour (82 gold)
  a scroll of torment (104 gold)
  a scroll of immolation (44 gold)
(5, 4, D:5)
  7 stones
(14, -36, D:5)
  a +0 hand axe
  a boomerang
(18, -30, D:5)
  11 gold pieces
(18, -29, D:5)
  14 gold pieces
(20, -28, D:5)
  15 gold pieces
(20, -9, D:5)
  a +0 leather armour
(20, -7, D:5)
  a +0 falchion
(22, -31, D:5)
  8 gold pieces
(22, -30, D:5)
  17 gold pieces
(29, -9, D:5)
  a +0 long sword
(35, -11, D:5)
  a +0 dagger
  a +0 chain mail
  a +0 dagger of electrocution
  a +0 robe
  a +0 flail
  a +0 dagger
  a +0 robe
(36, -24, D:5)
  6 stones
(36, -15, D:5)
  a +0 flail
(41, -35, D:5)
  a +0 leather armour
(47, -42, D:5)
  a +0 dagger
(50, -32, D:5)
  Sif Muna's Compilation of the Singularity
    Spells                            Type                      Level
     a - Apportation                   Translocation                 1
  (unseen)
(50, -31, D:5)
  Sif Muna's Quarto of Evolution
    Spells                            Type                      Level
     a - Beastly Appendage             Transmutation                 1
  (unseen)
(50, -30, D:5)
  Sif Muna's Folio of the Caves
    Spells                            Type                      Level
     a - Sandblast                     Earth                         1
  (unseen)

Level 6 of the Dungeon
(0, 19, D:6)
  4 stones
(13, 2, D:6)
  a +0 war axe
(17, -14, D:6)
  a +0 ring mail
(28, -3, D:6)
  a +0 dagger
(32, 27, D:6)
  8 stones
(33, 25, D:6)
  a +0 club
  a +0 ring mail
(35, -10, D:6)
  a +0 spear
(35, 27, D:6)
  a +0 leather armour
(41, -2, D:6)
  a +0 falchion
(41, -1, D:6)
  a +0 hand axe
(41, 0, D:6)
  a +0 leather armour
  a +2 dagger of venom
(41, 4, D:6)
  a +0 halberd
(42, 3, D:6)
  a +0 scale mail
  a +0 trident of venom
(43, 2, D:6)
  a +0 whip
  a +0 whip
(44, 2, D:6)
  a +0 flail
(51, 8, D:6)
  a +0 shortbow
(51, 11, D:6)
  a +0 leather armour
  a +0 hand axe

Level 7 of the Dungeon
(0, 0, D:7)
  a +0 dagger
(2, -7, D:7)
  a +0 scale mail
  a +0 club
(3, -53, D:7)
  a ring of positive energy
(3, -9, D:7)
  a +0 robe
  a +0 dagger
  a +0 robe
  a +0 dagger
(3, -7, D:7)
  a +0 leather armour
  a +0 hand axe
(7, -34, D:7)
  a +3 flail of holy wrath
(11, -26, D:7)
  a +0 rapier
(12, -1, D:7)
  3 poisoned darts
(13, -40, D:7)
  a +0 sling
(14, -42, D:7)
  a +0 ring mail
(17, -38, D:7)
  a ring of fire
(19, -51, D:7)
  a +0 robe
(19, -40, D:7)
  a +0 robe
  a +0 dagger
(19, -2, D:7)
  a +0 flail
(28, -40, D:7)
  a +0 falchion
(33, -10, D:7)
  a +0 chain mail
(35, -16, D:7)
  a +0 leather armour
(42, -47, D:7)
  4 stones
(42, -12, D:7)
  a +0 war axe
(45, -49, D:7)
  a +0 chain mail

Level 8 of the Dungeon
(1, 3, D:8)
  a +0 morningstar
(5, 2, D:8)
  2 curare-tipped darts
(6, -43, D:8)
  +0 steam dragon scales
(7, -38, D:8)
  3 stones
(10, 2, D:8)
  a +0 club
(11, 1, D:8)
  a +0 short sword
(11, 2, D:8)
  a +0 hand axe
(15, -26, D:8)
  a +0 mace
(16, -16, D:8)
  a +0 dagger
  3 poisoned darts
(16, -15, D:8)
  a +0 whip
  a +0 dagger
  a +0 club
  a +0 short sword
  10 stones
(16, -13, D:8)
  a +0 short sword
  7 poisoned darts
(19, -12, D:8)
  a +0 short sword
  6 poisoned darts
(27, 8, D:8)
  a +2 robe of cold resistance
  4 boomerangs
  a +0 robe
  a +4 short sword
(27, 9, D:8)
  a +3 dire flail
  a +0 robe
  a +0 robe
  a +3 great sword
(30, -6, D:8)
  a scroll of fog
(31, -6, D:8)
  17 gold pieces
(38, -30, D:8)
  a +0 dagger
(42, -1, D:8)
  6 stones
(46, -5, D:8)
  a +0 trident
  a +0 ring mail
(46, -3, D:8)
  a +0 falchion
(47, -6, D:8)
  a +0 hand axe
  a +0 whip
  a +0 ring mail

Level 9 of the Dungeon
(0, 0, D:9)
  a scroll of identify
(2, -19, D:9)
  a +0 broad axe
(4, 3, D:9)
  a +0 chain mail
(8, 17, D:9)
  a +0 shortbow
(9, 25, D:9)
  a +0 flail
(11, -16, D:9)
  a +0 halberd
  a +0 robe
(11, -14, D:9)
  a +5 flail
  a +0 robe
(14, -10, D:9)
  9 stones
(16, -10, D:9)
  5 stones
(21, -9, D:9)
  a +0 short sword of speed
(27, -14, D:9)
  a +0 trident
(36, -17, D:9)
  a +0 flail
(37, -18, D:9)
  a +0 short sword
  a +0 plate armour
  a +0 falchion
  a +0 chain mail
(43, 22, D:9)
  3 stones
(44, 19, D:9)
  a +0 flail
  a +0 club
  a gnoll corpse (skeletalised by now)
  an orc corpse (skeletalised by now)
(44, 20, D:9)
  a +0 whip
  a +0 robe
  a +1 dagger of flaming
  a +0 robe
  a +0 spear
  a +0 spear
  an orc corpse (skeletalised by now)
  a gnoll corpse (skeletalised by now)
  a gnoll corpse (skeletalised by now)
(44, 21, D:9)
  a +0 club
  a +0 hand axe
  a +0 leather armour
  a gnoll corpse (skeletalised by now)
  an orc corpse (skeletalised by now)
(45, -26, D:9)
  4 stones
(45, 21, D:9)
  a +0 flail
(50, -2, D:9)
  a +0 shortbow
(56, -25, D:9)
  a +0 leather armour
(57, -2, D:9)
  a +0 short sword
  a +0 robe
  a +0 battleaxe
  a +0 robe
  a +3 mace
  a +0 robe

