code2828

Level 1 of the Dungeon
(0, 0, D:1)
  a +0 dagger
(8, -20, D:1)
  5 stones
(11, 15, D:1)
  a +0 club
(43, -10, D:1)
  a +0 short sword
(46, 18, D:1)
  a +0 robe
(54, -12, D:1)
  a +0 club
(55, -22, D:1)
  a +0 club

Level 2 of the Dungeon
(0, 0, D:2)
  a +0 dagger
  2 stones
(12, 8, D:2)
  a +0 chain mail
(20, 24, D:2)
  a +0 ring mail
  a +0 club
(29, -9, D:2)
  6 poisoned darts
(38, 10, D:2)
  a +0 ring mail
(47, 16, D:2)
  4 stones

Level 3 of the Dungeon
(1, 39, D:3)
  a +0 scale mail
(2, 30, D:3)
  a +0 spear
(5, 28, D:3)
  4 stones
(9, 36, D:3)
  a +0 short sword
  a +0 chain mail
(13, 38, D:3)
  a +0 ring mail
  a +0 hand axe
(14, 38, D:3)
  a +0 leather armour
  a +0 club
  a +0 leather armour
  a +0 club
(15, 35, D:3)
  2 stones
(15, 41, D:3)
  a +0 leather armour
(21, 29, D:3)
  a +0 ring mail
(23, 40, D:3)
  a +0 club
(24, 8, D:3)
  a +0 whip
(33, 13, D:3)
  6 stones
(33, 39, D:3)
  a +0 dagger
(37, 19, D:3)
  a +0 hand axe
(42, 12, D:3)
  2 poisoned darts
(43, 5, D:3)
  a +0 flail
(43, 23, D:3)
  a +0 short sword
  3 boomerangs
  a +0 club
  5 stones
  a +0 club
  a +0 club
  a +0 robe
(45, 11, D:3)
  6 stones
(45, 20, D:3)
  a ring of ice

Level 4 of the Dungeon
(0, 0, D:4)
  a +0 dagger
(1, 0, D:4)
  a +0 trident
  a +0 robe
  a +1 whip of freezing
(1, 1, D:4)
  a +0 leather armour
  a boomerang
  a +0 mace
(1, 2, D:4)
  a +0 club
(4, 33, D:4)
  3 stones
  a +0 short sword
(8, 14, D:4)
  a +0 robe
  a +0 dagger
  a +0 leather armour
  a +0 club
  a +0 leather armour
  a +0 dagger
(8, 15, D:4)
  a +0 flail
(8, 23, D:4)
  a +0 robe
  a +0 trident
(18, -1, D:4)
  4 stones
(25, 4, D:4)
  a +0 club
  7 stones
(26, 17, D:4)
  a +0 club
  a +0 leather armour
(27, 17, D:4)
  a +0 dagger
  a +0 robe
(28, 16, D:4)
  a +0 mace
  a +0 mace
  a +0 giant spiked club
(33, 26, D:4)
  5 stones
(42, -1, D:4)
  a +0 robe
(47, 25, D:4)
  a +3 short sword
  a +0 leather armour
(48, 25, D:4)
  a +0 dagger
  a +0 robe
(49, -2, D:4)
  a +0 leather armour
(49, 33, D:4)
  a +0 ring mail

Level 5 of the Dungeon
[Shop] Fiwiy's Magic Scroll Shoppe
  a scroll of vulnerability (60 gold)
  a scroll of enchant armour (112 gold)
  a scroll of immolation (60 gold)
  a scroll of immolation (60 gold)
(23, 1, D:5)
  a +0 dagger
(26, 30, D:5)
  a +0 giant club
(36, 28, D:5)
  6 stones
(39, 0, D:5)
  a +0 mace
(59, -12, D:5)
  a +0 quarterstaff
(63, -7, D:5)
  a +0 falchion

Level 6 of the Dungeon
(11, 10, D:6)
  a +0 hand axe
(26, 33, D:6)
  a +2 leather armour of fire resistance
(26, 39, D:6)
  a +0 morningstar
(28, -8, D:6)
  a +0 sling
(31, -4, D:6)
  a +0 flail
(32, -4, D:6)
  a +0 flail
(32, 0, D:6)
  a +0 giant club
(36, 9, D:6)
  a +0 giant club
(48, -9, D:6)
  a +0 giant club
(50, -12, D:6)
  6 poisoned darts
(57, 29, D:6)
  a +0 trident
  a +0 leather armour
(57, 30, D:6)
  a +0 falchion
  a +0 leather armour
(58, 45, D:6)
  a +0 rapier

Level 7 of the Dungeon
[Shop] Jurous's General Store
  a +0 leather armour (24 gold)
  a +0 plate armour (276 gold)
  a +0 mace (36 gold)
  a wand of mindburst (18) (302 gold)
  a scroll of vulnerability (48 gold)
  a +1 quarterstaff of distortion (204 gold)
  a +0 battleaxe (78 gold)
  a scroll of poison (48 gold)
  8 stones (9 gold)
  3 atropa-tipped darts (21 gold)
(0, 0, D:7)
  a +0 shortbow
(1, 0, D:7)
  +0 swamp dragon scales
  a +1 heavy broad axe
(8, -32, D:7)
  a +1 hat
(12, 1, D:7)
  8 stones
(15, -6, D:7)
  a +0 flail
(24, -30, D:7)
  a +3 scimitar
  a +0 robe
  a +0 falchion
  a +0 robe
(25, -21, D:7)
  7 stones
(28, -45, D:7)
  a +0 robe
(30, -33, D:7)
  2 poisoned darts
(33, -46, D:7)
  a +0 rapier
(34, -10, D:7)
  a +0 shortbow
(35, -14, D:7)
  a +0 robe
  a +0 flail
(41, -26, D:7)
  a +0 falchion
  a +0 ring mail
(44, -50, D:7)
  2 stones
(46, -26, D:7)
  +0 steam dragon scales
  a +0 scimitar
  a +0 robe

Level 8 of the Dungeon
[Shop] Sasicezo's Gadget Gallery
  a wand of flame (8) (67 gold)
  a piece from Xom's chessboard (15/15) (240 gold)
  a piece from Xom's chessboard (15/15) (240 gold)
  a lightning rod (4/4) (360 gold)
  a wand of flame (5) (42 gold)
  a wand of roots (4) (115 gold)
  a piece from Xom's chessboard (15/15) (240 gold)
  a box of beasts (480 gold)
(0, 0, D:8)
  a +2 scythe of freezing
  a +0 scale mail
(1, 0, D:8)
  a +0 spear
  a +0 flail
(2, -32, D:8)
  the +1 leather armour of Tomorrow {rCorr Int+5}
    Int:       It affects your intelligence (+5).
    rCorr:     It protects you from acid and corrosion.
(3, 0, D:8)
  a +0 halberd
(11, -6, D:8)
  +0 acid dragon scales
(12, -6, D:8)
  a +0 dagger
  a +0 robe
(13, -15, D:8)
  a +1 ring mail of poison resistance
(13, -7, D:8)
  a +0 short sword
  a +0 chain mail
(24, -11, D:8)
  a +0 sling
  a +0 club
  a +0 leather armour
(25, -28, D:8)
  6 stones
(35, -4, D:8)
  a +0 hand axe
  a +0 club
(36, -4, D:8)
  a +0 falchion
(37, -4, D:8)
  a +0 falchion
  a +0 leather armour
(42, -27, D:8)
  a +0 short sword
  a +0 leather armour
(47, -22, D:8)
  a +0 dagger
(47, -21, D:8)
  a +0 dagger
(48, -21, D:8)
  a +0 short sword
  a +0 scimitar
  a +0 plate armour

Level 9 of the Dungeon
[Shop] Ushof's Armour Shoppe
  a +0 robe (7 gold)
  a +0 robe (7 gold)
  a +2 robe of cold resistance (177 gold)
  a +0 ring mail (40 gold)
  a +0 robe (7 gold)
  a +0 chain mail (45 gold)
  a +3 chain mail of cold resistance (265 gold)
(0, 0, D:9)
  a +0 hand axe
(0, 9, D:9)
  a +0 long sword
(9, 16, D:9)
  a +0 dagger
  a +0 robe
(10, 16, D:9)
  a +0 trident
  a +0 plate armour
(11, 15, D:9)
  a +0 club
  a +0 chain mail
  a +0 dagger
  a +0 robe
(11, 16, D:9)
  a +0 dagger
  a +1 robe of positive energy
(12, 12, D:9)
  a +0 dagger
  a +0 robe
(15, -24, D:9)
  a +0 shortbow
(18, -2, D:9)
  a +0 dagger
  a +0 robe
(18, -1, D:9)
  a +0 dagger
  a +0 leather armour
(19, 0, D:9)
  a +0 trident
  a +0 robe
  a +0 club
  a +0 ring mail
(19, 2, D:9)
  a +0 dagger
  a +0 robe
  a +0 dagger
  a +0 robe
  a +0 dagger
  a +0 robe
(20, 13, D:9)
  a +0 dagger
(20, 14, D:9)
  a +0 dagger
  a +0 short sword
  5 poisoned darts
(26, 7, D:9)
  a +0 dagger
  a +0 robe
(27, 20, D:9)
  4 stones
(29, 17, D:9)
  a +0 dagger
  a +0 robe
(34, 6, D:9)
  2 poisoned darts
(34, 16, D:9)
  a +0 cloak
(36, 4, D:9)
  a +0 robe
  a +0 dagger
(49, 10, D:9)
  a +0 helmet
(50, -9, D:9)
  4 stones
(51, 9, D:9)
  a +0 giant club
  a +1 robe of positive energy

Level 10 of the Dungeon
(0, 0, D:10)
  a +0 robe
(2, 1, D:10)
  a +0 rapier
(10, 3, D:10)
  a +0 long sword
(14, -55, D:10)
  a +0 morningstar
(19, -37, D:10)
  a +0 trident
(19, -2, D:10)
  a +0 dire flail
  a +0 dire flail
(20, -37, D:10)
  a +0 dagger
  a +0 robe
  a +0 mace
(24, -5, D:10)
  a +0 shortbow
(27, -9, D:10)
  a +0 giant club
  a +0 giant spiked club
(34, -28, D:10)
  a +0 robe
(39, -54, D:10)
  a +0 leather armour
(41, -42, D:10)
  a +0 helmet
(42, -41, D:10)
  8 stones
(45, -8, D:10)
  a +0 shortbow

Level 11 of the Dungeon
(0, 0, D:11)
  a +0 sling
(0, 25, D:11)
  a +0 long sword
(1, 31, D:11)
  a +0 shortbow
  a centaur corpse (skeletalised by now)
(1, 36, D:11)
  a +0 ring mail
(11, 9, D:11)
  a +0 robe
(11, 16, D:11)
  5 large rocks
(12, -3, D:11)
  7 stones
(16, 2, D:11)
  a +0 ring mail
(21, 6, D:11)
  a +0 quarterstaff
(30, 6, D:11)
  a +0 dire flail
  a +0 dire flail

the Ecumenical Temple

an ice cave
(0, 0, IceCv)
  4 silver boomerangs
(1, -12, IceCv)
  a +0 leather armour of resistance

