code2828

Level 1 of the Dungeon
(0, 0, D:1)
  4 stones
(0, 3, D:1)
  a +0 short sword
  3 stones
(6, -41, D:1)
  a +0 sling
(13, -50, D:1)
  a +0 robe
(17, -30, D:1)
  a +0 dagger
(18, -46, D:1)
  5 stones
(31, -26, D:1)
  a +0 club
(36, -44, D:1)
  a +0 dagger

Level 2 of the Dungeon
[Shop] Ubuan's Antique Weapon Emporium
  a +0 dagger (48 gold)
  a +0 mace (72 gold)
  a +0 sling (36 gold)
  a +0 flail (84 gold)
  a +0 falchion (72 gold)
  a +0 falchion (72 gold)
  the +6 rapier of Poamad {flame, *Corrode Int+4 Dex+6} (1430 gold)
    It burns those it strikes, dealing additional fire damage.
    
    Int:       It affects your intelligence (+4).
    Dex:       It affects your dexterity (+6).
    *Corrode:  It may corrode you when you take damage.
  a +1 vorpal quarterstaff (312 gold)
(0, 0, D:2)
  a +0 leather armour
(0, 10, D:2)
  a +0 club
(1, -18, D:2)
  a +0 short sword
(8, -35, D:2)
  5 poisoned darts
(14, 3, D:2)
  a +0 short sword
(15, -29, D:2)
  a +0 club
(18, -7, D:2)
  a +0 chain mail
(20, -24, D:2)
  2 stones
(21, -22, D:2)
  6 stones
(24, -24, D:2)
  a +0 spear
(37, -25, D:2)
  a +0 sling
(38, -21, D:2)
  a +0 dagger
(41, -10, D:2)
  a +0 dagger
(42, -16, D:2)
  a +0 robe
(53, -16, D:2)
  3 javelins
  a +0 club
  an adder corpse
(54, -10, D:2)
  a +0 dagger
(55, 5, D:2)
  3 stones
(56, 19, D:2)
  a scarf of harm
(58, 16, D:2)
  a +0 short sword
(66, 10, D:2)
  8 stones

Level 3 of the Dungeon
(0, 0, D:3)
  3 poisoned darts
(5, 14, D:3)
  a +0 hand axe
(6, -9, D:3)
  a +1 chain mail of fire resistance
(8, 17, D:3)
  a rat corpse (skeletalised by now)
(12, -14, D:3)
  a +0 club
(36, -24, D:3)
  a +0 ring mail
(39, 8, D:3)
  a frilled lizard corpse
(39, 10, D:3)
  a frilled lizard corpse
(41, 4, D:3)
  a rat corpse
(42, -1, D:3)
  a throwing net
(42, 3, D:3)
  a hobgoblin corpse
(45, -17, D:3)
  a +0 robe

