code2828

Level 1 of the Dungeon
(8, -5, D:1)
  12 poisoned darts
(12, -20, D:1)
  a +0 dagger
(16, 13, D:1)
  a +0 leather armour
(19, 1, D:1)
  4 boomerangs
(25, -18, D:1)
  a +0 hunting sling
(26, -16, D:1)
  a +0 short sword
  a stone
(39, -1, D:1)
  a +0 dagger
(41, -2, D:1)
  a +0 short sword
(47, -14, D:1)
  a +0 dagger
(60, -26, D:1)
  a +0 club
  3 stones

Level 2 of the Dungeon
(7, 7, D:2)
  a +0 leather armour
(8, 49, D:2)
  a +0 leather armour
(15, 13, D:2)
  16 arrows
(23, 13, D:2)
  a +0 club
(23, 38, D:2)
  8 boomerangs
(25, 15, D:2)
  10 poisoned darts
(26, 32, D:2)
  a +0 club
(28, -1, D:2)
  a +3 whip
  a +0 whip
(28, 1, D:2)
  a +0 spear
(53, 20, D:2)
  a +0 short sword
(59, 35, D:2)
  a +0 rapier

Level 3 of the Dungeon
(0, 0, D:3)
  a +0 hand axe
(13, 24, D:3)
  25 bolts
(17, 27, D:3)
  a +0 dagger
(18, 8, D:3)
  13 arrows
(35, -1, D:3)
  a +0 short sword
  a +0 whip
(38, 39, D:3)
  a +0 giant club
(43, 2, D:3)
  a +0 dagger
  2 poisoned darts
(46, 15, D:3)
  a +0 dagger
(49, 20, D:3)
  a ring of see invisible
(51, 20, D:3)
  a +0 dagger
(51, 26, D:3)
  a +0 dagger
(54, 46, D:3)
  27 stones

Level 4 of the Dungeon
[Shop] Jaufeac's Antique Armour Boutique
  (Shop contents are unknown)
(0, 0, D:4)
  4 potions of degeneration
(1, 8, D:4)
  19 stones
(6, -22, D:4)
  26 bolts
(6, -12, D:4)
  a +0 dagger
  10 stones
(18, 5, D:4)
  15 stones
  a +0 club
  a +0 hunting sling of freezing

