code2828

Level 1 of the Dungeon
(0, 0, D:1)
  4 stones
(12, 7, D:1)
  5 stones
(16, -1, D:1)
  4 stones
(26, 1, D:1)
  5 stones
(26, 19, D:1)
  a +0 club
  3 stones
(32, -9, D:1)
  a +0 dagger
  3 stones
(44, -1, D:1)
  a ring of fire
(44, 1, D:1)
  a +0 dagger
(46, 3, D:1)
  2 stones
(47, -14, D:1)
  9 stones
(49, 19, D:1)
  4 stones

Level 2 of the Dungeon
(0, 0, D:2)
  3 stones
(4, -1, D:2)
  a +0 dagger
(8, 11, D:2)
  a +0 dagger
(15, 17, D:2)
  a +0 spear
(25, 2, D:2)
  a +0 short sword
  3 stones
(25, 8, D:2)
  a +0 short sword
  a +0 chain mail
(31, 20, D:2)
  a +0 chain mail
(32, 2, D:2)
  a +0 ring mail
(35, -13, D:2)
  a +0 robe
(46, 11, D:2)
  a +0 robe
(49, 24, D:2)
  6 stones

Level 3 of the Dungeon
(0, 0, D:3)
  3 poisoned darts
(1, -10, D:3)
  a +0 mace
(6, -13, D:3)
  a +0 dagger
(17, 20, D:3)
  a +0 scale mail
(29, 3, D:3)
  3 stones
(34, 22, D:3)
  the +0 robe "Pomiommo" {rPois rF+ Int-4}
    Int:       It affects your intelligence (-4).
    rF:        It protects you from fire.
    rPois:     It protects you from poison.
(56, 29, D:3)
  a +0 dagger

Level 4 of the Dungeon
(0, 0, D:4)
  a +0 dagger of speed
(4, 5, D:4)
  a +0 short sword
  a +0 scale mail
(9, 3, D:4)
  a +0 dagger
(12, 2, D:4)
  a +0 short sword
(13, -11, D:4)
  a +0 dagger
(13, 1, D:4)
  a +0 short sword
  a +0 ring mail
  a +0 flail
(14, 1, D:4)
  a +0 whip
(22, 13, D:4)
  a +0 club
(33, -20, D:4)
  a +0 whip
(34, -20, D:4)
  a ring of protection from fire
  a +0 spear of freezing
(37, -19, D:4)
  a +0 whip
(43, -5, D:4)
  4 stones
(48, -4, D:4)
  a +0 plate armour

Level 5 of the Dungeon
(7, -3, D:5)
  a +0 plate armour
(16, -29, D:5)
  a +0 dagger
  a +0 robe
(18, -29, D:5)
  a +0 short sword
  a +0 leather armour
(18, -5, D:5)
  a +0 flail
  a +0 leather armour
(24, 1, D:5)
  a +0 mace
  a +0 ring mail
(25, -3, D:5)
  a +0 whip
(30, -33, D:5)
  a +0 leather armour
(30, -27, D:5)
  a +0 dagger
  a +0 robe
  a +0 dagger
  a +0 robe
(30, -26, D:5)
  a +0 club
(30, 6, D:5)
  a +0 short sword
(31, 4, D:5)
  3 stones
(32, 0, D:5)
  a +0 flail
(34, -26, D:5)
  a +0 hand axe of electrocution
(37, -31, D:5)
  a book of Touch
(40, -8, D:5)
  a +0 ring mail
(42, -5, D:5)
  a +0 robe

Level 6 of the Dungeon
[Shop] Jyihu's Armour Shop
  a +0 robe of resistance (360 gold)
  a +0 robe (9 gold)
  a +3 plate armour of fire resistance (585 gold)
  a +0 robe (9 gold)
  a +0 robe (9 gold)
  a +0 robe (9 gold)
  a +0 chain mail (58 gold)
  a +0 robe (9 gold)
  a +0 robe (9 gold)
(0, 0, D:6)
  8 stones
(8, 10, D:6)
  a +0 club
(10, 9, D:6)
  a +0 mace
(21, 5, D:6)
  6 boomerangs
(38, 5, D:6)
  a +0 club
  an orc corpse (skeletalised by now)
(39, 6, D:6)
  a +0 club
  an orc corpse (skeletalised by now)
(39, 7, D:6)
  a +0 club
  a +0 scale mail
  a +0 dagger
  a +0 scale mail
(43, 43, D:6)
  a +0 whip
  a +0 spear
  a +0 flail
(43, 44, D:6)
  a +0 club
(53, 16, D:6)
  +0 fire dragon scales

Level 7 of the Dungeon
(0, 0, D:7)
  a +0 club
(0, 2, D:7)
  a +1 flail of draining
  a +0 chain mail
  a +0 club
  a +0 ring mail
  a +0 flail
  a +0 leather armour
  an orc corpse
  an orc corpse
(0, 13, D:7)
  a scroll of butterflies
(1, 14, D:7)
  15 gold pieces
(2, 12, D:7)
  10 gold pieces
(2, 13, D:7)
  20 gold pieces
(2, 14, D:7)
  16 gold pieces
(3, -2, D:7)
  a +0 robe
  a +0 dagger
(6, 3, D:7)
  a +3 battleaxe (still there?)
  a +0 robe (still there?)
  a +5 great sword of freezing (still there?)
  a +0 robe (still there?)
(10, 11, D:7)
  6 stones

the Ecumenical Temple

