code2828

Level 1 of the Dungeon
(0, 0, D:1)
  a +0 dagger
(2, 28, D:1)
  4 stones
(4, 25, D:1)
  a +0 dagger
(18, 14, D:1)
  a +0 scale mail
(18, 28, D:1)
  7 stones
  a +0 dagger
(34, 16, D:1)
  a staff of earth
(50, 28, D:1)
  a +0 chain mail

Level 2 of the Dungeon
(5, 7, D:2)
  7 stones
(22, 9, D:2)
  a +0 whip
(26, 17, D:2)
  a +0 spear
(26, 24, D:2)
  a +0 long sword
(29, 19, D:2)
  6 stones
(38, 5, D:2)
  a +0 spear
(41, 1, D:2)
  a +0 club
(42, -7, D:2)
  a +0 dagger

Level 3 of the Dungeon
(0, 0, D:3)
  a +0 leather armour
(4, 13, D:3)
  a +0 dagger
(16, 9, D:3)
  a +0 dagger
(24, 24, D:3)
  a +0 dagger
(24, 32, D:3)
  a +0 dagger
(28, -23, D:3)
  12 gold pieces
(28, 18, D:3)
  7 stones
(29, -23, D:3)
  23 gold pieces
(30, -23, D:3)
  14 gold pieces
(31, 22, D:3)
  a +0 chain mail
(36, 27, D:3)
  a +0 short sword

Level 4 of the Dungeon
(0, 0, D:4)
  a +0 hand axe
  a +0 chain mail
(1, 0, D:4)
  a +3 dagger of speed
  a stone
  a kobold corpse
(22, -22, D:4)
  a +0 leather armour
(24, 14, D:4)
  a scroll of teleportation
(29, -28, D:4)
  a +0 dagger

