                                 ##################          
                        ##########................#          
                        #.#.....##..############..#          
                       ##..........##          ##.##         
                      ##......######            #..#         
                  #  ##.....†########           #..#         
                  #..#.....8.#......#           #..########  
                  #.........)#≈≈≈≈≈≈.           #..........  
                  #..##.#.).).)......           #..###'###.  
                 ##.....#.(†.........           #..#≈≈.≈≈#   
                .#..##...#...#≈≈≈≈≈≈.           #..#≈#.#≈#   
                ...........8.#.g....#           #..'.._..+   
                 ........†...########           #..#≈#.#≈#   
                 .#........(..#####             #..#≈≈.≈≈#   
               .. #......)[........            ##..###'###   
               #..#................      #######....#..#     
               .........g.....###..      .............##     
               ................#        ...######....###     
                .#####...##.......      ..##.##.##.....#     
                     #...#.....#...     #.......##....##     
                     #........##.##     #...........###      
                     #...##..... .      ##..........##       
    .......##....    ...####.##..       #.......)....#       
     .g.........    #..##   .. ..       ........)..####      
      .........     ....                ........##....##     
       .g.....      ...#      ######### #........#.....##    
        .....                 #>...⌠... ##..............##   
         ...#   .#             .......   #...............#   
#        #..## ...            ####...#####.........(....#### 
#.       #...#....            #..'...'))##.................# 
#..     ##........            #..'...')(##..##.............# 
#...   ##....#....     #.....#####..)#####.............##..# 
#....###...####..#    .......##.........##.#.##..##........# 
#..........####..##  ##......##.........##.#.#..###...####.##
#.#####g###.......####.......##.........##......####..#  #..#
      #g###..................##...).(...##.......######  ##.#
#.#####...#..###..............####((.####..#......#########.#
#.............>...##..÷.......|..)((.......#................#
#####..............##...........))))......#..........###....#
  ##..##......##.....................##...##........#  ##..)#
###...#..###.#####..##÷......##.(....##....##..##..##   ##..#
#.........#...####...........#.##.####.....#..###..#     #..#
##........#....#.....[<........##.#  ##......## ##)##   ##..#
 ##..)<#..#.#......................   ##...### # #.)#+++#..##
  ##...#....#.....###.........#.##.. #...... ###.#.........# 
   ##.###........#####........### .##...#..................# 
    ###.##......##...##........    ....##..................# 
     #...#......##.∩.##...####.    ##.. #..#[..............# 
     #..........##...##...##...     #<. ...#)..............# 
     #...#.......#...#.........     #   ...##.##........#### 
     ##........)..)..†.........             ## #.########    
      ##.##....#......#.......#                ##            
       #. #...###...#.....#..##                              
       ###....# #..##.#.....##                               
         #...## ##.####.#...#                                
         #####   ###  ####.##                                
                          ##                                 
