code2828

Level 1 of the Dungeon
(4, 6, D:1)
  a +0 whip
(5, -18, D:1)
  a +0 whip
(7, -11, D:1)
  a +0 hand axe
(8, -23, D:1)
  a +0 spear
(12, -13, D:1)
  a +0 hand axe
(14, 7, D:1)
  a +0 club
(16, -15, D:1)
  a +0 dagger
(20, 1, D:1)
  a +0 spear
(21, -15, D:1)
  a +0 dagger
(34, -16, D:1)
  a +0 club
(36, -28, D:1)
  a +0 dagger
(37, 12, D:1)
  a +0 quarterstaff
(38, -21, D:1)
  a +0 club
(44, 9, D:1)
  a +0 dagger
  2 stones
(60, -14, D:1)
  a +0 robe

Level 2 of the Dungeon
(0, 0, D:2)
  a +0 ring mail
(7, 20, D:2)
  a +0 scythe
  a +0 robe
(9, 2, D:2)
  a +0 dagger
(10, -10, D:2)
  a +0 ring mail
  a +0 robe
(13, 31, D:2)
  a +0 club
(25, -12, D:2)
  a +0 dagger
(34, 33, D:2)
  a +0 dagger
  3 stones
(43, 33, D:2)
  a +0 whip
(45, 36, D:2)
  a +0 spear
(51, 31, D:2)
  a +0 war axe
(54, 33, D:2)
  9 stones
(56, -6, D:2)
  a +0 club
  a +0 dagger
  a +0 sling
(57, -6, D:2)
  a +0 dagger
(58, -6, D:2)
  a +0 dagger
  a +0 club
  a +0 animal skin
  a +2 helmet
  a +0 club

Level 3 of the Dungeon
(2, -8, D:3)
  a +0 hand axe
(9, 19, D:3)
  a +0 hammer
(10, 16, D:3)
  a +2 quarterstaff of chaos
  the gnoll corpse of Crazy Yiuf (skeletalised by now)
(15, -10, D:3)
  a +0 robe
(24, 0, D:3)
  a +0 club
(39, 4, D:3)
  a +0 dagger
(40, 6, D:3)
  a +0 club
(41, -20, D:3)
  a +0 robe
(42, -8, D:3)
  a +0 club
  a +0 ring mail
(42, -5, D:3)
  a +0 club
  a ring of positive energy
(44, 1, D:3)
  a +0 leather armour

Level 4 of the Dungeon
(14, 23, D:4)
  3 curare-tipped darts
(17, 6, D:4)
  a +0 chain mail
(17, 16, D:4)
  a ball python corpse

