code2828

Level 1 of the Dungeon
(0, 0, D:1)
  a stone
  a +0 club
(9, -23, D:1)
  a +0 whip
(15, 1, D:1)
  a +0 long sword
(22, -18, D:1)
  6 poisoned darts
(29, -28, D:1)
  a +0 hand axe
(29, -20, D:1)
  3 stones
(40, -6, D:1)
  a +0 ring mail

Level 2 of the Dungeon
(0, 0, D:2)
  a +0 club
(5, -6, D:2)
  3 stones
(8, -7, D:2)
  a +2 pair of boots
(12, -30, D:2)
  7 stones
(23, 7, D:2)
  a +0 whip
  5 stones
  a staff of fire
(32, -2, D:2)
  4 stones
(42, -6, D:2)
  4 stones

Level 3 of the Dungeon
(2, -2, D:3)
  a +0 sling
(6, 8, D:3)
  a +0 dagger
(14, 12, D:3)
  a +0 mace
(15, 10, D:3)
  3 stones
(15, 11, D:3)
  a +0 flail
  an orc corpse (skeletalised by now)
(15, 12, D:3)
  a +0 hand axe
  an orc corpse (skeletalised by now)
(17, 11, D:3)
  a +0 club
  2 boomerangs
(21, 21, D:3)
  a stone
(24, 21, D:3)
  a +0 club
(26, 5, D:3)
  a +0 robe
(30, 31, D:3)
  a stone
(32, 21, D:3)
  a +0 mace
(41, 22, D:3)
  4 stones
(49, 2, D:3)
  a +0 dagger

Level 4 of the Dungeon
(2, 1, D:4)
  a +0 trident
  a +0 ring mail
  an orc corpse
(3, -9, D:4)
  3 stones
(3, -7, D:4)
  a +0 dagger
(6, 3, D:4)
  a +0 short sword
(8, 3, D:4)
  a +0 dagger
  a +0 scale mail
  an orc corpse
(16, 1, D:4)
  a +0 chain mail
(16, 8, D:4)
  a +0 club
  a +0 dagger
  a ball python corpse (skeletalised by now)
  a goblin corpse (skeletalised by now)
  a kobold corpse (skeletalised by now)

the Ecumenical Temple

