code2828

Level 1 of the Dungeon
(0, 0, D:1)
  a +0 scale mail
(6, -3, D:1)
  a +0 dagger
(8, -3, D:1)
  a stone
(8, 21, D:1)
  a +0 club
(9, -3, D:1)
  a stone
(11, -35, D:1)
  a +0 dagger
(12, -16, D:1)
  20 stones
(12, -4, D:1)
  a stone
(26, -9, D:1)
  a +0 spear
(30, -8, D:1)
  22 bolts
(40, 8, D:1)
  a +0 short sword
(43, 10, D:1)
  a +0 hand axe
  a +0 leather armour
(50, -32, D:1)
  a +0 club
(50, -20, D:1)
  a +0 dagger of draining
(50, -19, D:1)
  a +0 club
(51, 21, D:1)
  a +0 club
(57, 11, D:1)
  a cursed +0 club
(58, -26, D:1)
  a +0 short sword

Level 2 of the Dungeon
(0, 0, D:2)
  24 stones
(7, -1, D:2)
  a +0 short sword (still there?)
  5 stones (still there?)
  a +0 club (still there?)
(16, -20, D:2)
  a +0 club
(17, -9, D:2)
  a +0 short sword
(18, -21, D:2)
  a +0 short sword
(26, -33, D:2)
  an uncursed staff of cold
(29, -35, D:2)
  a +0 club
(32, -26, D:2)
  a +0 club
(35, -34, D:2)
  a +0 club
  a +0 hunting sling
  5 stones
(35, -33, D:2)
  a +0 short sword
(36, -34, D:2)
  a +0 club
  a +0 animal skin
  a +2 helmet
  a +0 club
(37, -34, D:2)
  a stone
(38, -35, D:2)
  a +0 club
  a +0 club
  a cursed -1 hunting sling
  22 stones
(38, -34, D:2)
  a +0 club
  a +0 club
(44, -23, D:2)
  16 arrows
(46, -12, D:2)
  a +0 chain mail

Level 3 of the Dungeon
(0, 0, D:3)
  6 stones
(6, 0, D:3)
  a +0 robe
(9, -15, D:3)
  19 arrows
(17, -13, D:3)
  a +0 robe
(18, -2, D:3)
  a +0 spear
(20, 3, D:3)
  2 stones
(21, 3, D:3)
  a +0 spear
(21, 4, D:3)
  a +0 club
(22, -16, D:3)
  23 arrows
(22, 2, D:3)
  a +0 spear
(23, 1, D:3)
  a +0 short sword
(24, 9, D:3)
  a +0 hand axe
  a +1 leather armour of positive energy
(31, -9, D:3)
  a +0 club
(32, 4, D:3)
  a +0 leather armour
(35, -10, D:3)
  a +0 flail
(35, 20, D:3)
  31 bolts
(36, -8, D:3)
  a +0 trident
  a +0 dagger
  a cursed +0 robe
(37, -11, D:3)
  a cursed -1 hand axe
(39, -10, D:3)
  a +0 rapier
(44, -11, D:3)
  a +0 short sword
(44, 1, D:3)
  a +0 club

Level 4 of the Dungeon
(0, 0, D:4)
  a +0 short sword
  a +0 leather armour
(6, 14, D:4)
  3 stones
(7, 12, D:4)
  a stone
(8, 12, D:4)
  a +0 flail
  a +0 short sword
  a +0 war axe
  a cursed +0 leather armour
  a +0 dagger
  a +0 short sword
  a +0 hand axe
  3 boomerangs
  a +0 chain mail
  a +0 animal skin
  41 stones
(9, 12, D:4)
  a stone
(10, 12, D:4)
  a stone
(11, 2, D:4)
  a +0 dagger
  a +0 robe
(11, 11, D:4)
  a +0 mace
(12, 10, D:4)
  a +0 dagger
(12, 12, D:4)
  a +0 war axe
(28, 37, D:4)
  21 stones
(30, 4, D:4)
  a +0 club
(31, 13, D:4)
  a +0 helmet
(36, 13, D:4)
  22 bolts
(42, 4, D:4)
  a +0 giant club
(43, 11, D:4)
  a +0 giant spiked club
(43, 12, D:4)
  a +0 dagger
  a +0 ring mail
(47, 17, D:4)
  21 stones
(51, -4, D:4)
  23 sling bullets
(52, 45, D:4)
  a +0 whip
(54, 37, D:4)
  a +0 club
  a +0 scale mail
(54, 40, D:4)
  a +0 ring mail
(55, 6, D:4)
  a +0 dagger
  a cursed +0 robe
(56, 7, D:4)
  a cursed -2 whip
  a cursed -2 short sword
  a +0 ring mail

Level 5 of the Dungeon
(0, 0, D:5)
  a +0 club
  a +0 leather armour
(9, 1, D:5)
  an uncursed ring of teleportation
(18, -1, D:5)
  an arrow
(19, 0, D:5)
  3 arrows
(21, 0, D:5)
  an arrow
(24, 0, D:5)
  a +0 shortbow
  21 arrows
(27, 39, D:5)
  19 stones
(29, 24, D:5)
  a +0 club
  a +0 ring mail
  a +3 leather armour
  a +0 dagger
(30, 23, D:5)
  a +0 plate armour
  a +0 long sword
(34, 1, D:5)
  a +0 short sword
(35, 16, D:5)
  27 stones
(35, 22, D:5)
  12 stones
(37, 8, D:5)
  a +0 ring mail
(41, 19, D:5)
  22 stones

Level 6 of the Dungeon
(0, 0, D:6)
  a +2 rapier of venom
  a +0 leather armour
(5, -35, D:6)
  a cursed -1 hand axe
(7, 3, D:6)
  22 stones
(17, 1, D:6)
  a +0 leather armour
(23, -38, D:6)
  22 stones
(23, -19, D:6)
  a cursed +0 dagger
  a +0 robe
(24, -18, D:6)
  a +0 robe
(36, -1, D:6)
  11 arrows
(41, -2, D:6)
  a +0 helmet
(47, -33, D:6)
  a cursed ring of teleportation
(48, -31, D:6)
  10 poisoned darts
(55, -20, D:6)
  a +0 short sword
(55, -8, D:6)
  a +0 robe
(63, 2, D:6)
  a +0 flail

Level 7 of the Dungeon
(0, 0, D:7)
  a +0 spear
  a +0 robe
(1, -1, D:7)
  a +3 trident
  a +0 robe
(3, -12, D:7)
  a +0 flail
  a +0 robe
(4, -12, D:7)
  a +1 falchion of freezing
  a +0 robe
(4, -4, D:7)
  a +0 falchion
  a +0 robe
(5, -19, D:7)
  a +0 flail
  a +0 robe
  a +0 giant spiked club
(5, -12, D:7)
  a cursed +0 mace
  a +0 robe
(8, -7, D:7)
  24 stones
(12, -12, D:7)
  a +3 battleaxe
  a cursed +0 robe
(13, -12, D:7)
  16 stones
(26, -10, D:7)
  a +0 giant club
(28, -12, D:7)
  a +0 falchion
(32, 12, D:7)
  a +0 dagger
(34, 5, D:7)
  a +0 dagger of venom
(38, 5, D:7)
  a +0 robe
(41, -8, D:7)
  a cursed -1 giant club
(41, 21, D:7)
  a stone
(42, 31, D:7)
  the +0 cloak of the Moon {Int+5}
    It affects your intelligence (+5).
(43, 4, D:7)
  a +0 short sword
  a +0 scale mail
  a +0 club
  a +0 hunting sling
  a +0 leather armour
(43, 5, D:7)
  a +0 short sword
  a +0 scale mail
(43, 21, D:7)
  a stone
(44, 21, D:7)
  a stone
(48, 5, D:7)
  a +0 spear
(49, 5, D:7)
  a +0 whip
  a +0 club
(49, 6, D:7)
  a +0 spear
(50, -3, D:7)
  an arrow
(50, 5, D:7)
  a +0 dagger
  a +0 robe
(51, -13, D:7)
  a cursed -2 flail
(51, -1, D:7)
  a +0 robe
(52, -2, D:7)
  an arrow
(53, 21, D:7)
  a +0 dagger
(54, 0, D:7)
  a cursed +0 shortbow
  11 arrows
(54, 21, D:7)
  a cursed -1 club
  2 stones

Level 8 of the Dungeon
(0, 0, D:8)
  22 stones
(2, 16, D:8)
  10 arrows
(2, 17, D:8)
  28 arrows
(3, 16, D:8)
  19 arrows
(3, 17, D:8)
  28 stones
(5, 14, D:8)
  29 arrows
(5, 18, D:8)
  a +0 giant club
  a +0 giant club
(9, 15, D:8)
  a +0 chain mail
(14, 10, D:8)
  a +0 mace
(17, -14, D:8)
  an arrow
(18, -14, D:8)
  2 arrows
(18, 8, D:8)
  a +0 helmet
(18, 9, D:8)
  25 stones
(19, -14, D:8)
  a +0 quarterstaff
  a +0 hunting sling
  a +1 ring mail of fire resistance
  a sling bullet
(20, -15, D:8)
  6 sling bullets
  2 arrows
(20, -12, D:8)
  a +0 robe
  a +1 dagger of electrocution
(21, -16, D:8)
  2 sling bullets
  an arrow
(21, -14, D:8)
  a sling bullet
  a +0 chain mail
  a +0 trident
(22, -17, D:8)
  a sling bullet
  an arrow
(22, -15, D:8)
  an arrow
(23, -18, D:8)
  2 sling bullets
(23, -15, D:8)
  a sling bullet
(24, -18, D:8)
  14 arrows
  a cursed -3 shortbow
(24, -16, D:8)
  a sling bullet
  an arrow
(26, -27, D:8)
  22 stones
(27, -32, D:8)
  a +0 chain mail
(34, 8, D:8)
  the cursed +1 ring mail of Byope {Will+ Str+3}
    It affects your strength (+3).
    It affects your willpower, your defense against some magical effects.
    It has a curse placed upon it.
(42, -10, D:8)
  an uncursed ring of attention
  an uncursed ring of wizardry
(42, -7, D:8)
  13 stones
(49, -23, D:8)
  a +0 leather armour
(56, 1, D:8)
  a book of Transfigurations

Level 9 of the Dungeon
(0, 0, D:9)
  a +0 dire flail
  a +0 giant club
(6, -2, D:9)
  a +0 mace
(8, -13, D:9)
  a scroll of teleportation
(9, -14, D:9)
  an uncursed ring of see invisible
(9, -13, D:9)
  the Incunabulum of Cloudy Venom
    Spells                           Type                      Level      
    Known
     a - Corpse Rot                   Necromancy/Air                2         
    no
     b - Mephitic Cloud               Conjuration/Poison/Air        3         
    no
     c - Airstrike                    Air                           4         
    no
     d - Summon Lightning Spire       Summoning/Air                 4         
    no
     e - Freezing Cloud               Conjuration/Ice/Air           6         
    no
    
    
    Trog disapproves of the use of such an item.
(9, -12, D:9)
  a phantom mirror
(9, -11, D:9)
  the +1 ring mail of Patterns {rN+}
    It protects you from negative energy.
(9, 4, D:9)
  15 stones
(10, -12, D:9)
  a cursed ring of attention
(10, -11, D:9)
  a potion of attraction
(11, -12, D:9)
  a book of the Sky
(11, 5, D:9)
  a +0 chain mail
(11, 6, D:9)
  5 boomerangs
  a +0 hand axe
(12, 5, D:9)
  a +0 flail
  a +0 scale mail
  a +0 war axe
(12, 9, D:9)
  a +0 war axe
(20, -7, D:9)
  9 poisoned darts
(22, 0, D:9)
  a +1 hand axe of electrocution
  5 boomerangs
(23, 1, D:9)
  a +0 flail
  a +0 scale mail
(24, 1, D:9)
  a +0 dagger
  a +0 ring mail
(30, 0, D:9)
  a +0 war axe
(34, -26, D:9)
  2 stones
(35, 0, D:9)
  a +0 flail
(36, 8, D:9)
  a +0 flail
(36, 9, D:9)
  a +0 halberd
(37, -25, D:9)
  a stone
(39, -24, D:9)
  a +0 short sword
  2 stones
(40, -34, D:9)
  a +0 whip
  a +0 whip
  a +0 leather armour
  a +0 short sword
  2 stones
  a +0 whip
(40, -33, D:9)
  a +0 short sword
  3 poisoned darts
  a +0 flail
(40, -17, D:9)
  a cursed +0 robe
(41, -30, D:9)
  a +0 club
  2 stones
(41, -28, D:9)
  a +0 chain mail
(41, -9, D:9)
  9 bolts
(42, -33, D:9)
  a +0 spear
(43, -33, D:9)
  2 stones
(43, -32, D:9)
  a stone
(43, -31, D:9)
  3 stones
(43, -30, D:9)
  20 bolts

Level 10 of the Dungeon
(0, 0, D:10)
  a +0 flail
(6, 3, D:10)
  a +0 ring mail
(18, 15, D:10)
  a scarf of invisibility
(19, 15, D:10)
  15 stones
(27, 26, D:10)
  5 arrows
(27, 27, D:10)
  an arrow
(27, 28, D:10)
  an arrow
(27, 29, D:10)
  an arrow
(27, 31, D:10)
  4 arrows
(27, 33, D:10)
  a +0 falchion
  a +0 shortbow
  12 arrows
(29, -3, D:10)
  15 arrows
(31, 41, D:10)
  an uncursed ring of wizardry
(32, 28, D:10)
  a +6 giant spiked club
  a +0 robe
(33, 28, D:10)
  3 potions of degeneration
  a +1 antimagic war axe
  a +0 hand axe
(34, 12, D:10)
  a +0 shortbow
  16 arrows
(38, 14, D:10)
  an arrow
(45, 30, D:10)
  the +7 great mace "Firestarter" {inner flame, rF++}
    It has been specially enchanted to burn those struck by it, causing extra
    injury to most foes and up to half again as much damage against particularly
    susceptible opponents.
    
    It greatly protects you from fire.
(46, 29, D:10)
  +0 fire dragon scales
(46, 31, D:10)
  a manual of Fire Magic
(47, 30, D:10)
  an uncursed staff of fire
(58, 2, D:10)
  11 stones
(59, 8, D:10)
  a +0 chain mail (still there?)
  a +0 hand axe (still there?)
  18 arrows (still there?)
  a +0 shortbow (still there?)
(60, 8, D:10)
  a +0 mace (still there?)
  a +0 shortbow (still there?)
  a +0 shortbow (still there?)
  a +0 shortbow (still there?)
  34 arrows (still there?)
  a +0 shortbow (still there?)
(61, 8, D:10)
  an arrow

Level 11 of the Dungeon
[Shop] Wyck's Armour Shoppe
  a +0 robe (12 gold)
  a +0 leather armour (36 gold)
  a +0 robe (12 gold)
  a +0 robe (12 gold)
  a +0 robe (12 gold)
(2, -5, D:11)
  20 sling bullets
(5, -10, D:11)
  21 stones
(6, 13, D:11)
  a potion of brilliance
(8, 14, D:11)
  a +0 hand axe
  a +0 short sword
  a +0 leather armour
(8, 15, D:11)
  a +0 ring mail
(12, -12, D:11)
  13 stones
(12, 22, D:11)
  19 arrows
(17, -5, D:11)
  a +0 hand axe
(19, -6, D:11)
  a +0 short sword
  a +0 hand axe
(20, -2, D:11)
  a +0 flail
  a +0 ring mail
(20, -1, D:11)
  a +0 hand axe
(23, -14, D:11)
  a +0 hand axe
(30, 15, D:11)
  a cursed ring of teleportation
(30, 21, D:11)
  a +0 chain mail
(34, -18, D:11)
  a large rock
(34, -1, D:11)
  a +0 giant club
  a +0 giant club
(36, -19, D:11)
  a large rock
(36, 21, D:11)
  an arrow
(37, -11, D:11)
  a +0 dagger
(37, 22, D:11)
  3 arrows
(38, 22, D:11)
  a +0 hand axe
(38, 23, D:11)
  39 arrows
  2 large rocks
(39, -16, D:11)
  a +0 short sword of flaming
(39, 23, D:11)
  a +0 shortbow
  5 arrows
(46, 4, D:11)
  a +0 club
(46, 5, D:11)
  a +0 mace of protection
  a +0 scale mail
  a +0 flail
  a +0 chain mail
  a +0 dagger
  a +0 robe

the Ecumenical Temple

Level 1 of the Lair of Beasts
(6, 0, Lair:1)
  20 stones
(12, -22, Lair:1)
  a bullfrog corpse (skeletalised by now)
  (unseen)
(12, -21, Lair:1)
  a wolf corpse (skeletalised by now)
  (unseen)
(12, -20, Lair:1)
  (unseen)
(12, 1, Lair:1)
  a +0 plate armour
(14, -22, Lair:1)
  a wolf corpse (skeletalised by now)
(14, -21, Lair:1)
  a wolf corpse (skeletalised by now)
  (unseen)
(26, -31, Lair:1)
  17 stones
(26, -24, Lair:1)
  a +0 hunting sling
(33, -37, Lair:1)
  a +0 bardiche
(38, -3, Lair:1)
  13 stones
(42, -21, Lair:1)
  a +0 leather armour
(48, -43, Lair:1)
  19 stones

Level 2 of the Lair of Beasts
(0, 0, Lair:2)
  a wolf corpse
(5, 12, Lair:2)
  a +0 long sword
(7, -1, Lair:2)
  16 stones
(21, 8, Lair:2)
  20 arrows
(22, 13, Lair:2)
  a yak corpse
  a yak corpse
  a yak corpse
(23, 12, Lair:2)
  a yak corpse
(30, 2, Lair:2)
  a yak corpse
(33, -17, Lair:2)
  33 sling bullets
(33, -8, Lair:2)
  a +0 robe
(34, 0, Lair:2)
  16 stones

