code2828

Level 1 of the Dungeon
(21, -16, D:1)
  7 stones
(22, 4, D:1)
  a +3 dagger
(32, 2, D:1)
  a +0 leather armour
(36, -8, D:1)
  a +0 leather armour
(43, -44, D:1)
  9 stones
(46, -14, D:1)
  a +0 dagger

Level 2 of the Dungeon
(0, 0, D:2)
  a +0 dagger
(19, 14, D:2)
  a +0 sling
(20, 8, D:2)
  a +0 sling
(28, 20, D:2)
  a +0 spear
(30, 21, D:2)
  a +0 robe
(34, -24, D:2)
  4 stones
(54, -1, D:2)
  a potion of lignification

Level 3 of the Dungeon
(0, 0, D:3)
  a rat skeleton
(0, 3, D:3)
  a +0 leather armour
(1, 23, D:3)
  a +0 club
  a goblin skeleton
(4, 0, D:3)
  5 boomerangs
(4, 24, D:3)
  a hobgoblin skeleton
(5, 24, D:3)
  a +0 club
  a +0 animal skin
  a +0 helmet
  a +0 club
  a +0 club
  a +0 club
  a +0 club
  a +0 dagger
  a +0 club
  the hobgoblin skeleton of Robin
  a hobgoblin skeleton
  a goblin skeleton
  a goblin skeleton
  a goblin skeleton
(8, 9, D:3)
  a bat skeleton
(19, 27, D:3)
  a +0 hammer
(24, 14, D:3)
  a +0 trident
(25, 22, D:3)
  a +0 shortbow
(29, -5, D:3)
  a +0 dagger
(30, 13, D:3)
  8 stones
(30, 17, D:3)
  a +0 hand axe
(31, 20, D:3)
  a +0 hand axe
  a +0 short sword
  a boomerang
  a +0 club
(32, -10, D:3)
  a +0 whip
(34, -2, D:3)
  a +0 spear
(40, 3, D:3)
  a +0 rapier
(42, -3, D:3)
  a +0 robe

