code2828

Level 1 of the Dungeon
(0, 0, D:1)
  a +0 sling
(7, -11, D:1)
  a +0 club
(23, -6, D:1)
  a +0 club
(25, -21, D:1)
  3 stones
(26, -18, D:1)
  a +0 leather armour
(26, -3, D:1)
  a +0 quarterstaff
(28, -4, D:1)
  a +0 flail
(31, -1, D:1)
  a +0 dagger
(44, 2, D:1)
  a +0 dagger
(53, 5, D:1)
  a +0 dagger
(54, -17, D:1)
  5 stones
(56, -40, D:1)
  a +0 whip
  2 stones
(60, 5, D:1)
  a +0 club

Level 2 of the Dungeon
[Shop] Eras's Magic Scroll Boutique
  a scroll of identify (26 gold)
  a scroll of amnesia (52 gold)
  a scroll of teleportation (39 gold)
  a scroll of identify (26 gold)
  a scroll of identify (26 gold)
(0, 0, D:2)
  a +0 cloak
(3, -9, D:2)
  a +0 leather armour
  5 stones
  a +0 whip
(5, 1, D:2)
  a +0 robe
(13, -11, D:2)
  a +0 dagger
(15, -7, D:2)
  a +0 club
(17, 7, D:2)
  a +2 antimagic falchion
(29, 0, D:2)
  a +0 pair of gloves
(42, -6, D:2)
  a +0 dagger
(42, 11, D:2)
  a +0 leather armour
(43, -23, D:2)
  a +2 short sword of venom

Level 3 of the Dungeon
(0, 0, D:3)
  a +0 club
  3 stones
(2, 0, D:3)
  a +0 dagger
  2 stones
(2, 11, D:3)
  a +0 dagger
  5 stones
(15, -7, D:3)
  2 boomerangs
(23, 6, D:3)
  a +0 leather armour
(27, 7, D:3)
  a +0 dagger
  a +0 short sword
  2 stones
(30, 14, D:3)
  a +0 dagger
  a +0 scale mail
  a +0 dagger
  a +0 falchion
  a +0 ring mail
  a +0 club
(31, -7, D:3)
  a +0 ring mail
(31, -6, D:3)
  5 stones
  a +0 dagger
(36, 18, D:3)
  a +0 flail
  a +0 leather armour
(42, 14, D:3)
  a +0 robe
(45, 12, D:3)
  a +0 heavy hand axe

Level 4 of the Dungeon
(4, 3, D:4)
  a +0 dagger
(7, 11, D:4)
  a staff of earth
(8, -3, D:4)
  a +0 club
(9, -3, D:4)
  a +0 short sword
(9, -2, D:4)
  a +0 short sword
(12, 25, D:4)
  8 stones
(15, 7, D:4)
  a +0 falchion
(15, 32, D:4)
  a +0 ring mail
(16, 29, D:4)
  a +0 short sword
(16, 33, D:4)
  6 stones
(17, 39, D:4)
  a +0 quarterstaff
(18, 0, D:4)
  a +0 ring mail
(21, 24, D:4)
  6 stones
(26, 25, D:4)
  a +0 short sword
(36, -7, D:4)
  a +0 mace
  a +0 whip
(36, -6, D:4)
  a +0 club
(36, -5, D:4)
  a +0 whip
  a +0 leather armour
(37, -7, D:4)
  a +0 short sword
  a +0 scale mail
(37, -6, D:4)
  a +0 club
(37, -5, D:4)
  a +0 club
  a +0 leather armour
  a +0 dagger
(43, 44, D:4)
  a +0 ring mail
(48, 10, D:4)
  a +0 club
  a goblin corpse (skeletalised by now)
(51, 30, D:4)
  a +0 ring mail
(53, 44, D:4)
  a staff of cold

Level 5 of the Dungeon
(0, 0, D:5)
  a dart slug corpse
(14, -1, D:5)
  a +0 dagger

