                         ######                            
                         #....###                          
                         #.##...#                          
     ####               ##P.#...#                          
     #..##              #..##...#                          
     #.[.###            ##.##...##                         
     #.#...######        #.###...###                       
     #..##.(....####     PPP ###...##                      
     ##.#######....##    .P.P  ###..##                     
      #.# ##...##...##  P._.P#   ##..#          ####       
      #.###..........## ^.PP^#    ##<#    #######..#       
      #.##............##P.^^P#     #.#    #.......##       
      #.##............###########  #.#    #.#####.#        
#######.##......................####.#    #.#####.#        
................<....###.######....#.##   #.##...>#########
##########.....##...###..#    ####....##  #.>..###........#
        ##..#######..#..##       ##(...#  #..### #........#
        #...#     ##.#.#############...####..#####...)....#
       #..#.##     #<#....................................#
       #.##..#######...÷..#############......#####........#
       #................#..##      #.............#........#
       ######.#######.####..########.#...........##.#######
            #..#    #.# #....<÷........##...........####   
         #####.#### #.# #............####........#.....#   
         #........# #.# #...........##  #.....(..##.##.#   
         #........# #.# #...........#   #........#..#..#   
       ...........###.###.........###  ##........#....#    
       ####+#####.................# ####.........#..###    
                #.................###....########>..#      
                #.................#...####      #..##      
                #........######.....###         #.##       
                #.........#####.#####          ##.#####..  
                +............##.################.........  
    ###+#####   #.##.##...#.......##>............######..  
    #.....#.##  #h#..###....#####....#############         
    #..)..#..## #K#........#######.....####                
    +.$.g.'...###555......................##               
    #..[..#.K..##...........##..###........##              
    #..g..#.....#.........#####..............              
    ###+####..÷.#.........#   #####..........              
           ##...'..########       #.......###              
            ##..#((#              #########                
             ##.#..#                                       
              ###..#                                       
                #..#                                       
                ...#                                       
                ...#                                       
                 .)#                                       
