code2828

Level 1 of the Dungeon
(0, 0, D:1)
  a +0,+0 mace
  2 darts
(24, 1, D:1)
  a +0,+0 short sword
(7, 6, D:1)
  a +0,+0 whip
(-18, 7, D:1)
  a +0,+0 mace
(7, 9, D:1)
  a +0,+0 short sword
  5 darts
(7, 12, D:1)
  a dart
(16, 16, D:1)
  a cursed -3,-2 club
(15, 24, D:1)
  a +0,+0 short sword
(-23, 25, D:1)
  a -1,+0 orcish club
(-18, 25, D:1)
  a +0 animal skin
(-3, 29, D:1)
  a +0 ring mail
(16, 31, D:1)
  21 darts
(-18, 32, D:1)
  a +1,+1 dagger
(-29, 46, D:1)
  a +0,+0 whip
(-21, 46, D:1)
  a dart

Level 2 of the Dungeon
(0, 0, D:2)
  a -1,+1 orcish club
(39, 4, D:2)
  a +0,+0 spear
(41, 10, D:2)
  a +0,+0 dagger
(32, 11, D:2)
  a +0,+0 whip
(6, 15, D:2)
  a +0,+0 club
(40, 20, D:2)
  22 arrows
(56, 23, D:2)
  a -1,+0 orcish club
(57, 24, D:2)
  a +0,+0 dagger
(37, 26, D:2)
  a +0,+1 orcish club (still there?)
  a +0,+1 orcish club (still there?)
(42, 27, D:2)
  a +2,+1 dagger
  a +0,+1 sling
(48, 30, D:2)
  a +0,+0 whip
(57, 30, D:2)
  16 arrows
(41, 39, D:2)
  a dart
(38, 43, D:2)
  16 darts
(35, 44, D:2)
  31 darts

Level 3 of the Dungeon
(0, 0, D:3)
  a +0 robe
(11, 0, D:3)
  a dart
(14, 2, D:3)
  15 poisoned needles
(17, 13, D:3)
  a +0 ring mail
(3, 27, D:3)
  3 darts of frost
(3, 28, D:3)
  5 darts of frost
  2 darts
(-1, 31, D:3)
  a cursed -1,-2 orcish club
  a +1 orcish scale mail
  a +5,+8 club
(3, 31, D:3)
  a +0,+0 club
(2, 43, D:3)
  8 poisoned needles
(24, 49, D:3)
  a dart
(11, 50, D:3)
  a -1,+0 orcish club
(61, 50, D:3)
  a dart
(63, 50, D:3)
  a +0 elven ring mail
(25, 52, D:3)
  a -1,+1 orcish club
(26, 53, D:3)
  a +0,+0 club
(15, 59, D:3)
  a +0,+0 orcish club

Level 4 of the Dungeon
(21, 10, D:4)
  a -1,+0 orcish dagger
(35, 12, D:4)
  a +0,+0 dagger
(-8, 23, D:4)
  a +5,+2 flail of holy wrath
  a +0 leather armour
(-5, 28, D:4)
  20 bolts
(8, 30, D:4)
  a +0,+0 giant spiked club
(8, 37, D:4)
  a cursed +0 pair of gauntlets
(-1, 38, D:4)
  3 exploding darts

Level 5 of the Dungeon
(0, 0, D:5)
  22 arrows of flame
(-8, 6, D:5)
  7 arrows (still there?)
  a +1,+1 bow (still there?)
  7 arrows (still there?)
(23, 6, D:5)
  a -1,+1 orcish flail
  a +0 orcish leather armour
(27, 6, D:5)
  15 darts
(0, 7, D:5)
  7 arrows
(7, 7, D:5)
  a +0,+0 giant spiked club
(-7, 9, D:5)
  21 bolts
(18, 12, D:5)
  a +0,+0 sabre
(22, 19, D:5)
  a +0,+0 club
(-20, 21, D:5)
  a +0,+0 orcish spear
(-16, 21, D:5)
  a +0,+0 club
(-12, 21, D:5)
  a +0,+0 orcish spear
  a +0,+0 orcish spear
  a +0,+0 orcish spear
  a +0,+0 orcish spear
  a +0,+0 orcish war axe
(2, 24, D:5)
  20 arrows
(14, 28, D:5)
  a -1,+1 orcish dagger
(-16, 31, D:5)
  a -1,+0 orcish dagger
  a +0 orcish ring mail
(-13, 33, D:5)
  a +0,+3 orcish dagger
  a -1,+1 orcish hand axe
  a +0 orcish robe
(-14, 34, D:5)
  a +2,+0 orcish dagger of draining
  a +0 orcish robe
(-18, 35, D:5)
  a -1,+0 orcish war axe of chopping
(1, 35, D:5)
  an arrow
(8, 42, D:5)
  a +0,+0 short sword
(33, 57, D:5)
  a +0,+0 giant club

Level 6 of the Dungeon
(-16, 23, D:6)
  a +2,+0 hand axe
(-11, 30, D:6)
  an arrow
(-17, 35, D:6)
  an arrow
(-17, 39, D:6)
  19 poisoned bolts
(-3, 41, D:6)
  24 stones
(-17, 42, D:6)
  23 arrows
  a +0,+0 bow
(24, 47, D:6)
  a +2,+0 elven dagger
  a +0 elven robe
(24, 48, D:6)
  a +0,+0 elven sabre
  a +0 elven leather armour

Level 7 of the Dungeon
(-33, 1, D:7)
  a +0,+0 spear
(-33, 3, D:7)
  32 stones
(-12, 3, D:7)
  a +1,+0 dwarven mace
(-1, 10, D:7)
  an arrow
(2, 10, D:7)
  a +0,+1 orcish spear
  a +0,+2 orcish short sword of flaming
  32 stones
  a +0 orcish leather armour
(-12, 12, D:7)
  a +1,+0 dwarven mace
  a dart
(3, 12, D:7)
  a +0,+0 spear
  a +1,+1 orcish trident
  a +0 orcish leather armour
(8, 12, D:7)
  a +0,+0 bow (still there?)
  7 sling bullets (still there?)
(-27, 13, D:7)
  a +0 orcish robe
  a +0,+1 orcish dagger
(-25, 13, D:7)
  a +1,+1 orcish trident
  a +0 orcish robe
  a +0,+0 orcish dagger
(-23, 13, D:7)
  a +0 orcish leather armour
  a +1,+1 orcish hammer
(-21, 13, D:7)
  a +0,+0 orcish hand axe
  a +0,+1 orcish spear
  a +0,+1 orcish spear
  a +0,+1 orcish spear
  a +0,+1 orcish spear
  a +0,+1 orcish club
(-4, 13, D:7)
  a dart
(-17, 14, D:7)
  a +0 ring mail
(-40, 22, D:7)
  an arrow
(-32, 24, D:7)
  8 poisoned needles
(2, 34, D:7)
  a +0,+1 orcish dagger
  a +0 orcish robe
  a +1,+0 orcish flail
  a cursed +0 orcish chain mail
(4, 35, D:7)
  a -1,+1 orcish dagger

Level 8 of the Dungeon
(0, 0, D:8)
  a +0 ring mail
(22, 0, D:8)
  a +0,+0 orcish club
(30, 0, D:8)
  a cursed -1,+0 orcish short sword
  a +0 orcish splint mail
  a +0,+0 giant spiked club
(28, 1, D:8)
  a +0,+2 orcish dagger
  a +0 orcish ring mail
(4, 5, D:8)
  17 arrows
(7, 5, D:8)
  5 arrows
(34, 5, D:8)
  a sling bullet
(-5, 6, D:8)
  a +0,+1 orcish spear
(6, 6, D:8)
  an arrow
(2, 7, D:8)
  an arrow
(3, 7, D:8)
  2 arrows
(5, 7, D:8)
  2 arrows
(2, 8, D:8)
  an arrow
(3, 8, D:8)
  an arrow
(4, 8, D:8)
  an arrow
(-4, 11, D:8)
  a +0,+0 club
(2, 11, D:8)
  2 arrows
(-1, 18, D:8)
  13 poisoned needles
(-6, 28, D:8)
  a hound corpse (rotten by now)
(-9, 44, D:8)
  a yak corpse
(7, 45, D:8)
  21 arrows
(27, 45, D:8)
  a sling bullet
(28, 45, D:8)
  a sling bullet
(29, 45, D:8)
  a sling bullet
(23, 46, D:8)
  5 stones
(24, 46, D:8)
  a stone
(25, 46, D:8)
  a sling bullet
  (unseen)
(26, 46, D:8)
  a sling bullet
(30, 46, D:8)
  a sling bullet

