code2828

Level 1 of the Dungeon
(1, 13, D:1)
  a +0 club
  a +0 dagger
(13, 36, D:1)
  6 stones
(15, 35, D:1)
  6 stones
(17, 44, D:1)
  3 stones
(20, 18, D:1)
  a +0 dagger
(26, 35, D:1)
  2 poisoned darts
(27, 12, D:1)
  a +0 robe
(38, 13, D:1)
  a +0 short sword
(41, 51, D:1)
  a +0 dagger
(44, 5, D:1)
  a +0 ring mail
(46, 26, D:1)
  a +0 club
(54, 11, D:1)
  a +0 ring mail

Level 2 of the Dungeon
(0, 0, D:2)
  8 gold pieces
(5, -3, D:2)
  a +0 robe
(6, -2, D:2)
  a +0 club
(18, -8, D:2)
  4 stones
(23, -9, D:2)
  a +0 short sword
(34, 7, D:2)
  4 stones
(40, -34, D:2)
  a +0 robe
(40, -28, D:2)
  a +0 club
(41, -26, D:2)
  6 poisoned darts
(41, -6, D:2)
  a +0 robe
(47, -29, D:2)
  5 poisoned darts
(52, -9, D:2)
  6 stones
(57, -28, D:2)
  4 stones

Level 3 of the Dungeon
(0, 0, D:3)
  a stone
  a +0 club
(14, 13, D:3)
  a +0 hammer
(16, -7, D:3)
  a +0 spear
  a +0 ring mail
(16, 5, D:3)
  a +0 robe
(24, 6, D:3)
  a +0 scythe
(33, -22, D:3)
  a +0 dagger
(43, 17, D:3)
  a +0 robe
(48, 15, D:3)
  a +0 ring mail
  a +0 animal skin
  a +0 dagger

Level 4 of the Dungeon
(0, 0, D:4)
  a +0 dagger
(0, 6, D:4)
  a +0 falchion
(13, -12, D:4)
  a +0 mace
(18, 10, D:4)
  a +0 club
(27, 15, D:4)
  a +0 dagger
(28, -21, D:4)
  a +0 mace of holy wrath
(29, -21, D:4)
  a +0 flail
  a +0 war axe
  a +0 flail
(31, -22, D:4)
  a +0 robe
  a +0 dagger
(33, -21, D:4)
  a +0 quarterstaff
(33, 14, D:4)
  6 stones
(35, -20, D:4)
  a +0 great sword
(36, -14, D:4)
  11 gold pieces
(36, -13, D:4)
  12 gold pieces
(36, 28, D:4)
  a +0 dagger
  a +0 leather armour

Level 5 of the Dungeon
(0, 0, D:5)
  2 stones
(12, -4, D:5)
  a +0 leather armour
(18, -5, D:5)
  7 stones
(19, 3, D:5)
  a +0 trident
(23, 3, D:5)
  a +0 dagger
  5 stones
  a +0 whip
(24, 14, D:5)
  a +0 falchion
(25, 7, D:5)
  6 stones
(26, 33, D:5)
  a +0 mace
  a +0 dagger
(27, 33, D:5)
  a +0 flail
(28, 33, D:5)
  a +4 short sword
  a +0 club
  a +2 dagger of venom
  a +0 robe
  a +0 dagger
  a +0 scale mail
  a +0 club
  a +0 dagger
  a +0 scale mail
(32, 3, D:5)
  a +0 club
  4 stones
(32, 4, D:5)
  a +0 spear
(33, 3, D:5)
  a +0 short sword
  a +0 dagger
  a +0 robe
(34, 3, D:5)
  a +0 short sword
  a curare-tipped dart
  a +0 club
  a +0 halberd
(34, 36, D:5)
  a +0 sling
(36, 16, D:5)
  a +0 dagger
(41, 31, D:5)
  a +3 leather armour
  a +0 rapier
(43, 13, D:5)
  a +1 dagger of protection
(43, 21, D:5)
  a +0 hand axe
(44, 12, D:5)
  a +0 whip of freezing
  a +0 robe
(44, 14, D:5)
  a +0 hand axe

Level 6 of the Dungeon
(0, 0, D:6)
  a +0 robe
(3, -9, D:6)
  a +0 club
(5, -11, D:6)
  a +0 club
  a +0 dagger
  a +0 dagger
  a +0 dagger
  a curare-tipped dart
(6, 4, D:6)
  a +0 short sword
(7, 4, D:6)
  a stone
  a +0 short sword
  a +0 short sword
(7, 5, D:6)
  a +0 dagger
  4 poisoned darts
(9, 1, D:6)
  a +0 club
(10, -3, D:6)
  a +0 ring mail
  a +0 club
(10, 1, D:6)
  a +1 flail of protection
(11, -11, D:6)
  a +0 flail
(11, 0, D:6)
  a +0 leather armour
  a +0 whip
(14, -3, D:6)
  +0 steam dragon scales
  a +0 war axe
(23, 29, D:6)
  a +0 leather armour
(27, 2, D:6)
  3 stones
  a +0 short sword
  a curare-tipped dart
  a +0 dagger
(28, 2, D:6)
  a +0 club
  a +0 short sword
  a +0 short sword
  8 stones
  a +0 short sword
  a +0 whip
  a +0 giant spiked club
(31, -16, D:6)
  a +0 leather armour

Level 7 of the Dungeon
(2, -18, D:7)
  a +0 giant club
(10, 12, D:7)
  a +0 dagger
(20, 11, D:7)
  a +0 flail
  6 stones
  a +0 chain mail
(24, -32, D:7)
  a +0 club
  a +2 robe of cold resistance
  a +0 club
  a +0 leather armour
(24, -31, D:7)
  a +0 club
  7 stones
  a +0 chain mail
(24, -30, D:7)
  a +0 hand axe
  a +0 hand axe
  a +0 leather armour
  a +0 hand axe
  a +0 chain mail
  a +0 club
  a +0 plate armour
  a +0 hand axe
  3 boomerangs
  a +0 leather armour
(24, -10, D:7)
  a +0 dagger
  a +0 robe
(24, -1, D:7)
  a +0 ring mail
(25, -29, D:7)
  a +0 trident
  a +0 chain mail
(28, -10, D:7)
  a +0 short sword
  5 poisoned darts
(28, 9, D:7)
  a +0 flail
  a +0 scale mail
(30, 2, D:7)
  a book of Displacement
(31, -1, D:7)
  a +0 whip
  a +0 ring mail
(32, -1, D:7)
  a +0 short sword
(32, 7, D:7)
  a +0 club
(32, 9, D:7)
  a +0 club
(33, -9, D:7)
  a +0 club
  a +0 ring mail
(33, -2, D:7)
  a +0 dagger
  a +0 whip
  a +0 leather armour
  a +0 short sword
  3 stones
(33, 11, D:7)
  a +0 short sword
(34, -11, D:7)
  a +0 flail
(34, -3, D:7)
  a +0 short sword
  5 poisoned darts
(34, 3, D:7)
  a +0 quarterstaff
  a +0 shortbow
  a +0 robe
(34, 4, D:7)
  a +1 short sword of draining
  a +0 leather armour
(34, 11, D:7)
  a +3 vampiric long sword
  a +0 chain mail
(35, -15, D:7)
  a +0 whip
(35, 10, D:7)
  a +0 whip
  a +0 ring mail
(35, 11, D:7)
  a +0 hand axe
  2 boomerangs
  a +0 chain mail
(36, 9, D:7)
  a +0 leather armour
(37, -4, D:7)
  a +0 leather armour
(38, -11, D:7)
  a +0 shortbow
(38, -9, D:7)
  a +0 flail
(38, -8, D:7)
  a +0 mace
  a +0 ring mail
  a +0 club
  a +0 leather armour
  a +0 club
  a +0 scale mail
(38, -4, D:7)
  a +0 dagger
(38, -1, D:7)
  a +0 great sword
  3 poisoned darts
  a +0 plate armour
(45, 1, D:7)
  a +0 short sword
(46, -14, D:7)
  a +0 club
  a +0 scale mail
(48, -12, D:7)
  a +0 dagger
(50, -17, D:7)
  5 stones
(52, -23, D:7)
  a +0 ring mail
(52, -19, D:7)
  a +0 cloak
(58, -2, D:7)
  a +0 long sword
  a +0 leather armour
(60, -21, D:7)
  a book of Callings
(62, 5, D:7)
  a +0 leather armour

Level 8 of the Dungeon
(0, 0, D:8)
  a +0 dagger
  a +0 robe
(1, 0, D:8)
  a +0 dagger
  a +0 scale mail
  a +0 vorpal hand axe
  a +0 scale mail
(6, 14, D:8)
  6 stones
(7, -4, D:8)
  4 poisoned darts
(7, -2, D:8)
  a +0 robe
(8, 21, D:8)
  a staff of cold
(10, 0, D:8)
  a +0 ring mail
(12, 14, D:8)
  a +0 flail
  a +0 dagger
  a +0 robe
  a +0 dagger
  a +0 robe
(14, -8, D:8)
  a +0 kite shield
(28, -22, D:8)
  a +0 lajatang
(38, -2, D:8)
  a potion of cancellation
(40, 4, D:8)
  a +0 quarterstaff
(43, 3, D:8)
  a +0 trident
  a +0 shortbow
(51, -7, D:8)
  a +0 robe

Level 9 of the Dungeon
(2, 1, D:9)
  4 poisoned darts
(4, -3, D:9)
  a +0 leather armour
(12, 9, D:9)
  a lightning rod (4/4)
(13, 9, D:9)
  a +0 leather armour of cold resistance
(14, 9, D:9)
  a book of Storms
(23, 5, D:9)
  a +0 trident
(26, -22, D:9)
  a +0 flail
(26, 15, D:9)
  a +0 scale mail
(31, -7, D:9)
  a +4 dagger of chaos
  a +0 robe
(47, -14, D:9)
  a +0 long sword
(48, -2, D:9)
  3 poisoned darts

Level 10 of the Dungeon
[Shop] Ahabageq's Antique Armour Shoppe
  a +0 leather armour (54 gold)
  a +1 ring mail of fire resistance (432 gold)
  the +2 robe of the Vestibule of Hell {+Inv rC++ rN+ Regen+} (1252 gold)
    rC:        It greatly protects you from cold.
    rN:        It protects you from negative energy.
    +Inv:      It lets you turn invisible.
    Regen:     It increases your rate of health regeneration.
  a +0 ring mail (108 gold)
  the +0 leather armour of the Vaults {rElec Regen+ Str+10 Dex-4} (772 gold)
    Str:       It affects your strength (+10).
    Dex:       It affects your dexterity (-4).
    rElec:     It insulates you from electricity.
    Regen:     It increases your rate of health regeneration.
  a +0 pair of boots (121 gold)
  a +0 robe (18 gold)
(0, 0, D:10)
  a +1 robe of willpower
(7, -5, D:10)
  4 stones
(9, 35, D:10)
  a +0 plate armour
(14, -3, D:10)
  a +0 robe
(22, 19, D:10)
  a +2 mace of draining
  4 javelins
  a +0 scale mail
(22, 27, D:10)
  a +0 troll leather armour
(34, 41, D:10)
  a +0 helmet
(35, -12, D:10)
  +0 acid dragon scales
(37, 15, D:10)
  8 stones
(45, 39, D:10)
  7 stones
(53, 29, D:10)
  4 poisoned darts
(57, 21, D:10)
  a +0 leather armour

Level 11 of the Dungeon
(0, 0, D:11)
  a +0 chain mail
(4, 35, D:11)
  a +4 scimitar of flaming
  a +2 robe of resistance
(8, 28, D:11)
  a book of Conjurations
(11, 2, D:11)
  a +0 giant club
  a +0 giant spiked club
(13, 33, D:11)
  an amulet of magic regeneration
  a +0 scale mail
(15, 23, D:11)
  2 large rocks
(19, 21, D:11)
  a +3 glaive
  a +3 quarterstaff of chaos
(20, 21, D:11)
  3 large rocks
(24, 20, D:11)
  Great Wizards, Vol. VII
(25, 21, D:11)
  a +3 ring mail of cold resistance
(26, 22, D:11)
  a staff of conjuration
(26, 25, D:11)
  a +0 falchion
(34, 27, D:11)
  a +0 robe
  a +0 dagger
(40, 15, D:11)
  a +0 hand axe
(41, 14, D:11)
  a +0 hand axe
(42, 9, D:11)
  a +0 giant club
  a +0 dire flail
(42, 13, D:11)
  a +0 trident
  a +0 chain mail
(45, 1, D:11)
  a +0 chain mail
(49, 29, D:11)
  a +0 chain mail
  a +0 mace
  a +0 arbalest

Level 12 of the Dungeon
(0, 0, D:12)
  a +0 dagger
  a +0 robe
(0, 1, D:12)
  a +0 mace
  a +0 leather armour
  a +0 war axe
  a +0 plate armour
  a +0 dagger
  a +0 robe
(1, 18, D:12)
  a +0 troll leather armour
(5, 12, D:12)
  a +0 dagger
(6, -12, D:12)
  a +0 short sword
  a +0 cloak
(16, -17, D:12)
  6 stones
(20, -17, D:12)
  a +0 shortbow
  a +0 shortbow
(20, -6, D:12)
  a scroll of poison
(21, -17, D:12)
  a +0 shortbow
(21, -6, D:12)
  a +0 robe
(22, -17, D:12)
  a +0 shortbow
(22, -16, D:12)
  a +0 shortbow
(22, -15, D:12)
  a +0 shortbow
(22, -6, D:12)
  a potion of heal wounds
(23, -6, D:12)
  a potion of heal wounds
(27, -18, D:12)
  4 silver javelins
(27, -7, D:12)
  3 poisoned darts
(28, -18, D:12)
  a +0 pair of gloves
(30, -22, D:12)
  a +0 scale mail
(36, -9, D:12)
  a +0 flail
(36, -2, D:12)
  a +0 plate armour

Level 13 of the Dungeon
(0, 0, D:13)
  a +0 mace
  a +0 ring mail
  a +0 dagger
  a +0 ring mail
  a +0 dagger
  a +0 robe
  a +0 great sword
  a +0 arbalest
  a +0 plate armour
(1, 0, D:13)
  a +0 dagger
  a +0 robe
  a +0 war axe
  a +0 scimitar
  a +0 chain mail
  a +2 bardiche
  a +0 chain mail
(3, 6, D:13)
  a +0 scimitar
  a +0 chain mail
(6, -17, D:13)
  a +5 demon trident of freezing
(7, 5, D:13)
  3 datura-tipped darts
(7, 9, D:13)
  a +0 robe
(8, 6, D:13)
  a +0 robe
(18, -31, D:13)
  a +0 shortbow
(18, -30, D:13)
  a +0 shortbow
(19, -30, D:13)
  a +0 shortbow
  a +0 shortbow
  a +0 longbow
(24, -14, D:13)
  a +0 shortbow
(24, -12, D:13)
  5 stones
(27, -20, D:13)
  a +0 robe
  a +0 whip
(39, -29, D:13)
  a +0 rapier
  a +0 mace
(49, -9, D:13)
  3 poisoned darts
(52, -38, D:13)
  a +0 ring mail
(55, 6, D:13)
  a book of the Earth

Level 14 of the Dungeon
(0, 0, D:14)
  a +0 club
(2, -2, D:14)
  2 stones

the Ecumenical Temple

Level 1 of the Lair of Beasts
(0, 0, Lair:1)
  a +0 broad axe
(12, 17, Lair:1)
  a +0 pair of boots
(20, -19, Lair:1)
  5 stones
(25, 19, Lair:1)
  a +6 vorpal demon blade
(32, 26, Lair:1)
  a scroll of vulnerability
(33, 36, Lair:1)
  5 stones
(43, 32, Lair:1)
  a +0 hand axe
(44, -15, Lair:1)
  a +0 pair of boots
(44, -14, Lair:1)
  a staff of conjuration
(44, 18, Lair:1)
  a +0 robe
(45, -16, Lair:1)
  a +0 cloak
(47, 11, Lair:1)
  3 scrolls of vulnerability
(56, 25, Lair:1)
  7 stones

Level 2 of the Lair of Beasts
(10, -22, Lair:2)
  a +0 robe
(23, 6, Lair:2)
  a ring of wizardry
(26, 15, Lair:2)
  8 stones
(26, 17, Lair:2)
  5 stones
(26, 18, Lair:2)
  a book of Alchemy
(27, -23, Lair:2)
  a scroll of vulnerability
(28, 18, Lair:2)
  a +0 scimitar
(34, 14, Lair:2)
  a book of Vapours
(36, 17, Lair:2)
  a +0 mace
(50, 5, Lair:2)
  a +0 quarterstaff
(55, 28, Lair:2)
  a +0 long sword
(64, 0, Lair:2)
  a +0 chain mail
(66, 26, Lair:2)
  a book of Sloth

Level 3 of the Lair of Beasts
(0, 0, Lair:3)
  a scroll of vulnerability
(1, 8, Lair:3)
  7 stones
(4, -4, Lair:3)
  a +0 buckler
(16, 31, Lair:3)
  a +0 falchion of holy wrath

Level 4 of the Lair of Beasts
(0, 0, Lair:4)
  a +0 hand axe
(3, -31, Lair:4)
  a +0 hand axe
(24, 3, Lair:4)
  a book of Winter
(26, 20, Lair:4)
  4 stones
(34, 7, Lair:4)
  a +0 arbalest

Level 5 of the Lair of Beasts
(0, 0, Lair:5)
  Great Wizards, Vol. VII
(0, 13, Lair:5)
  a book of Cantrips
(1, 14, Lair:5)
  a +0 scale mail
(7, 9, Lair:5)
  a book of Geomancy
(9, -7, Lair:5)
  a box of beasts
(9, -3, Lair:5)
  a +0 ring mail
(10, -11, Lair:5)
  a +0 battleaxe
(10, -1, Lair:5)
  a box of beasts
(12, 7, Lair:5)
  a +2 vorpal glaive
(27, -10, Lair:5)
  2 potions of degeneration
(45, 6, Lair:5)
  3 curare-tipped darts
(63, -12, Lair:5)
  3 potions of brilliance
(64, -21, Lair:5)
  a +0 hat
(75, -11, Lair:5)
  6 stones

Level 1 of the Swamp
(1, 6, Swamp:1)
  a +0 mace
(8, -13, Swamp:1)
  a +0 plate armour
(12, -18, Swamp:1)
  the +6 dagger of Dikhloc {venom, rF+ Will+ Int+3}
    It poisons the flesh of those it strikes.
    
    Int:       It affects your intelligence (+3).
    rF:        It protects you from fire.
    Will:      It increases your willpower.
(12, 1, Swamp:1)
  a +0 ring mail
(24, 12, Swamp:1)
  a scroll of vulnerability
(30, -22, Swamp:1)
  a staff of cold
(39, -26, Swamp:1)
  a +0 falchion

Level 2 of the Swamp
(0, 0, Swamp:2)
  a Young Poisoner's Handbook
(2, 0, Swamp:2)
  a +0 hand axe
(3, 17, Swamp:2)
  8 stones
(4, 9, Swamp:2)
  3 potions of magic
(15, 3, Swamp:2)
  a +2 antimagic hand axe
(20, 5, Swamp:2)
  a +0 ring mail
(27, -9, Swamp:2)
  a +0 quarterstaff
  a +0 robe
  a spriggan corpse (skeletalised by now)

Level 3 of the Swamp
(0, 0, Swamp:3)
  a hydra corpse
(3, 25, Swamp:3)
  a +0 chain mail
(4, 1, Swamp:3)
  a book of Touch
(5, 24, Swamp:3)
  a +0 long sword
(17, 11, Swamp:3)
  an eleionoma corpse
(17, 12, Swamp:3)
  a +1 mace of draining
(17, 13, Swamp:3)
  an eleionoma corpse
(20, 19, Swamp:3)
  a swamp worm corpse
(21, 6, Swamp:3)
  a +0 robe

Level 1 of the Snake Pit
(0, 0, Snake:1)
  a +0 shortbow
  a +0 short sword
(1, -1, Snake:1)
  a +0 dire flail
  a +0 robe
(3, -11, Snake:1)
  a +0 halberd
(14, -2, Snake:1)
  a +0 war axe
(14, -1, Snake:1)
  a +0 morningstar
(17, -5, Snake:1)
  a +0 ring mail
(19, -16, Snake:1)
  a +0 spear
(19, -15, Snake:1)
  a +0 robe
  a +0 glaive
(19, 6, Snake:1)
  a +0 battleaxe
(20, -17, Snake:1)
  a +0 trident
(20, 7, Snake:1)
  a +0 hand axe
  a +0 battleaxe
  a +0 robe
  a +0 whip
  a +0 robe
  a +0 short sword of electrocution
  a +0 robe
(21, -17, Snake:1)
  a +0 war axe
  a +0 shortbow
(21, -16, Snake:1)
  a +0 long sword
(22, -1, Snake:1)
  a +0 glaive
(24, -18, Snake:1)
  a +0 hand axe
(25, -23, Snake:1)
  a +0 robe (still there?)
  a +4 mace (still there?)
  a +0 robe (still there?)
  a +0 dire flail (still there?)
  a +0 battleaxe (still there?)
  a +0 shortbow (still there?)
  a +0 glaive (still there?)
  a +0 shortbow (still there?)
  a +0 spear (still there?)
(26, -23, Snake:1)
  a +0 robe (still there?)
  a +2 short sword of venom (still there?)
(30, -27, Snake:1)
  a +0 short sword
(30, -6, Snake:1)
  a +2 dire flail of protection
(31, -11, Snake:1)
  a +0 scimitar
  a +0 arbalest
(34, -17, Snake:1)
  a +0 long sword
(34, -6, Snake:1)
  a +0 long sword
(35, -5, Snake:1)
  a +3 antimagic trident
  a +0 hand axe
(36, -7, Snake:1)
  6 stones
(36, -5, Snake:1)
  a +0 scimitar
  a +0 short sword
(36, -4, Snake:1)
  a +2 robe of willpower
  a +0 dire flail

Level 2 of the Snake Pit
[Shop] Runn's General Store
  2 potions of flight (90 gold)
  a +0 long sword (52 gold)
  a scroll of immolation (60 gold)
  5 stones (7 gold)
  +0 swamp dragon scales (750 gold)
  a +3 scale mail of cold resistance (390 gold)
  a condenser vane (600 gold)
  a box of beasts (600 gold)
  a scroll of identify (30 gold)
(0, 0, Snake:2)
  a +0 mace
  a +0 flail
(1, 0, Snake:2)
  a +0 robe
  a +0 scimitar
(2, 0, Snake:2)
  a +0 dire flail
(2, 1, Snake:2)
  a +0 robe
  a +0 quarterstaff
(5, 30, Snake:2)
  a +0 broad axe
(10, 11, Snake:2)
  a +0 glaive
(11, -12, Snake:2)
  a +2 morningstar of holy wrath
(13, -6, Snake:2)
  a +0 flail
(14, -15, Snake:2)
  a +0 battleaxe
(16, -18, Snake:2)
  a +0 hand axe
  a +0 robe
(17, -17, Snake:2)
  a +0 flail
(18, -18, Snake:2)
  a +0 shortbow of flaming
(27, 14, Snake:2)
  a +2 pair of boots
(32, 6, Snake:2)
  a +0 scale mail
(34, -18, Snake:2)
  a +0 battleaxe
  a potion of brilliance
(35, -18, Snake:2)
  a +0 war axe
  a +0 dire flail
  a +0 robe
(35, 22, Snake:2)
  5 boomerangs
(36, -18, Snake:2)
  a +0 spear
  a +0 robe
(37, -19, Snake:2)
  a +0 flail
  a +0 robe
(37, -18, Snake:2)
  a +0 long sword
(43, 19, Snake:2)
  a book of Blasting
(45, 26, Snake:2)
  a +0 glaive
(45, 27, Snake:2)
  a +0 scale mail
(48, 27, Snake:2)
  a +0 hand axe
(51, -13, Snake:2)
  a ring of positive energy
(54, -15, Snake:2)
  3 large rocks
(55, 32, Snake:2)
  a +0 robe
(56, 26, Snake:2)
  the +4 ring mail of Cynicism {Will+}
    Will:      It increases your willpower.

Level 3 of the Snake Pit
(0, 0, Snake:3)
  a book of Displacement
(1, -18, Snake:3)
  a +0 pair of gloves
(4, -21, Snake:3)
  a +0 robe
  a +0 trident
  a +0 shortbow of flaming
(4, -20, Snake:3)
  a +0 trident
  a +0 shortbow of flaming
  a +0 robe
  a +0 dagger
(7, -27, Snake:3)
  2 stones
(8, -12, Snake:3)
  a +0 helmet
(19, -20, Snake:3)
  a +0 flail
(19, -19, Snake:3)
  a +0 robe
  a +2 dire flail of draining
(20, -7, Snake:3)
  a +0 battleaxe
  a +2 robe of resistance
  a +0 halberd
(20, -6, Snake:3)
  a +0 robe
  a +1 vorpal trident
(21, -18, Snake:3)
  a +0 flail
(21, -5, Snake:3)
  a +0 long sword
(23, -4, Snake:3)
  a +2 halberd of distortion
(27, -15, Snake:3)
  the +6 great sword of Qeelirgh {venom, Int+2}
    It poisons the flesh of those it strikes.
    
    Int:       It affects your intelligence (+2).
(28, -16, Snake:3)
  4 stones
(30, 10, Snake:3)
  a +0 robe
  a +0 short sword
(32, 10, Snake:3)
  a +0 robe
  a +0 hand axe
(32, 11, Snake:3)
  a +0 hand axe
(40, -10, Snake:3)
  a book of Death
(47, 5, Snake:3)
  4 curare-tipped darts
(49, -16, Snake:3)
  a +0 hand axe
  a +0 robe
  a +2 tower shield of reflection
(50, -18, Snake:3)
  a stone
(51, -16, Snake:3)
  8 stones
(51, -15, Snake:3)
  2 stones
(52, -17, Snake:3)
  5 stones
(52, -15, Snake:3)
  8 stones
(52, -13, Snake:3)
  5 stones
(60, -11, Snake:3)
  a +0 scimitar
  a +0 short sword
(61, -11, Snake:3)
  a +0 halberd
  a +0 robe
(62, -11, Snake:3)
  a +0 flail
(63, -11, Snake:3)
  a +0 whip

Level 4 of the Snake Pit
(1, 0, Snake:4)
  a +0 whip
  a +0 robe
  quicksilver dragon scales
(5, 10, Snake:4)
  a +0 spear
(7, -18, Snake:4)
  a +2 vorpal shortbow
  a +0 hand axe
  a +0 robe
(8, -18, Snake:4)
  a +0 quarterstaff
(10, 7, Snake:4)
  a +0 shortbow
  a +0 hand axe
  a +0 robe
(12, 3, Snake:4)
  a +0 hand axe
(12, 7, Snake:4)
  a +0 glaive
  a +0 robe
(16, 13, Snake:4)
  a +0 battleaxe
(17, 15, Snake:4)
  a +0 longbow
  a +0 long sword
  a +0 robe
(23, 11, Snake:4)
  a +0 robe
(23, 18, Snake:4)
  a +0 longbow
(28, 4, Snake:4)
  a +0 longbow
  a +0 halberd
(32, -19, Snake:4)
  a +0 arbalest
  a +1 short sword of venom
(38, -19, Snake:4)
  a +0 great sword
(43, -25, Snake:4)
  a +0 war axe
(52, 21, Snake:4)
  a +0 shortbow of flaming
(53, -26, Snake:4)
  a +0 short sword
(54, -9, Snake:4)
  a +0 battleaxe
  a +0 robe
(55, -9, Snake:4)
  a +0 trident
(55, -8, Snake:4)
  a +0 trident
  a +0 robe
(55, -7, Snake:4)
  a +0 longbow
  a +0 flail
(55, 12, Snake:4)
  a +0 trident
  a +0 robe
(57, 12, Snake:4)
  a +0 hand axe

