code2828

Level 1 of the Dungeon
(1, 7, D:1)
  a +0 dagger
(3, 15, D:1)
  a +0 hand axe
(13, 0, D:1)
  a +0 club
(17, 21, D:1)
  a +0 robe
(23, 13, D:1)
  a +0 mace
(25, 15, D:1)
  a +0 dagger
  5 stones
(30, 3, D:1)
  a book of Lightning
(31, 6, D:1)
  a +0 dagger
(32, 6, D:1)
  a +0 short sword
(36, 18, D:1)
  a +0 hand axe

Level 2 of the Dungeon
(10, 26, D:2)
  a +0 whip
(16, 21, D:2)
  a staff of death
(34, 2, D:2)
  a stone
  a +0 club
(36, -2, D:2)
  a +0 dagger
(40, -15, D:2)
  a +0 short sword

Level 3 of the Dungeon
(0, 0, D:3)
  a +0 helmet
(8, -15, D:3)
  a +0 dagger
  a +0 club
(9, -12, D:3)
  a +0 leather armour
(13, -15, D:3)
  a +0 club
(16, 12, D:3)
  8 stones
(27, 2, D:3)
  a +0 dagger
(27, 3, D:3)
  a +0 club
(29, 18, D:3)
  5 javelins
(31, -16, D:3)
  5 stones
(45, -12, D:3)
  a ring of poison resistance
(56, -8, D:3)
  3 stones

Level 4 of the Dungeon
(0, 0, D:4)
  a +0 club
(0, 1, D:4)
  a +0 ring mail
  a +0 animal skin
(10, -28, D:4)
  a +0 whip
(10, 6, D:4)
  a +0 ring mail
(13, -13, D:4)
  9 stones
(17, -24, D:4)
  a +0 helmet
(17, 7, D:4)
  a +0 whip
(20, -38, D:4)
  a +0 ring mail
(20, -5, D:4)
  a +0 robe
(22, -20, D:4)
  a +0 ring mail
(24, -28, D:4)
  6 stones
(24, -23, D:4)
  a +0 club
(31, -29, D:4)
  a stone
(45, -26, D:4)
  a +0 whip
(48, 4, D:4)
  a book of Frost

Level 5 of the Dungeon
(0, 0, D:5)
  a scroll of butterflies
(1, -1, D:5)
  a scroll of identify
(6, 6, D:5)
  a +0 club
  a +0 leather armour
(12, -20, D:5)
  a +0 mace
(16, 0, D:5)
  a +0 chain mail
  a +0 dagger
(17, 6, D:5)
  a +0 leather armour
(18, 26, D:5)
  a +0 plate armour
(23, -7, D:5)
  6 stones
(28, 22, D:5)
  a +0 mace
(29, -14, D:5)
  a +0 shortbow
(33, 2, D:5)
  a +0 ring mail
(35, 4, D:5)
  a +0 dagger
(38, 1, D:5)
  6 stones
(41, -18, D:5)
  a +0 trident
  a +0 robe
(41, -16, D:5)
  a +0 robe
(41, 0, D:5)
  9 stones
  2 atropa-tipped darts
(46, -5, D:5)
  a +0 dagger
  a +0 robe
(46, 15, D:5)
  a +2 hand axe of flaming
  a +0 robe of the Archmagi
(48, -7, D:5)
  7 stones
(50, 1, D:5)
  a +3 short sword of venom
  a +0 ring mail
(51, -8, D:5)
  3 stones
(52, 4, D:5)
  a +0 war axe

Level 6 of the Dungeon
(0, 0, D:6)
  a +0 leather armour
(11, -46, D:6)
  a +0 great mace
(18, -51, D:6)
  a +0 dagger
(20, -47, D:6)
  a +0 battleaxe
(20, -28, D:6)
  5 stones
  a +0 sling
  a +0 shortbow
(20, -27, D:6)
  a +0 hand axe
  a +0 club
  a +0 giant spiked club
  a +0 giant club
(21, -28, D:6)
  a +0 chain mail
  a +0 hand axe
(35, -1, D:6)
  a +0 dagger
(35, 1, D:6)
  3 stones
(36, -49, D:6)
  a +0 mace
(40, -49, D:6)
  a +0 spear
(40, -14, D:6)
  a +2 dagger of draining
(41, -50, D:6)
  a +0 spear
(41, -49, D:6)
  a +0 club
  a +0 robe
(41, -14, D:6)
  a +0 dagger
(42, -49, D:6)
  a +0 spear
(42, -15, D:6)
  a +0 trident

Level 7 of the Dungeon
(9, -7, D:7)
  7 stones
(11, -14, D:7)
  a +0 pair of boots
(17, -8, D:7)
  a +0 hand axe
(18, -10, D:7)
  a book of Touch
(18, -8, D:7)
  a +0 hand axe
(19, -8, D:7)
  a +0 ring mail
  a +6 quarterstaff of speed
  a +0 sling
  a +0 hand axe
(19, -7, D:7)
  a +0 hand axe
(19, 2, D:7)
  a +0 scale mail
(20, 6, D:7)
  a +0 robe
(35, 3, D:7)
  a +0 leather armour
(43, 5, D:7)
  +0 steam dragon scales
(44, 7, D:7)
  a +0 whip
(46, 8, D:7)
  a +2 flail of holy wrath
  (unseen)
(48, 10, D:7)
  a +0 flail
(51, 12, D:7)
  a +0 flail

Level 8 of the Dungeon
(0, 0, D:8)
  a +3 leather armour
(4, 5, D:8)
  5 stones
(10, -28, D:8)
  a +2 dagger of draining
  6 poisoned darts
(10, -27, D:8)
  a +0 dagger
  5 poisoned darts
(10, -26, D:8)
  a +0 whip
  5 stones
(11, -27, D:8)
  a +0 club
  a stone
  a +0 whip
(11, -26, D:8)
  a +0 short sword
(22, 5, D:8)
  a ring of magical power
  a +0 falchion
(23, -16, D:8)
  4 stones
(24, -29, D:8)
  a +0 hand axe
  a +0 scale mail
  a +0 falchion
(25, -29, D:8)
  a +0 club
  a +0 dagger
  a +0 robe
(28, -11, D:8)
  a +0 falchion
(34, -33, D:8)
  5 stones
(43, -15, D:8)
  6 datura-tipped darts
(49, -27, D:8)
  a +0 hand axe
  a +0 robe
(50, -27, D:8)
  a +0 short sword of freezing
  a +0 robe
  a +2 short sword
  a +0 robe
(50, -25, D:8)
  a +3 dagger
  a +0 robe
(51, -27, D:8)
  a +3 dagger
  a +0 robe
(51, -13, D:8)
  a +0 flail

Level 9 of the Dungeon
(0, 0, D:9)
  a -1 demon whip of venom
(5, 22, D:9)
  a +0 short sword
(6, -7, D:9)
  a +0 giant spiked club
  a +0 giant club
(13, 12, D:9)
  a +0 leather armour
(15, -1, D:9)
  a book of the Warp
(22, -7, D:9)
  a +0 chain mail
(26, 6, D:9)
  5 stones
(39, 18, D:9)
  the +2 quarterstaff of Destiny {protect, Int+6}
    It grants its wielder temporary protection when it strikes (+7 to AC).
    
    Int:       It affects your intelligence (+6).
(44, -1, D:9)
  a +0 mace
  a +0 scale mail
(45, -1, D:9)
  a +0 flail
  a +0 ring mail
(46, -1, D:9)
  a +0 plate armour

Level 10 of the Dungeon
(0, 0, D:10)
  4 javelins
(1, 8, D:10)
  a +0 sling
(11, -7, D:10)
  a +0 quarterstaff
(18, 12, D:10)
  a +3 shortbow
(18, 15, D:10)
  a +0 war axe
(22, -20, D:10)
  a +0 robe
(24, 9, D:10)
  a +0 hand axe
(25, -1, D:10)
  a +0 giant club
  a +0 dire flail
(29, -1, D:10)
  a +0 dagger
  a +0 arbalest
  a +1 dagger of pain
  a +1 dagger of venom
  6 stones
  a +0 morningstar
(30, 0, D:10)
  a +0 dagger
  a +0 robe
(32, -27, D:10)
  a +0 dagger
(33, -28, D:10)
  a +0 club
  a +0 leather armour
  a +0 short sword
  a +0 dagger
  a +0 robe
  a +0 flail
  a +0 leather armour
  a +0 scimitar
  a +0 chain mail
(33, -27, D:10)
  a +0 dagger
  a +0 robe
(33, -26, D:10)
  a +0 hand axe
  a +0 leather armour
(34, -28, D:10)
  a +0 scimitar
  a +0 chain mail
  a +0 club
  a +1 mace of draining
  a +0 mace
  a +0 plate armour
  a book of Spectacle
(34, -26, D:10)
  a +0 short sword
  a +0 ring mail
(35, -28, D:10)
  a +0 dagger
  a +0 robe
  a +0 dagger
  a +0 robe
  a +0 dagger
  a +0 robe
  a +0 dagger
  a +0 robe
  a +0 flail
  a +0 chain mail
(35, -27, D:10)
  a +0 dagger
  a +0 robe
(35, -26, D:10)
  a +0 club
  a +0 whip
  a +0 dagger
  a +0 robe
  a +0 mace
(48, -5, D:10)
  a +1 dagger of holy wrath
  a +0 robe
(48, -3, D:10)
  a +0 dagger
  a +0 scale mail
  a +0 club
  a +0 scale mail
  an amulet of reflection
  a +0 dagger
  a +0 robe

Level 11 of the Dungeon
[Shop] Umabb's Antique Armour Shoppe
  a +0 scale mail (100 gold)
  an orb of wrath (325 gold)
  a +0 leather armour (50 gold)
  the +1 robe "Ygheaggoerch" {Str-4 Dex+9} (580 gold)
    Str:       It affects your strength (-4).
    Dex:       It affects your dexterity (+9).
  a +0 plate armour (575 gold)
  a +2 ring mail of poison resistance (450 gold)
  a +0 leather armour (50 gold)
  a +2 plate armour of cold resistance (1000 gold)
  a +0 robe (17 gold)
(0, 7, D:11)
  a +0 sling
(2, 4, D:11)
  a stone
(11, -28, D:11)
  a +0 shortbow
(11, -27, D:11)
  a +0 shortbow
(11, -16, D:11)
  a +2 dagger of venom
(13, -27, D:11)
  a +0 shortbow
(13, -8, D:11)
  a +0 long sword
  a +0 plate armour
(14, -8, D:11)
  a +5 trident of freezing
  a +0 spear of venom
  a +2 great sword
  a +0 spear
(14, -7, D:11)
  a +0 trident
  a +0 leather armour
  a +0 trident
  a +0 scale mail
  a +0 kite shield
  a +0 club
(15, -7, D:11)
  a +0 hand axe
(16, -7, D:11)
  a +0 spear
(19, -27, D:11)
  a +0 giant club
  a +0 dire flail
(37, -5, D:11)
  4 stones
(39, -24, D:11)
  a +0 club
  a +0 leather armour
  a +0 flail
(39, -23, D:11)
  a +2 dagger of protection
  a +0 robe
(40, -23, D:11)
  a +0 whip
  a +0 leather armour
(40, -10, D:11)
  a +0 shortbow
(46, -29, D:11)
  8 stones
(48, -14, D:11)
  a +0 chain mail

the Ecumenical Temple

Level 1 of the Lair of Beasts
(25, 4, Lair:1)
  a +0 ring mail
(26, 36, Lair:1)
  5 stones
(28, 36, Lair:1)
  8 stones
(30, 4, Lair:1)
  7 stones
(39, 4, Lair:1)
  2 poisoned darts
(39, 40, Lair:1)
  a +0 club
(40, 27, Lair:1)
  a +0 rapier

Level 2 of the Lair of Beasts
(0, 0, Lair:2)
  a +0 leather armour
(2, 26, Lair:2)
  a book of the Hunter
(3, -8, Lair:2)
  a +0 trident
(10, 6, Lair:2)
  a ring of poison resistance
(12, -12, Lair:2)
  a +0 lajatang
(23, -17, Lair:2)
  an alligator skeleton
(24, -7, Lair:2)
  the +0 robe of the Nexus {Int+4}
    Int:       It affects your intelligence (+4).
(28, -28, Lair:2)
  a +0 pair of boots
(32, 6, Lair:2)
  2 potions of degeneration
  a +1 pair of boots
(33, -20, Lair:2)
  a +0 robe
(34, -10, Lair:2)
  a +0 shortbow
(41, -19, Lair:2)
  7 stones

Level 3 of the Lair of Beasts
(5, -50, Lair:3)
  a book of Party Tricks
(7, -35, Lair:3)
  a +0 leather armour
(21, -24, Lair:3)
  4 stones
(32, -46, Lair:3)
  a +0 robe
(33, -21, Lair:3)
  a +0 robe
(33, -8, Lair:3)
  a ring of poison resistance
(41, -28, Lair:3)
  7 stones
(41, -7, Lair:3)
  a +0 dagger
(49, -4, Lair:3)
  a +2 vorpal executioner's axe
(53, -3, Lair:3)
  an orb of energy
(55, -46, Lair:3)
  a +6 ring of strength

Level 4 of the Lair of Beasts
(2, 42, Lair:4)
  a +3 war axe
(6, 28, Lair:4)
  a +0 chain mail
  a +1 antimagic battleaxe
(7, 12, Lair:4)
  a +1 robe of willpower
(11, 15, Lair:4)
  a +0 leather armour
(13, 9, Lair:4)
  a +0 spear
(17, 44, Lair:4)
  a +0 whip
(38, -2, Lair:4)
  a +0 scale mail
(49, 2, Lair:4)
  a +0 pair of boots
(50, -5, Lair:4)
  a +0 robe

Level 5 of the Lair of Beasts
(3, 7, Lair:5)
  a +0 ring mail
(3, 8, Lair:5)
  a +0 long sword
(4, 5, Lair:5)
  a +0 leather armour
(4, 8, Lair:5)
  a +0 leather armour
(6, 3, Lair:5)
  a +0 great sword
(11, 5, Lair:5)
  a +0 club
(11, 38, Lair:5)
  a +1 troll leather armour {Snorg}
(22, 30, Lair:5)
  a +0 plate armour
(22, 38, Lair:5)
  3 poisoned darts
(31, 39, Lair:5)
  a +0 chain mail
(41, 28, Lair:5)
  a +0 scale mail
(41, 36, Lair:5)
  a +0 morningstar
(44, 43, Lair:5)
  a +3 antimagic rapier
(57, 24, Lair:5)
  a +0 shortbow
(60, 49, Lair:5)
  a +0 flail
(62, 45, Lair:5)
  a +0 long sword
(66, 52, Lair:5)
  a +0 leather armour
(66, 64, Lair:5)
  a +0 shortbow
(69, 43, Lair:5)
  a +0 leather armour
  a +0 robe

Level 1 of the Swamp
(0, 0, Swamp:1)
  a potion of berserk rage
(2, -6, Swamp:1)
  a hornet corpse
(2, 0, Swamp:1)
  a +0 long sword
(4, -2, Swamp:1)
  a +0 war axe
(6, -13, Swamp:1)
  a potion of might

