code2828

Level 1 of the Dungeon
(0, 0, D:1)
  a +0 dagger
(3, -4, D:1)
  a +0 whip
(5, -21, D:1)
  a +0 robe
(6, -9, D:1)
  a +0 hand axe
(7, 7, D:1)
  3 stones
  a +0 dagger
(8, -21, D:1)
  a +2 short sword of electrocution
(10, -19, D:1)
  a +0 short sword
(12, -23, D:1)
  a +0 short sword
(12, -22, D:1)
  a +0 whip
(12, -21, D:1)
  a +0 whip
  2 stones
(16, -35, D:1)
  a +0 leather armour
(23, 9, D:1)
  5 stones
(23, 15, D:1)
  a +0 whip
  4 stones
(29, -27, D:1)
  a +0 dagger
(32, -23, D:1)
  a +0 ring mail
(43, -30, D:1)
  a +0 dagger
(45, -30, D:1)
  4 stones

Level 2 of the Dungeon
(0, 0, D:2)
  a +0 club
(16, -3, D:2)
  a +0 dagger
  a +0 sling
(19, -7, D:2)
  a +0 mace
(20, -39, D:2)
  a +0 short sword
  4 stones
(25, -10, D:2)
  a +0 leather armour
(26, -7, D:2)
  a +0 leather armour
(42, -31, D:2)
  5 stones

Level 3 of the Dungeon
(0, 0, D:3)
  a +0 ring mail
(11, -5, D:3)
  a +0 trident
(15, 0, D:3)
  5 stones
  a +0 dagger
(19, 9, D:3)
  a +0 dagger
(24, -17, D:3)
  a +0 club
(25, -16, D:3)
  a +0 mace
  a +0 ring mail
(28, -22, D:3)
  2 stones
(29, -13, D:3)
  3 boomerangs
  a +0 mace
(30, 3, D:3)
  2 stones
  a +3 short sword
(36, -17, D:3)
  16 gold pieces
(36, -16, D:3)
  a scroll of identify
(42, 8, D:3)
  a +0 dagger
(43, 8, D:3)
  7 stones
(45, 11, D:3)
  a +0 ring mail

Level 4 of the Dungeon
(0, 0, D:4)
  a +0 dagger
(1, 4, D:4)
  a +0 trident
(2, -12, D:4)
  a +0 robe
(2, 11, D:4)
  a +0 leather armour
  a +0 dagger
(3, 11, D:4)
  a +0 club
(3, 12, D:4)
  a +0 leather armour
  a +0 dagger
(5, 10, D:4)
  a +0 leather armour
  a +0 dagger
(8, -8, D:4)
  a +0 leather armour
(8, 15, D:4)
  a +0 whip
(11, 16, D:4)
  a +0 leather armour
(13, -22, D:4)
  a +0 falchion
(14, -7, D:4)
  a +0 spear
(23, -19, D:4)
  a +0 dagger
(39, -35, D:4)
  2 stones

Level 5 of the Dungeon
(0, 0, D:5)
  a +0 club
(5, -15, D:5)
  a jackal corpse
(5, -13, D:5)
  a +0 dagger
  a +0 robe
  an orc corpse
(5, -12, D:5)
  a +0 falchion
  a +0 ring mail
  an orc corpse
(5, -11, D:5)
  a jackal corpse
(5, -9, D:5)
  a +1 dagger of speed
  a +0 robe
(17, -36, D:5)
  a dart slug corpse
(17, -9, D:5)
  a +0 leather armour
(18, -18, D:5)
  8 gold pieces
(24, -10, D:5)
  a +0 robe
(40, -38, D:5)
  a +0 shortbow
(52, -8, D:5)
  a +0 flail
(53, -7, D:5)
  a +0 whip
(54, -31, D:5)
  a +0 ring mail
(56, -21, D:5)
  6 stones
(56, -7, D:5)
  6 stones
(59, -24, D:5)
  a +0 long sword
(63, -32, D:5)
  a +0 hand axe
(64, -32, D:5)
  a +0 hand axe
  a +0 leather armour
  a +0 flail
  a +0 leather armour

