code2828

Level 1 of the Dungeon
(0, 0, D:1)
  2 stones
(8, -6, D:1)
  a +0 leather armour
(23, 28, D:1)
  6 poisoned darts
(24, 4, D:1)
  a +0 dagger
(28, 4, D:1)
  a +0 dagger
(29, 16, D:1)
  4 stones
(31, 18, D:1)
  a +0 leather armour
(41, -1, D:1)
  a +0 club
(52, 26, D:1)
  a +0 short sword
(55, 51, D:1)
  a +0 robe
(70, 3, D:1)
  a +0 vorpal mace

Level 2 of the Dungeon
(3, -2, D:2)
  a +0 dagger of electrocution
(3, 23, D:2)
  a +0 club
(7, 16, D:2)
  6 stones
(11, -14, D:2)
  a +0 short sword
  5 stones
(18, -17, D:2)
  a +0 short sword
(20, -4, D:2)
  a +0 short sword
(21, -16, D:2)
  a +0 ring mail
(21, 25, D:2)
  a +0 dagger
(24, -18, D:2)
  a +0 dagger
(36, -2, D:2)
  a +0 dagger
(38, -17, D:2)
  a +0 club
  a +0 sling
(45, 15, D:2)
  a +0 sling
  18 stones

Level 3 of the Dungeon
(0, 0, D:3)
  a staff of air
(7, -5, D:3)
  a +0 dagger
(11, 12, D:3)
  a +0 leather armour
(13, 3, D:3)
  a ball python corpse
(14, 13, D:3)
  a +0 short sword
(15, 6, D:3)
  a +0 dagger
(15, 7, D:3)
  an adder corpse
(17, 9, D:3)
  a +0 robe
(35, -1, D:3)
  a +0 short sword
  a kobold corpse
(42, 12, D:3)
  13 gold pieces

