code2828

Level 1 of the Dungeon
(0, 0, D:1)
  7 stones
(7, 17, D:1)
  a +0 hand axe
(7, 39, D:1)
  6 javelins
(17, 31, D:1)
  a +0 mace
(17, 36, D:1)
  a +0 dagger
  a +0 dagger
  2 stones
  a +0 whip
(22, 47, D:1)
  a +0 short sword

Level 2 of the Dungeon
(0, 0, D:2)
  a +0 hand axe
(2, 15, D:2)
  a +0 short sword
(12, 23, D:2)
  a +0 dagger
(13, 3, D:2)
  a +0 scale mail
(13, 15, D:2)
  a +0 dagger
(13, 23, D:2)
  a +0 club
(17, 6, D:2)
  a +0 robe
  7 stones
  a +0 dagger
(18, 4, D:2)
  a +0 leather armour
(23, 20, D:2)
  a +0 trident
(24, 19, D:2)
  a +0 dagger
(24, 20, D:2)
  a +0 dagger
(32, 1, D:2)
  a stone
  a +0 short sword
(38, -7, D:2)
  3 atropa-tipped darts
(38, -1, D:2)
  a +0 chain mail
(40, 17, D:2)
  7 stones
(46, 6, D:2)
  3 stones
  a +0 whip
(46, 23, D:2)
  a +0 short sword
(47, 2, D:2)
  3 stones
(49, -11, D:2)
  a +0 robe
(51, 12, D:2)
  4 large rocks

Level 3 of the Dungeon
(0, 0, D:3)
  a +0 hand axe
(3, -9, D:3)
  a +0 dagger
  3 stones
(6, 6, D:3)
  a +0 spear
(8, -21, D:3)
  a +0 scale mail
(9, -6, D:3)
  4 poisoned darts
(33, 10, D:3)
  a +0 falchion
  a +0 ring mail
(34, 13, D:3)
  a +0 dagger
  a +2 robe of willpower
(35, 20, D:3)
  a +0 robe
(44, -10, D:3)
  9 stones
(45, 15, D:3)
  a +0 hand axe
(47, -12, D:3)
  a +0 trident
(52, 21, D:3)
  a +0 dagger
(53, 16, D:3)
  a +0 whip

Level 4 of the Dungeon
(0, 0, D:4)
  6 stones
(5, 2, D:4)
  a +0 dagger
  a +0 sling
(6, 2, D:4)
  a +0 club
(9, 2, D:4)
  a +0 club
(10, 1, D:4)
  a +0 dagger
(13, 3, D:4)
  a +0 dagger
(13, 4, D:4)
  a +0 club
  a +0 club
  a +0 animal skin
  a +0 helmet
(14, 2, D:4)
  a +0 sling
  a +0 dagger
(23, -24, D:4)
  a +0 whip
(24, -37, D:4)
  a +0 rapier
(27, -11, D:4)
  a +0 hand axe
  a +0 leather armour
(31, -25, D:4)
  a +0 dagger
(40, -36, D:4)
  a +0 leather armour
(43, -23, D:4)
  a +0 short sword
(49, -14, D:4)
  a +0 club
(56, -23, D:4)
  a +0 whip
(63, -18, D:4)
  a +0 scale mail
(63, -3, D:4)
  a +0 dagger
  a +0 sling

Level 5 of the Dungeon
(0, 0, D:5)
  a +0 whip
(2, 11, D:5)
  a +0 sling
(13, 28, D:5)
  a +0 giant club
(21, 25, D:5)
  5 poisoned darts
(22, 6, D:5)
  a +0 sling
(24, 39, D:5)
  a +0 robe
(24, 42, D:5)
  6 poisoned darts
(31, 12, D:5)
  6 javelins
(42, 42, D:5)
  5 stones
(43, -11, D:5)
  a +0 giant club
(43, -10, D:5)
  a +0 shortbow
(43, 29, D:5)
  a +0 dire flail
  a +0 robe
(48, 16, D:5)
  a +3 dagger
  5 stones
  a +0 robe
(49, 18, D:5)
  a +0 short sword
  a +0 robe
  a +0 great sword
  a +0 robe
  a +1 scimitar of venom
  a +0 robe
(50, 2, D:5)
  a +0 falchion

Level 6 of the Dungeon
(23, 14, D:6)
  a +0 short sword
(25, 15, D:6)
  a +0 robe
(28, 13, D:6)
  a +0 ring mail
(32, 39, D:6)
  a +0 robe
(34, 1, D:6)
  a +0 club
(34, 2, D:6)
  a +0 flail
(35, 2, D:6)
  a +0 leather armour
  a +0 whip
  a +0 ring mail
  a +0 falchion
(36, 1, D:6)
  a +0 chain mail
  a +0 dire flail
(42, 18, D:6)
  a +0 chain mail
  a +0 club
(42, 33, D:6)
  a +0 dagger
  a +0 robe
  a +0 dagger
  a +0 leather armour
(43, 21, D:6)
  a +0 long sword
(43, 34, D:6)
  a +0 flail
  a +0 chain mail
  a +0 spear
  a +0 spear
  a +0 spear
(44, 34, D:6)
  a +0 whip of flaming
  a +0 robe
(44, 35, D:6)
  a +0 spear
(48, 34, D:6)
  a +0 club
(52, 18, D:6)
  a +0 chain mail
  a boomerang
  a +0 flail
(53, 18, D:6)
  a +0 scale mail
  a +0 short sword
(54, 9, D:6)
  a +0 whip
  a +0 flail
(54, 19, D:6)
  a +0 mace
(59, 4, D:6)
  a +0 spear
(61, 35, D:6)
  5 stones

Level 7 of the Dungeon
(0, 0, D:7)
  4 stones
(1, 23, D:7)
  a +0 falchion
(2, 23, D:7)
  a +2 robe of positive energy
  a +0 dagger
(3, 36, D:7)
  a +0 war axe
(4, 24, D:7)
  a +0 hand axe
(5, 25, D:7)
  a +0 hand axe
(8, 29, D:7)
  a +0 leather armour
  a +0 dagger
(10, 38, D:7)
  a +0 mace
(11, 38, D:7)
  a +0 club
(12, 32, D:7)
  a +0 leather armour
  a +1 hand axe of electrocution
(14, 21, D:7)
  a +0 quarterstaff
(14, 36, D:7)
  a +0 short sword
(15, 23, D:7)
  a +0 hand axe
(17, -2, D:7)
  a +0 shortbow
(17, 21, D:7)
  a +0 halberd
(17, 22, D:7)
  a +0 club
(17, 24, D:7)
  a +0 robe
  a +1 dagger of venom
(17, 25, D:7)
  a +0 leather armour
  a +0 flail
(18, 24, D:7)
  a +0 ring mail
  a +0 trident
  a +0 robe
  a +0 dagger of venom
  a +0 chain mail
  a +0 scimitar
(19, 24, D:7)
  a +3 spear
  a +0 spear
  a +0 club
(21, 18, D:7)
  a +0 war axe
  a +0 leather armour
  a +0 club
(23, 1, D:7)
  a +1 short sword of venom
  a +0 leather armour
(26, 18, D:7)
  a +0 flail
(26, 20, D:7)
  a +0 club
(27, 16, D:7)
  a +2 scimitar of protection
  a +0 chain mail
(37, 27, D:7)
  a +0 quarterstaff

Level 8 of the Dungeon
[Shop] Kataloic's Weapon Shop
  a +0 trident (38 gold)
  5 stones (5 gold)
  a +0 short sword (33 gold)
  5 stones (5 gold)
  a +0 flail (38 gold)
  the +3 quarterstaff "Doatij" {pain, rC+ Will++} (583 gold)
    rC:        It protects you from cold.
    Will:      It greatly increases your willpower.
  6 stones (6 gold)
  a +0 morningstar (44 gold)
(0, 0, D:8)
  an amulet of the acrobat
  3 potions of degeneration
(4, 3, D:8)
  a +0 short sword
(5, 4, D:8)
  a +2 dagger of draining
(6, 2, D:8)
  3 stones
  a +0 dagger
(9, 2, D:8)
  a +0 leather armour
(11, 5, D:8)
  3 poisoned darts
(11, 7, D:8)
  a stone
  a +0 dagger
  a +0 short sword of electrocution
(12, 7, D:8)
  a +0 short sword
  a +0 whip
(12, 11, D:8)
  a +0 mace
(13, -15, D:8)
  a +2 dagger of venom
(16, 10, D:8)
  a +0 shortbow
  2 poisoned darts
  a +0 club
(19, -13, D:8)
  4 javelins
(20, 20, D:8)
  a +0 leather armour
(21, 20, D:8)
  +0 steam dragon scales
(26, 3, D:8)
  a +0 leather armour
  a +0 dagger
  a +0 war axe
(26, 4, D:8)
  a +0 dagger
(26, 5, D:8)
  a +0 robe
  a +0 dagger
(26, 6, D:8)
  a +0 dagger
(30, -12, D:8)
  a +0 mace
  a +0 chain mail
(31, -14, D:8)
  a +0 dagger
  a +0 robe
  a +0 flail
(32, -14, D:8)
  a +0 flail
(36, 4, D:8)
  4 poisoned darts

Level 9 of the Dungeon
(0, 0, D:9)
  a +0 lajatang
(1, -1, D:9)
  a +0 club
(3, 0, D:9)
  a +0 short sword
  a +0 chain mail
(4, 1, D:9)
  a +1 robe of positive energy
  a +0 dagger
(12, -11, D:9)
  a +0 morningstar
(16, 3, D:9)
  a +0 flail
  a +0 robe
  a +0 scimitar
  a +0 robe
(17, 3, D:9)
  a +2 halberd
  a +0 robe
(19, 3, D:9)
  a +0 halberd
  a +0 robe
(28, -15, D:9)
  a +0 dagger
  a +0 robe
(30, -15, D:9)
  a +0 dagger
  a +0 mace
(34, -14, D:9)
  a potion of degeneration
(35, -12, D:9)
  a +0 plate armour
(35, 23, D:9)
  a +0 short sword
  5 stones
(36, -12, D:9)
  a +0 chain mail
(39, 18, D:9)
  a +0 dagger
(40, 18, D:9)
  a +0 club
  a stone
  a +1 whip of electrocution
  7 poisoned darts
(46, 8, D:9)
  a potion of degeneration
(47, 9, D:9)
  a +0 spear
(48, 6, D:9)
  a +0 flail
(49, 6, D:9)
  a +0 flail
  a +0 short sword
(50, 6, D:9)
  a +0 glaive
  a +0 plate armour
(50, 7, D:9)
  a +0 spear
  a +0 scale mail
  a +0 buckler
(51, 6, D:9)
  a +0 whip
  a +0 club
  a +0 whip

Level 10 of the Dungeon
(0, 0, D:10)
  a +0 giant club
  a +2 dire flail of protection
(3, -5, D:10)
  a +0 shortbow
(4, 6, D:10)
  a +0 shortbow
(9, -31, D:10)
  a +0 chain mail
(9, -20, D:10)
  5 stones
(10, 4, D:10)
  a +0 chain mail
(11, -7, D:10)
  a +0 scale mail
(12, 7, D:10)
  a +0 pair of gloves
(26, -16, D:10)
  a boomerang
  a +0 whip
(27, -25, D:10)
  a +0 dagger
(27, -16, D:10)
  a +0 flail
(28, -19, D:10)
  a +0 trident
  a +0 club
  a +0 hand axe
  a +0 dagger
  a +0 ring mail
  a +0 hand axe
(28, -18, D:10)
  a +0 chain mail
  a +0 war axe
  a +0 leather armour
  a +0 short sword
(28, -9, D:10)
  a +0 robe
  a +0 dagger
(28, -8, D:10)
  a +0 chain mail
  a +2 battleaxe
  a +0 giant club
  a +0 giant spiked club
  a +0 robe
  a +0 dagger
(28, -7, D:10)
  a +0 club
  a +0 giant club
  a +0 giant spiked club
  a +0 dagger
(29, -21, D:10)
  a +0 chain mail of poison resistance
  a +0 long sword
  a +0 chain mail
  a +0 club
  a +0 club
  a +0 dagger
(29, -20, D:10)
  a +0 robe
  a +0 dagger
  a +0 leather armour
  a +0 flail
  a +0 chain mail
  a +0 hand axe
  a +0 hand axe
(29, -9, D:10)
  a +0 robe
  a +0 dagger
(29, -7, D:10)
  21 gold pieces
  a +0 chain mail
  a +0 falchion
  a +0 dagger
(30, -9, D:10)
  a +0 club
  a +0 giant spiked club
(30, -7, D:10)
  a +0 giant club
  a +0 club
(35, -23, D:10)
  a +0 robe
(41, -29, D:10)
  a +0 ring mail
(43, -23, D:10)
  a +0 flail
  a +0 ring mail
(47, -14, D:10)
  a +0 dagger
  a +0 robe
(47, 1, D:10)
  a +0 chain mail
(48, -13, D:10)
  a +0 hand axe
  a +2 vampiric dagger
(48, -10, D:10)
  a +0 ring mail
(49, 1, D:10)
  a +0 dagger
  a +0 robe
(49, 2, D:10)
  a +0 dagger
  a +0 leather armour
(50, -9, D:10)
  a +0 club
(54, -5, D:10)
  a +0 dagger
(54, -4, D:10)
  a +0 dagger
(55, -5, D:10)
  a +0 dagger
  a +0 robe
(57, -2, D:10)
  a +0 scimitar
(66, -33, D:10)
  a +0 plate armour

Level 11 of the Dungeon
(0, 0, D:11)
  a +0 shortbow
(0, 5, D:11)
  a +0 ring mail
(6, -4, D:11)
  the +0 leather armour "Peimparph" {Drain *Slow rPois Will++ SInv}
    rPois:     It protects you from poison.
    SInv:      It lets you see invisible.
    Drain:     It drains your maximum health when unequipped.
    *Slow:     It may slow you when you take damage.
    Will:      It greatly increases your willpower.
(11, -35, D:11)
  4 large rocks
(32, -17, D:11)
  a +0 shortbow
(32, -2, D:11)
  a +0 plate armour
(35, -4, D:11)
  a +0 flail
  a +0 leather armour
(35, -3, D:11)
  a +0 dagger
  a +0 robe
  a +0 mace
(37, -46, D:11)
  a +0 kite shield
(37, 6, D:11)
  a +1 whip of electrocution
(38, -3, D:11)
  a +0 great mace
(38, 5, D:11)
  a +0 dagger
(38, 6, D:11)
  a +0 whip
  4 stones
(39, 5, D:11)
  a +0 dagger
  a +0 robe
(42, 5, D:11)
  a +0 club
  3 stones
(42, 6, D:11)
  a +0 short sword of draining
  4 poisoned darts
(44, -1, D:11)
  a +0 whip
(46, -33, D:11)
  a +0 buckler
(46, -10, D:11)
  a +0 short sword
  2 stones
(47, -11, D:11)
  4 large rocks
(50, -44, D:11)
  a +0 troll leather armour
(50, -6, D:11)
  an orb of energy
(58, -31, D:11)
  a +0 ring mail
(63, -28, D:11)
  2 stones

Level 12 of the Dungeon
[Shop] Verphuy Fais's Armour Emporium
  a +0 scale mail (52 gold)
  a +4 scale mail of cold resistance (403 gold)
  a +0 scale mail (52 gold)
  a +0 helmet (58 gold)
  a +0 leather armour (26 gold)
  a +0 pair of boots (58 gold)
  a +0 leather armour (26 gold)
  a +0 leather armour (26 gold)
  a +0 leather armour (26 gold)
  a +0 helmet (58 gold)
[Shop] Foexiwn's Antique Armour Shoppe
  a +0 chain mail (157 gold)
  a +0 leather armour (70 gold)
  a +0 leather armour (70 gold)
  a +0 ring mail (140 gold)
  a +0 plate armour (805 gold)
  a +0 chain mail (157 gold)
  a +0 ring mail (140 gold)
[Shop] Cirphas's Weapon Shoppe
  a +0 quarterstaff (56 gold)
  the +7 flail of Zin {spect, rF+ MP+9 Str-4} (954 gold)
    Str:       It affects your strength (-4).
    rF:        It protects you from fire.
    MP:        It affects your magic capacity (+9).
  a +0 halberd (56 gold)
  a +0 club (14 gold)
  a +1 triple sword of holy wrath (350 gold)
  a +0 long sword (49 gold)
  a +0 falchion (42 gold)
  4 stones (5 gold)
  5 stones (7 gold)
  a +0 morningstar (56 gold)
  the +9 staff of Olgreb {rPois∞} (1400 gold)
    If the wielder is skilled in Evocations, they can envenom those struck by
    it, dealing poison damage which bypasses armour.
    
    It enhances your poison magic.
    It grants immunity to poison.
    It can be activated via the 'a'bility menu to radiate toxic energy, with
    effectiveness depending on Evocations skill.
(0, 0, D:12)
  a +0 dagger
  a +0 robe
(1, -1, D:12)
  a +0 trident
  a +0 short sword
  a +0 leather armour
(12, 46, D:12)
  a +0 whip
  a +0 leather armour
  a +0 hand axe
  a +0 chain mail
(13, 19, D:12)
  a +0 dagger
  a +0 cloak
(14, 46, D:12)
  a +0 halberd
  4 stones
  a +0 plate armour
  a +0 mace
  a +3 scale mail
(16, 46, D:12)
  a +0 mace
  3 boomerangs
(21, -4, D:12)
  a +0 pair of boots
(24, 38, D:12)
  a +2 dagger of chaos
  a +2 robe of fire resistance
(26, -11, D:12)
  a +0 rapier
(42, 7, D:12)
  a +0 mace
(42, 45, D:12)
  a +0 plate armour
(48, 37, D:12)
  a +0 dagger
  a +0 robe
(48, 39, D:12)
  a +0 sling

Level 13 of the Dungeon
(10, -28, D:13)
  7 stones
(17, -13, D:13)
  3 stones
(26, 5, D:13)
  a +0 shortbow
(33, -27, D:13)
  6 stones
(36, 20, D:13)
  a +0 dagger
  a +0 robe
(37, 19, D:13)
  a +0 battleaxe
  a +0 leather armour
(41, -7, D:13)
  a +0 robe
(57, -13, D:13)
  6 stones
(60, -15, D:13)
  a +0 buckler
(60, 8, D:13)
  a +0 whip

Level 14 of the Dungeon
(0, 0, D:14)
  a +0 ring mail
  a +0 battleaxe
(1, -1, D:14)
  a tengu corpse (skeletalised by now)
(4, 1, D:14)
  an orb of guile
(31, 2, D:14)
  17 gold pieces
(34, 9, D:14)
  a +0 helmet
(37, 10, D:14)
  a book of Touch

the Ecumenical Temple

Level 1 of the Orcish Mines
[Shop] Roicim's General Store
  7 stones (10 gold)
  a +0 leather armour (30 gold)
  a potion of heal wounds (75 gold)
  a scroll of magic mapping (112 gold)
  the ring of the Bespelling Gods {rElec rC+ MP-9 Int+6 Slay+2} (697 gold)
    [ring of intelligence]
    
    Int:       It affects your intelligence (+6).
    Slay:      It affects your accuracy & damage with ranged weapons and melee
    (+2).
    rC:        It protects you from cold.
    rElec:     It insulates you from electricity.
    MP:        It affects your magic capacity (-9).
  a +0 ring mail (60 gold)
  a scroll of enchant armour (112 gold)
  a +0 scale mail (60 gold)
[Shop] Athraim's Specific Store
  the +9 falchion of Joyful Slaughter {flame, rF+ Str+4 Int+2} (924 gold)
    Str:       It affects your strength (+4).
    Int:       It affects your intelligence (+2).
    rF:        It protects you from fire.
(0, 0, Orc:1)
  a +0 giant club
(1, -2, Orc:1)
  a +0 chain mail
  a +0 trident
(1, -1, Orc:1)
  a +0 chain mail
  a +0 trident
(1, 1, Orc:1)
  a +0 dagger
(4, 3, Orc:1)
  a +0 robe
  a +0 dagger
(14, -1, Orc:1)
  a +0 chain mail
  a +0 scimitar
(14, 1, Orc:1)
  a +0 giant spiked club
(20, 0, Orc:1)
  a +0 robe
  a +2 dagger of freezing
(22, 12, Orc:1)
  a +0 robe
  a +0 dagger
(22, 18, Orc:1)
  a +0 giant club
  a +0 giant club
(23, 9, Orc:1)
  a +0 hand axe
(23, 11, Orc:1)
  a +0 robe
  a +0 dagger
(24, 10, Orc:1)
  a +0 chain mail
  a +0 dagger
  a +0 plate armour
  a +0 halberd
(25, 13, Orc:1)
  a +0 hand axe
(26, 9, Orc:1)
  a +0 dire flail
  a +0 dire flail
(26, 10, Orc:1)
  a +0 scale mail
  a +0 spear
(26, 11, Orc:1)
  a +0 club
(27, 11, Orc:1)
  a +0 club
(27, 12, Orc:1)
  a +0 flail
  a +0 whip
  a +0 chain mail
  a +1 dagger of venom
(27, 14, Orc:1)
  a +0 halberd
(27, 15, Orc:1)
  a +0 whip
(28, 12, Orc:1)
  a +0 chain mail
  a +0 battleaxe
  a +0 arbalest
(28, 15, Orc:1)
  a +0 whip

Level 2 of the Orcish Mines
[Shop] Sody's Vocational Training
  a manual of Invocations (880 gold)
  a manual of Evocations (880 gold)
[Shop] Dacaummiho's Antique Weapon Shop
  a +0 halberd (104 gold)
  a +0 lajatang (390 gold)
  a +0 war axe (91 gold)
  a +0 morningstar (104 gold)
  a +0 war axe (91 gold)
  the +12 trident of Rur Zaxt {speed, Drain Str+6 Int-3} (2033 gold)
    Str:       It affects your strength (+6).
    Int:       It affects your intelligence (-3).
    Drain:     It drains your maximum health when unequipped.
  a +0 spear (78 gold)
  a +0 great sword (169 gold)
[Shop] Miwiha's Jewellery Emporium
  a +6 ring of dexterity (504 gold)
  the amulet "Peakympa" {Faith Fly Str+4 Int-3} (716 gold)
    [amulet of faith]
    
    It allows you to gain divine favour quickly.
    Str:       It affects your strength (+4).
    Int:       It affects your intelligence (-3).
    Fly:       It grants you flight.
  a +6 ring of strength (504 gold)
  an amulet of magic regeneration (420 gold)
  the amulet of Eheappoph {Spirit -Cast Will++ Str+4 Stlth+} (772 gold)
    [amulet of guardian spirit]
    
    It causes incoming damage to be divided between your reserves of health and
    magic.
    Str:       It affects your strength (+4).
    -Cast:     It prevents spellcasting.
    Will:      It greatly increases your willpower.
    Stlth:     It makes you more stealthy.
  a +6 ring of strength (504 gold)
  a +6 ring of dexterity (504 gold)
  the ring "Duur Wui" {rN++ MP+9 Int-3} (436 gold)
    [ring of magical power]
    
    Int:       It affects your intelligence (-3).
    rN:        It greatly protects you from negative energy.
    MP:        It affects your magic capacity (+9).
  an amulet of the acrobat (420 gold)
[Shop] Ynwom's Antique Weapon Shop
  a +0 broad axe (100 gold)
  a +0 dire flail (100 gold)
  the +7 rapier of the Morning {speed, rCorr Str+4} (1700 gold)
    Str:       It affects your strength (+4).
    rCorr:     It protects you from acid and corrosion.
  a +0 spear (75 gold)
  a +0 mace (75 gold)
  a +0 scimitar (100 gold)
  a +0 battleaxe (162 gold)
  the +10 long sword of Sunlight {flame, Will+ Dex+2} (1827 gold)
    Dex:       It affects your dexterity (+2).
    Will:      It increases your willpower.
[Shop] Juapig's Armour Boutique
  a +1 barding (480 gold)
  a +0 cloak (72 gold)
  a +2 leather armour of cold resistance (304 gold)
  a +0 robe (11 gold)
  a +0 ring mail (64 gold)
  a +0 plate armour of cold resistance (480 gold)
  a +0 chain mail (72 gold)
[Shop] Sawagiti's Jewellery Shoppe
  a ring of ice (350 gold)
  the amulet of Narhu {Spirit rN+ Will+ Str+3} (743 gold)
    [amulet of guardian spirit]
    
    It causes incoming damage to be divided between your reserves of health and
    magic.
    Str:       It affects your strength (+3).
    rN:        It protects you from negative energy.
    Will:      It increases your willpower.
  a ring of flight (245 gold)
  a ring of resist corrosion (280 gold)
  a +4 ring of slaying (1092 gold)
  a ring of see invisible (210 gold)
  a ring of ice (350 gold)
  an amulet of faith (560 gold)
[Shop] Xacac's Antique Weapon Boutique
  a +0 quarterstaff (108 gold)
  a +0 rapier (108 gold)
  the +8 autumn katana {manifold assault} (1363 gold)
    It sometimes launches melee attacks against multiple visible enemies.
  a +0 falchion (81 gold)
  the +10 short sword of Debt {spect, rElec Int+5 Dex+4} (2440 gold)
    Int:       It affects your intelligence (+5).
    Dex:       It affects your dexterity (+4).
    rElec:     It insulates you from electricity.
  a +0 battleaxe (175 gold)
  a +0 spear (81 gold)
  a +0 dagger of electrocution (189 gold)
  a +0 trident (94 gold)
  a +0 short sword (81 gold)
[Shop] Byuceb Huxij's Jewellery Boutique
  a +5 ring of evasion (540 gold)
  a +5 ring of evasion (540 gold)
  the amulet "Udourr" {RegenMP Will+ Str+3} (733 gold)
    [amulet of magic regeneration]
    
    It increases your rate of magic regeneration.
    Str:       It affects your strength (+3).
    Will:      It increases your willpower.
  an amulet of the acrobat (450 gold)
  an amulet of magic regeneration (450 gold)
  a ring of resist corrosion (300 gold)
  a +6 ring of intelligence (540 gold)
  an amulet of the acrobat (450 gold)
  a ring of resist corrosion (300 gold)
  a ring of willpower (375 gold)
  a ring of protection from cold (375 gold)
(0, 0, Orc:2)
  a +0 mace
  a +0 arbalest
(2, 5, Orc:2)
  a +0 mace
  a +0 plate armour
(3, -11, Orc:2)
  a +0 chain mail
  a +0 mace
  a +0 broad axe
  a +0 arbalest
(3, -10, Orc:2)
  a +0 plate armour
  a +0 mace
(3, -6, Orc:2)
  a +0 chain mail
  a +0 trident
(4, -11, Orc:2)
  a +0 chain mail
  a +0 glaive
(4, -10, Orc:2)
  a +0 shortbow
(4, -7, Orc:2)
  a +0 leather armour
  a +0 dagger
  a +0 hand axe
  a +0 arbalest
  a +0 plate armour
  a +0 mace
(4, -5, Orc:2)
  a +0 great mace
  a +0 arbalest
(5, -9, Orc:2)
  a +0 shortbow
  a +1 shortbow of draining
  a +0 broad axe
  a +0 arbalest
  a +0 mace
  a +0 arbalest
  a +0 battleaxe
  a +0 arbalest
  a +0 trident
  a +0 arbalest
  a +0 shortbow
  a +0 shortbow
(5, -8, Orc:2)
  a +0 broad axe
  a +0 arbalest
  a +0 chain mail
  a +0 short sword
  a +0 arbalest
(6, -10, Orc:2)
  a +0 battleaxe
  a +0 arbalest
(7, -11, Orc:2)
  a +0 battleaxe
  a +0 arbalest of flaming
(7, 6, Orc:2)
  a +0 trident
  a +0 chain mail
(9, 4, Orc:2)
  a +0 arbalest
  a +0 trident
  a +0 arbalest
  a +0 war axe
(9, 6, Orc:2)
  a +0 longbow
(10, 5, Orc:2)
  a +0 arbalest
  a +0 great mace
(11, -12, Orc:2)
  a +0 battleaxe
  a +0 arbalest
(11, 4, Orc:2)
  a +0 arbalest
  a +0 broad axe
(11, 5, Orc:2)
  a +0 shortbow
(18, -10, Orc:2)
  a +0 glaive
  a +0 arbalest
(19, -10, Orc:2)
  a +0 shortbow
(19, 12, Orc:2)
  a +0 dagger
  a +0 robe
  a +0 arbalest
  a +0 broad axe
(20, -11, Orc:2)
  a +0 war axe
  a +0 arbalest
(20, -10, Orc:2)
  a +0 plate armour
  a +0 dire flail
(21, -10, Orc:2)
  a +0 mace
  a +0 dagger
  a +0 leather armour
  a +0 dagger
  a +0 dagger
  a +0 club
(21, 19, Orc:2)
  a +0 hand axe
  a +0 arbalest
(23, -17, Orc:2)
  a +0 leather armour
  a +0 hand axe
(26, 16, Orc:2)
  a +0 shortbow
(27, 16, Orc:2)
  a +1 robe of willpower
  a +0 dagger
  a +0 shortbow

Level 1 of the Lair of Beasts
(0, 0, Lair:1)
  9 stones
(4, 0, Lair:1)
  a +0 leather armour
(13, 5, Lair:1)
  6 stones
(20, -6, Lair:1)
  5 stones
(34, 1, Lair:1)
  a +4 glaive of venom
  +0 swamp dragon scales
(40, 6, Lair:1)
  5 stones
(40, 32, Lair:1)
  a +0 ring mail

Level 2 of the Lair of Beasts
(0, 0, Lair:2)
  5 poisoned darts
(7, 8, Lair:2)
  a +0 plate armour
  a +0 leather armour
(9, -4, Lair:2)
  a +0 scale mail
(12, -25, Lair:2)
  a +0 morningstar
(14, -22, Lair:2)
  a +0 helmet
(23, 6, Lair:2)
  a +0 leather armour
  a +4 scimitar of flaming
(24, -24, Lair:2)
  a +0 robe
(33, -32, Lair:2)
  a potion of degeneration
(35, -30, Lair:2)
  7 stones
(36, 7, Lair:2)
  a +0 spear
(42, -6, Lair:2)
  a +0 war axe
(43, -3, Lair:2)
  4 stones
(45, -5, Lair:2)
  a stone
(46, -6, Lair:2)
  4 stones
(46, -4, Lair:2)
  3 stones
(47, -5, Lair:2)
  7 stones
(47, -4, Lair:2)
  6 stones
(52, 16, Lair:2)
  a +0 buckler
(57, 2, Lair:2)
  2 stones

Level 3 of the Lair of Beasts
(13, 1, Lair:3)
  a +1 robe of cold resistance
  a +0 quarterstaff of freezing
(25, 1, Lair:3)
  a +0 whip
(33, 30, Lair:3)
  a +0 ring mail
  a +0 war axe
(44, 26, Lair:3)
  the +6 war axe of Tenacity {flame, *Slow Str+6 Dex+5}
    Str:       It affects your strength (+6).
    Dex:       It affects your dexterity (+5).
    *Slow:     It may slow you when you take damage.
(46, 14, Lair:3)
  the +0 shortbow "Dragonbane" {heavy, Drain Str+8}
    Str:       It affects your strength (+8).
    Drain:     It drains your maximum health when unequipped.
(53, 29, Lair:3)
  a +0 robe
(54, 43, Lair:3)
  6 stones

Level 4 of the Lair of Beasts
(0, 0, Lair:4)
  a +0 quarterstaff
(2, 15, Lair:4)
  a +0 club
(14, -1, Lair:4)
  a +0 robe
(15, -4, Lair:4)
  the +0 chain mail "Eluov" {Regen+ Dex+4}
    Dex:       It affects your dexterity (+4).
    Regen:     It increases your rate of health regeneration.
(24, -15, Lair:4)
  +0 steam dragon scales
(53, -15, Lair:4)
  a +0 short sword

Level 5 of the Lair of Beasts
(0, 0, Lair:5)
  17 gold pieces
(1, -1, Lair:5)
  13 gold pieces
(2, -1, Lair:5)
  a scarf of invisibility
  (unseen)
(4, 0, Lair:5)
  19 gold pieces
(5, -38, Lair:5)
  a +0 dagger
(5, -11, Lair:5)
  5 stones
(12, -34, Lair:5)
  8 stones
(13, -2, Lair:5)
  a +0 flail
(14, 2, Lair:5)
  a +0 flail
(15, -20, Lair:5)
  +0 acid dragon scales
(28, -22, Lair:5)
  a +0 broad axe
(31, -30, Lair:5)
  5 stones
(39, -54, Lair:5)
  7 stones
(40, -45, Lair:5)
  a +0 robe
(40, -36, Lair:5)
  a +0 robe
  a +0 short sword
  5 stones
(40, -22, Lair:5)
  the +3 leather armour of Bujoak {Str+3 Int+6}
    Str:       It affects your strength (+3).
    Int:       It affects your intelligence (+6).
(53, -25, Lair:5)
  a +0 chain mail
(54, 3, Lair:5)
  a +2 falchion of protection
(55, 5, Lair:5)
  2 poisoned darts
(62, -11, Lair:5)
  a +0 morningstar
(62, -1, Lair:5)
  5 stones
(64, -39, Lair:5)
  a +0 dagger
(66, -4, Lair:5)
  a +0 rapier
(69, -13, Lair:5)
  a +2 heavy long sword

Level 1 of the Swamp
(0, 0, Swamp:1)
  an amulet of reflection

