code2828

Level 1 of the Dungeon
(4, -2, D:1)
  a +0 leather armour
(17, -13, D:1)
  a +0 dagger
  5 stones
(22, 1, D:1)
  23 arrows
(30, -11, D:1)
  21 stones
(30, -4, D:1)
  a +0 mace
(31, -1, D:1)
  20 stones
(35, 20, D:1)
  9 sling bullets
(38, 17, D:1)
  10 stones
(43, 10, D:1)
  a +0 dagger
(47, -4, D:1)
  19 stones
(48, -4, D:1)
  18 stones

Level 2 of the Dungeon
(0, 0, D:2)
  a +0 pair of boots
(11, 7, D:2)
  a +0 hunting sling
  20 stones
(11, 9, D:2)
  a +0 club
(12, 12, D:2)
  a +0 dagger
  a +0 club
(18, 22, D:2)
  a +0 dagger
(19, 22, D:2)
  a +0 whip
(21, 22, D:2)
  a +0 halberd
(39, 1, D:2)
  a rat corpse (skeletalised by now)

Level 3 of the Dungeon
(0, 0, D:3)
  a +0 hunting sling (still there?)
  a +0 dagger (still there?)
  27 stones (still there?)
  a potion of flight (still there?)
(4, 0, D:3)
  a +0 flail
  a +0 leather armour
(5, 0, D:3)
  a +0 club (still there?)
  a +0 chain mail (still there?)
(24, 14, D:3)
  a rat corpse
(24, 17, D:3)
  a +0 short sword
  a +0 club
  a +0 robe
(28, 10, D:3)
  14 stones

