code2828

Level 1 of the Dungeon
(0, 0, D:1)
  2 stones
(3, 32, D:1)
  7 stones
(5, 5, D:1)
  a stone
(10, 29, D:1)
  a +0 short sword
(23, 10, D:1)
  a +0 robe
(24, -4, D:1)
  a +0 spear
(24, 24, D:1)
  a +0 long sword
(32, 28, D:1)
  a +0 hand axe

Level 2 of the Dungeon
(4, -3, D:2)
  a +0 dagger
  a +0 short sword
(14, -19, D:2)
  a +0 scale mail
(32, -14, D:2)
  2 poisoned darts
(33, -23, D:2)
  a +0 club
(36, 10, D:2)
  a +0 dagger
  6 stones
(43, 15, D:2)
  a +0 dagger
(58, -10, D:2)
  a +0 club

Level 3 of the Dungeon
(0, 0, D:3)
  a staff of death
(4, -12, D:3)
  a +0 dagger
(7, -14, D:3)
  a +0 ring mail
(9, 4, D:3)
  a +0 dagger
(10, -30, D:3)
  a +0 sling
(11, -7, D:3)
  a +0 mace
(15, 12, D:3)
  8 stones
(21, 13, D:3)
  3 stones
(24, 1, D:3)
  a +0 leather armour
(31, 0, D:3)
  a +0 rapier

Level 4 of the Dungeon
(0, 0, D:4)
  3 stones
(12, 0, D:4)
  a +2 heavy falchion
(13, -2, D:4)
  a +0 short sword
  a +0 leather armour
(14, 4, D:4)
  a +0 falchion
(14, 11, D:4)
  a +0 dagger
(15, -11, D:4)
  a +0 club
  a +0 ring mail
(15, -10, D:4)
  a +0 whip
  a +0 leather armour
(19, 14, D:4)
  5 stones
(21, 20, D:4)
  a +0 robe
  a +0 dagger
(22, -6, D:4)
  a +0 dagger
(23, 3, D:4)
  a +0 trident
(23, 10, D:4)
  a +0 dagger
(27, 12, D:4)
  a +0 dagger
  a +0 helmet
  a +0 animal skin
  a +0 club
(29, 12, D:4)
  a +0 club
(30, 12, D:4)
  a +0 club
(31, 12, D:4)
  a +0 club
(32, 12, D:4)
  a +0 dagger
(34, 12, D:4)
  a +0 dagger
(35, 13, D:4)
  a +0 club
(35, 15, D:4)
  a +0 club
(38, 9, D:4)
  a +0 hand axe
(41, 1, D:4)
  8 stones

