code2828

Level 1 of the Dungeon
(2, 9, D:1)
  a +0 dagger
(9, 14, D:1)
  a +0 dagger
(23, -20, D:1)
  a +0 dagger
(23, -8, D:1)
  a +0 club
(36, -3, D:1)
  a +0 robe
(54, 0, D:1)
  a +0 club

Level 2 of the Dungeon
(0, 0, D:2)
  a +0 pair of gloves
(5, -5, D:2)
  a +0 ring mail
(8, 2, D:2)
  a +0 dagger
(24, -2, D:2)
  a +0 dagger
(29, 17, D:2)
  a +0 dagger
  4 stones
(31, -6, D:2)
  a +0 short sword
  2 stones
(35, -17, D:2)
  a +0 whip
  5 stones
(44, 8, D:2)
  a +0 whip
  a +0 chain mail
(45, -2, D:2)
  4 stones
(45, -1, D:2)
  a +0 club

Level 3 of the Dungeon
(7, -9, D:3)
  a +0 hand axe
  13 gold pieces
  a +0 dagger
  a +0 robe
(23, 18, D:3)
  a +0 club
(24, 14, D:3)
  4 poisoned darts
(25, 16, D:3)
  a +0 club
(26, 16, D:3)
  a +0 halberd
(27, 16, D:3)
  a +0 flail
(28, -5, D:3)
  a +0 sling
(28, -4, D:3)
  5 poisoned darts
(28, 1, D:3)
  a +0 falchion
  a +0 chain mail
(35, 30, D:3)
  a +0 flail
(44, 24, D:3)
  a +0 club
(50, -5, D:3)
  a +0 hat
(50, -1, D:3)
  a +0 whip
(55, -4, D:3)
  a +0 dagger

Level 5 of the Dungeon
(0, 0, D:5)
  4 stones
(3, 18, D:5)
  a +0 scale mail
(6, 22, D:5)
  a jackal corpse
(7, 12, D:5)
  a +0 whip
  a +0 short sword
  a +0 trident
  a +0 leather armour
  a +0 dagger
  an orc corpse
  an orc corpse
  an orc corpse
(7, 16, D:5)
  a +0 dagger
  a +0 robe
(11, 7, D:5)
  a +0 club
  a +0 war axe
  a +0 sling
  a +0 flail
  an orc corpse
  an orc corpse
  an orc corpse
(18, 10, D:5)
  a +0 club
  a +0 ring mail
(20, 13, D:5)
  a +0 leather armour

