code2828

Level 1 of the Dungeon
(0, 0, D:1)
  a +0 dagger
(14, -3, D:1)
  2 poisoned darts
(20, -8, D:1)
  a +0 robe
(24, 9, D:1)
  a +0 robe

Level 2 of the Dungeon
[Shop] Zachooh's Armour Shoppe
  a +0 ring mail (40 gold)
  a +0 pair of boots (45 gold)
  a +0 robe (7 gold)
  a +1 pair of boots (115 gold)
  a +0 pair of gloves (45 gold)
  a +0 leather armour (20 gold)
  a +0 robe (7 gold)
  a +0 robe (7 gold)
  a +0 ring mail (40 gold)
(0, 0, D:2)
  a worm corpse
(19, 6, D:2)
  a +0 robe
(21, -3, D:2)
  an adder corpse (skeletalised by now)
(28, 0, D:2)
  a +0 short sword
(35, 12, D:2)
  a ball python corpse (skeletalised by now)
(35, 28, D:2)
  a +0 chain mail
(37, 9, D:2)
  a +0 club
  a goblin skeleton
(42, -3, D:2)
  a +0 war axe
(43, 28, D:2)
  a +0 ring mail
(44, -5, D:2)
  a +0 club
(44, -4, D:2)
  a +0 dagger
(47, 29, D:2)
  a staff of conjuration
  (unseen)

Level 3 of the Dungeon
(0, 0, D:3)
  9 gold pieces
(2, -18, D:3)
  7 gold pieces
(7, -15, D:3)
  a +0 dagger
  4 stones
(9, -18, D:3)
  a +0 dagger
(17, -15, D:3)
  a potion of brilliance

