code2828

Level 1 of the Dungeon
(17, 15, D:1)
  10 gold pieces
(18, 13, D:1)
  a +0 dagger
(25, 2, D:1)
  a +0 pair of boots

Level 2 of the Dungeon
(4, 0, D:2)
  a stone
(5, -21, D:2)
  a +0 quarterstaff
(6, -14, D:2)
  a +0 dagger of freezing
  a +0 robe
(6, -13, D:2)
  a potion of degeneration
  a +0 club
(10, 11, D:2)
  a +0 dagger
(17, 25, D:2)
  a +0 leather armour
(20, 19, D:2)
  a +0 mace
(23, 12, D:2)
  a +0 robe
(29, -2, D:2)
  a +0 pair of gloves
(31, -22, D:2)
  a +0 whip
(48, 6, D:2)
  a +0 dagger

Level 3 of the Dungeon
(0, 0, D:3)
  a +0 hammer
(6, -29, D:3)
  a +0 ring mail
(6, -18, D:3)
  6 stones
(6, -2, D:3)
  a +0 hammer
(8, -23, D:3)
  a +0 short sword
(8, -2, D:3)
  a +0 hammer
(9, -27, D:3)
  a +0 ring mail
(10, -7, D:3)
  a +0 robe
(12, -11, D:3)
  a +0 robe
(23, -13, D:3)
  a +0 leather armour
  a +2 short sword of speed
(24, -4, D:3)
  a +0 club
(26, -1, D:3)
  a +0 short sword
(30, -11, D:3)
  a +0 club
(32, -14, D:3)
  a +0 scale mail
  a +0 flail
(34, -19, D:3)
  a +0 club
(40, -18, D:3)
  a +0 hand axe
  a +0 leather armour
(42, 3, D:3)
  a +0 rapier
(44, -23, D:3)
  a +0 hand axe
(45, -24, D:3)
  a +0 mace
  a +1 scale mail of fire resistance
(45, -23, D:3)
  a +0 club

Level 4 of the Dungeon
(0, 0, D:4)
  a +0 dagger
  4 stones
(8, -5, D:4)
  4 stones
(13, -26, D:4)
  a +0 war axe
  a +0 ring mail
(19, -5, D:4)
  5 stones
(31, 4, D:4)
  a +0 short sword
(35, -23, D:4)
  a +0 war axe
(36, -29, D:4)
  2 stones
(38, -31, D:4)
  a +0 dagger
  a +0 robe
(39, -14, D:4)
  a +0 club
(43, -7, D:4)
  a +0 club
  3 stones
  a +0 dagger

Level 5 of the Dungeon
(5, -6, D:5)
  a +0 club
  6 stones
  a +0 leather armour
(6, 6, D:5)
  a +0 dagger
(9, -1, D:5)
  a +0 pair of boots
(38, 15, D:5)
  a +0 halberd
  a +0 spear
  a +0 club
  a gnoll corpse (skeletalised by now)
  a gnoll corpse (skeletalised by now)
(39, -1, D:5)
  a +0 pair of gloves
(39, 15, D:5)
  a +2 flail of protection
  a +0 club
  a +0 robe
  a gnoll corpse (skeletalised by now)
(40, 15, D:5)
  a +0 battleaxe
(43, 9, D:5)
  a +0 robe
(44, -5, D:5)
  a +0 halberd

