code2828

Level 1 of the Dungeon
(0, 0, D:1)
  a +0 short sword
  a stone
(8, -11, D:1)
  a +2 whip of pain
  4 stones
(12, 5, D:1)
  a +0 ring mail
(18, -21, D:1)
  a +0 sling
(20, 3, D:1)
  a +0 scale mail
(21, 4, D:1)
  6 stones
(25, -14, D:1)
  5 stones
  a +0 dagger
(29, 16, D:1)
  a +0 dagger
  a stone
  a +0 dagger
(40, -5, D:1)
  a +0 dagger
(45, 0, D:1)
  2 poisoned darts
(50, 17, D:1)
  a +0 flail

Level 2 of the Dungeon
(9, -27, D:2)
  a +0 leather armour
(9, 0, D:2)
  a +0 sling
  a +0 dagger
(12, -14, D:2)
  a +0 dagger
(12, -11, D:2)
  a +0 dagger
(18, -16, D:2)
  a +0 hand axe
(29, 17, D:2)
  a +0 ring mail
(38, -22, D:2)
  a +0 club
(41, -22, D:2)
  8 stones

Level 3 of the Dungeon
[Shop] Itigumeg's Assorted Antiques
  the +2 robe of the Mantidfly {Rampage rF+ Slay-6} (246 gold)
    Slay:      It affects your accuracy & damage with ranged weapons and melee
    (-6).
    rF:        It protects you from fire.
    Rampage:   It bestows one free step when moving towards enemies.
  a ring of see invisible (345 gold)
  a potion of ambrosia (184 gold)
  a scroll of poison (92 gold)
  a potion of curing (69 gold)
  a scroll of silence (218 gold)
  a ring of wizardry (690 gold)
(0, 0, D:3)
  a +0 flail
(6, -13, D:3)
  6 javelins
(6, 1, D:3)
  4 stones
  a +0 dagger
(14, 17, D:3)
  a ring of fire
(16, 23, D:3)
  a +0 hand axe
(17, -23, D:3)
  4 stones
(17, 15, D:3)
  a +0 hand axe
(18, 22, D:3)
  a +0 dagger
  a +0 robe
(19, -19, D:3)
  a +0 robe
(25, -19, D:3)
  a +0 leather armour
(25, -18, D:3)
  7 stones
(26, -18, D:3)
  6 boomerangs
(36, -19, D:3)
  a +0 mace
(37, -14, D:3)
  a +0 quarterstaff
(41, -20, D:3)
  a +0 club
(42, -20, D:3)
  a +0 whip
(48, -22, D:3)
  6 stones
(52, 14, D:3)
  a +0 mace
(53, 13, D:3)
  a +0 dagger
  a +0 leather armour
(54, 14, D:3)
  a +0 flail
(56, 14, D:3)
  a +0 dagger
  a +0 leather armour
(58, 14, D:3)
  a +0 dagger

Level 4 of the Dungeon
[Shop] Tiyp's Assorted Antiques
  a scroll of identify (40 gold)
  a +1 plate armour of cold resistance (700 gold)
  a staff of air (500 gold)
  a +5 giant club (574 gold)
  a potion of heal wounds (100 gold)
  a scroll of magic mapping (150 gold)
  a potion of flight (60 gold)
[Shop] Ladogy's Tremendous Tomes
  the Papyrus of the Chilling Volcanoes (1014 gold)
    Spells                            Type                      Level
     a - Foxfire                       Conjuration/Fire              1
     b - Scorch                        Fire                          2
     c - Ensorcelled Hibernation       Hexes/Ice                     2
     d - Ozocubu's Armour              Ice                           3
     e - Summon Ice Beast              Ice/Summoning                 4
     f - Freezing Cloud                Conjuration/Ice/Air           5
     g - Metabolic Englaciation        Hexes/Ice                     5
     h - Fire Storm                    Conjuration/Fire              9
  Sif Muna's Cyclopedia of Accomplices and Mortification (1092 gold)
    Spells                            Type                      Level
     a - Summon Small Mammal           Summoning                     1
     b - Sublimation of Blood          Necromancy                    2
     c - Summon Ice Beast              Ice/Summoning                 4
     d - Animate Dead                  Necromancy                    4
     e - Summon Lightning Spire        Summoning/Air                 4
     f - Summon Mana Viper             Hexes/Summoning               5
     g - Summon Hydra                  Summoning                     7
     h - Malign Gateway                Summoning/Translocation       7
  the Almanac of Productive Transmigration (1222 gold)
    Spells                            Type                      Level
     a - Summon Small Mammal           Summoning                     1
     b - Beastly Appendage             Transmutation                 1
     c - Ignite Poison                 Fire/Transmutation/Poison     3
     d - Ice Form                      Ice/Transmutation             4
     e - Haunt                         Necromancy/Summoning          7
     f - Summon Hydra                  Summoning                     7
     g - Dragon Form                   Transmutation                 7
     h - Dragon's Call                 Summoning                     9
  the Vellum of Ignition and the Brume (1170 gold)
    Spells                            Type                      Level
     a - Static Discharge              Conjuration/Air               2
     b - Scorch                        Fire                          2
     c - Swiftness                     Air                           3
     d - Flame Wave                    Conjuration/Fire              4
     e - Freezing Cloud                Conjuration/Ice/Air           5
     f - Conjure Ball Lightning        Conjuration/Air               6
     g - Storm Form                    Transmutation/Air             7
     h - Ignition                      Fire                          8
  the Teachings on the Baneful Mortuary (1300 gold)
    Spells                            Type                      Level
     a - Ignite Poison                 Fire/Transmutation/Poison     3
     b - Vampiric Draining             Necromancy                    3
     c - Anguish                       Hexes/Necromancy              4
     d - Corpse Rot                    Necromancy/Poison/Air         4
     e - Olgreb's Toxic Radiance       Poison                        4
     f - Borgnjor's Revivification     Necromancy                    8
     g - Infestation                   Necromancy                    8
     h - Necromutation                 Transmutation/Necromancy      8
  Otoiduita's Catalogue of Electric Metal (858 gold)
    Spells                            Type                      Level
     a - Shock                         Conjuration/Air               1
     b - Sandblast                     Earth                         1
     c - Poisonous Vapours             Poison/Air                    2
     d - Stone Arrow                   Conjuration/Earth             3
     e - Leda's Liquefaction           Hexes/Earth                   4
     f - Corpse Rot                    Necromancy/Poison/Air         4
     g - Silence                       Hexes/Air                     5
     h - Borgnjor's Vile Clutch        Necromancy/Earth              5
  the Catalogue of Breezy Calefaction (962 gold)
    Spells                            Type                      Level
     a - Foxfire                       Conjuration/Fire              1
     b - Shock                         Conjuration/Air               1
     c - Static Discharge              Conjuration/Air               2
     d - Swiftness                     Air                           3
     e - Corpse Rot                    Necromancy/Poison/Air         4
     f - Fireball                      Conjuration/Fire              5
     g - Lightning Bolt                Conjuration/Air               5
     h - Ignition                      Fire                          8
  Sif Muna's Catalogue of Venomous Transmutation (1092 gold)
    Spells                            Type                      Level
     a - Sting                         Transmutation/Poison          1
     b - Wereblood                     Transmutation                 2
     c - Mephitic Cloud                Conjuration/Poison/Air        3
     d - Irradiate                     Conjuration/Transmutation     5
     e - Yara's Violent Unravelling    Hexes/Transmutation           5
     f - Alistair's Intoxication       Transmutation/Poison          5
     g - Eringya's Noxious Bog         Transmutation/Poison          6
     h - Dragon Form                   Transmutation                 7
(0, 0, D:4)
  a +0 leather armour
  a +0 club
  a +0 mace of protection
(5, 5, D:4)
  a +0 barding
(7, -12, D:4)
  a +0 club
(8, -2, D:4)
  a +0 short sword
(10, -2, D:4)
  a +0 giant club
(11, -21, D:4)
  a +0 scale mail
(18, -6, D:4)
  a +0 dagger
(23, -6, D:4)
  a +0 short sword
(36, -10, D:4)
  a +0 halberd
(37, -10, D:4)
  a +0 spear
(37, 2, D:4)
  a +0 leather armour
(42, -4, D:4)
  a +0 club
(50, -11, D:4)
  a +0 long sword

Level 5 of the Dungeon
(2, 0, D:5)
  a +0 leather armour
  a +0 flail
(4, 0, D:5)
  a +0 falchion
  a +0 leather armour
  a +0 dagger
  a +0 robe
(4, 30, D:5)
  a +0 hand axe
(13, 16, D:5)
  a +0 whip
(16, 32, D:5)
  a staff of cold
(17, -6, D:5)
  a +0 club
(18, 24, D:5)
  a +0 spear
  a +0 halberd
(29, 9, D:5)
  a +2 trident of protection
(39, -14, D:5)
  a +0 giant spiked club

Level 6 of the Dungeon
(0, 0, D:6)
  a +0 club
(0, 1, D:6)
  a +0 dagger
  a +0 short sword
  a +0 dagger
  a +0 club
  5 stones
  a +1 dagger of venom
  a +0 dagger
  8 poisoned darts
(7, -3, D:6)
  6 stones
(8, -5, D:6)
  a +1 dagger of electrocution
(14, -2, D:6)
  a +0 dagger
(23, -6, D:6)
  4 potions of degeneration
(24, -10, D:6)
  a +0 quarterstaff
(27, 17, D:6)
  a +0 war axe
  a +0 robe of willpower
(29, 16, D:6)
  a +0 flail
  a +0 robe
(30, 17, D:6)
  a +0 dagger
  a +0 robe
(30, 20, D:6)
  a +0 long sword
  a +1 robe of willpower
  a +3 short sword
  a +0 robe
(31, -9, D:6)
  a +0 leather armour
  a +0 club
(33, 9, D:6)
  a +0 dagger
  a +0 robe
(34, -9, D:6)
  a +0 club
  8 stones
  a +0 leather armour
(34, 27, D:6)
  a +0 hand axe
(37, -8, D:6)
  a +0 hand axe
  a +0 leather armour
(46, 10, D:6)
  a +0 dagger
  a boomerang
  a +0 flail
  a +0 leather armour
(49, -8, D:6)
  a +0 flail
  a +0 robe

Level 7 of the Dungeon
(0, 0, D:7)
  a +0 quarterstaff
(0, 18, D:7)
  a +0 whip
(2, 6, D:7)
  7 stones
(5, -31, D:7)
  a +0 whip
(7, -35, D:7)
  a +0 halberd
(7, -32, D:7)
  a +0 whip
  a +0 leather armour
(8, -32, D:7)
  a +0 whip
(11, 1, D:7)
  a +0 whip
(12, -16, D:7)
  a +0 club
(12, 7, D:7)
  a +0 falchion
(12, 8, D:7)
  5 stones
(13, -7, D:7)
  a +0 scale mail
(17, -14, D:7)
  a +0 war axe
(19, -19, D:7)
  9 stones
(21, 0, D:7)
  a +0 dagger
  a +0 robe
(22, 0, D:7)
  a +0 morningstar
  a +0 leather armour
(23, -19, D:7)
  a +0 club
(23, -1, D:7)
  a +0 flail
  a +0 flail
  3 boomerangs
  a +0 plate armour
(38, 13, D:7)
  a +0 sling
(52, 0, D:7)
  a +0 pair of boots
(53, -19, D:7)
  a +0 robe

Level 8 of the Dungeon
(0, 0, D:8)
  a +0 club
(1, 3, D:8)
  a +0 whip of flaming
  a +0 robe
(6, 0, D:8)
  a +0 kite shield
(12, -17, D:8)
  7 poisoned darts
  a +0 short sword
(13, -17, D:8)
  a +0 club
(14, -17, D:8)
  a +0 short sword
  a +0 short sword
  4 poisoned darts
  a +0 short sword
  a +0 short sword of speed
(22, 1, D:8)
  a +0 shortbow
(23, 4, D:8)
  a +0 whip
(24, 3, D:8)
  a +0 spear
(24, 4, D:8)
  a +0 scale mail
  a +0 trident
(25, -19, D:8)
  a ring of protection from cold
(25, 3, D:8)
  a +0 whip
(27, 1, D:8)
  a +0 club
(32, -3, D:8)
  a +0 robe
  a +1 scimitar of flaming

Level 9 of the Dungeon
(0, 0, D:9)
  21 gold pieces
(1, 8, D:9)
  a scroll of enchant weapon
(6, 22, D:9)
  a scroll of teleportation
(12, 15, D:9)
  22 gold pieces
(17, 14, D:9)
  a +2 buckler
(27, 5, D:9)
  4 stones
(28, 4, D:9)
  a scroll of blinking
(29, 3, D:9)
  a potion of haste
(35, 15, D:9)
  a +0 great sword
(37, 30, D:9)
  5 stones
(38, 14, D:9)
  9 stones
(39, 5, D:9)
  a +0 short sword
(41, 22, D:9)
  a scroll of fear
(46, 11, D:9)
  a +0 dire flail
(51, 4, D:9)
  2 potions of haste
(60, 3, D:9)
  a +0 sling

the Ecumenical Temple

