code2828

Level 1 of the Dungeon
(0, 0, D:1)
  a +0 club
(10, 17, D:1)
  5 stones
  a +0 whip
(11, 0, D:1)
  a +0 dagger
(16, 10, D:1)
  a +0 dagger
(21, 39, D:1)
  a +0 spear
(23, 21, D:1)
  a +0 flail
  a +0 flail
(27, 17, D:1)
  7 stones
(32, 6, D:1)
  a stone
  a +0 club
(49, -2, D:1)
  4 stones
(55, 32, D:1)
  a +0 whip
(55, 42, D:1)
  a +0 pair of boots
(57, 14, D:1)
  a +0 scale mail
(58, 29, D:1)
  a +0 club
(62, 32, D:1)
  3 stones
(62, 49, D:1)
  a +0 club
(69, 32, D:1)
  a +0 leather armour

Level 2 of the Dungeon
(3, 14, D:2)
  a +0 robe
  8 stones
(17, 44, D:2)
  4 stones
(19, 26, D:2)
  a +0 club
(25, 6, D:2)
  a +0 dagger
  a +0 sling
(25, 34, D:2)
  a +0 dagger
(28, 5, D:2)
  a +0 dagger
  2 stones
(50, 33, D:2)
  a +0 flail
(52, 46, D:2)
  a +0 ring mail
(55, 41, D:2)
  a +0 dagger

Level 3 of the Dungeon
(3, -31, D:3)
  a +0 spear
  a +0 spear
  a +0 spear
  a gnoll corpse (skeletalised by now)
(3, -28, D:3)
  a +0 club
(7, -33, D:3)
  a +0 short sword
(9, -5, D:3)
  a +0 pair of gloves
(21, -2, D:3)
  a +0 leather armour
(25, -7, D:3)
  a +0 leather armour
(26, -24, D:3)
  6 stones
(32, -25, D:3)
  5 stones
(42, 3, D:3)
  a +2 buckler
(45, 10, D:3)
  a +0 flail
(46, 6, D:3)
  a +0 hand axe

Level 4 of the Dungeon
(0, 0, D:4)
  a poisoned dart
(1, 2, D:4)
  a poisoned dart
(11, 5, D:4)
  a poisoned dart
(11, 6, D:4)
  a +0 club
(35, 9, D:4)
  a hobgoblin corpse

