code2828

Level 1 of the Dungeon
[Shop] Luogu's Distillery
  2 potions of lignification (84 gold)
  a potion of lignification (42 gold)
  a potion of brilliance (56 gold)
  a potion of might (56 gold)
  a potion of magic (112 gold)
  a potion of mutation (112 gold)
  a potion of ambrosia (112 gold)
  a potion of might (56 gold)
(1, 2, D:1)
  a +0 scale mail
(14, 27, D:1)
  a +0 whip
(15, 27, D:1)
  a +0 club
(21, 25, D:1)
  a +0 dagger
(23, 26, D:1)
  a +0 short sword
  a +0 leather armour
(41, 4, D:1)
  a +0 hand axe
(55, 36, D:1)
  a +0 spear

Level 2 of the Dungeon
(0, 0, D:2)
  5 stones
(6, -7, D:2)
  a +0 dagger
(8, 15, D:2)
  a +0 ring mail
(20, -1, D:2)
  2 stones
(29, -4, D:2)
  a +0 ring mail
(37, -2, D:2)
  a +0 club
(38, 9, D:2)
  a +0 dagger
  a +0 club
(39, 7, D:2)
  a +0 club
  a +0 animal skin
  a +0 helmet
(39, 11, D:2)
  a +0 club
  a +0 dagger
  a +0 club
(39, 12, D:2)
  a +0 club
  a +0 dagger
  a +0 dagger
  a +0 club
(39, 14, D:2)
  a +0 club
  a +0 dagger
(46, 13, D:2)
  a +0 dagger
(55, 7, D:2)
  a +0 short sword
(59, 36, D:2)
  a +0 dagger
  a +0 sling

Level 3 of the Dungeon
(0, 0, D:3)
  a +0 whip
(7, -29, D:3)
  a +0 club
  a +0 leather armour
(7, -16, D:3)
  a +0 dagger
  a +0 leather armour
(8, -24, D:3)
  a +0 sling
(25, -36, D:3)
  a +0 dagger
(26, 18, D:3)
  a +0 club
(37, -25, D:3)
  a +0 dagger
(38, 3, D:3)
  a +0 dagger
(43, -19, D:3)
  a +0 club
  2 boomerangs
(43, 12, D:3)
  a staff of air
(44, -19, D:3)
  a +0 falchion
  2 boomerangs
(44, -5, D:3)
  a +0 robe
(45, -19, D:3)
  a +0 dagger
  a +0 dagger
  a +0 robe
(45, -4, D:3)
  a +0 dagger
(46, -19, D:3)
  a +1 short sword of speed
  a +0 chain mail
  a +0 dagger
  5 stones
  a +0 leather armour
(51, -17, D:3)
  3 stones
(56, -20, D:3)
  a +0 rapier
(57, 7, D:3)
  a +0 ring mail
(60, -6, D:3)
  a +0 glaive

Level 4 of the Dungeon
[Shop] Ulleklur's Weapon Emporium
  a +0 long sword (49 gold)
  the +6 war axe "Death Rattle" {elec, rN+ Str+2 Int+3} (845 gold)
    It occasionally discharges a powerful burst of electricity upon striking a
    foe.
    
    Str:       It affects your strength (+2).
    Int:       It affects your intelligence (+3).
    rN:        It protects you from negative energy.
  5 stones (7 gold)
  a +0 hand axe (42 gold)
  6 stones (8 gold)
  a +0 trident (49 gold)
  a +0 club (14 gold)
  6 stones (8 gold)
  6 javelins (67 gold)
  a +0 falchion (42 gold)
[Shop] Maerao's Tremendous Tomes
  Juxemnac's Omnibus of Turbulent Changing (1152 gold)
    Spells                            Type                      Level
     a - Ignite Poison                 Fire/Transmutation/Poison     3
     b - Kindle Blastsparks            Fire/Translocation/Air        3
     c - Airstrike                     Air                           4
     d - Summon Lightning Spire        Summoning/Air                 4
     e - Irradiate                     Conjuration/Transmutation     5
     f - Lightning Bolt                Conjuration/Air               5
     g - Dragon Form                   Transmutation                 7
     h - Chain Lightning               Conjuration/Air               9
  the Grimoire of Mutagenic Glaciation (1080 gold)
    Spells                            Type                      Level
     a - Sting                         Transmutation/Poison          1
     b - Ignite Poison                 Fire/Transmutation/Poison     3
     c - Frozen Ramparts               Ice                           3
     d - Ozocubu's Armour              Ice                           3
     e - Ice Form                      Ice/Transmutation             4
     f - Simulacrum                    Ice/Necromancy                6
     g - Necromutation                 Transmutation/Necromancy      8
     h - Polar Vortex                  Ice                           9
  the Codex of Charming Peregrination (984 gold)
    Spells                            Type                      Level
     a - Apportation                   Translocation                 1
     b - Teleport Other                Translocation                 3
     c - Fulminant Prism               Conjuration/Hexes             4
     d - Iskenderun's Mystic Blast     Conjuration/Translocation     4
     e - Cause Fear                    Hexes                         4
     f - Anguish                       Hexes/Necromancy              4
     g - Summon Mana Viper             Hexes/Summoning               5
     h - Discord                       Hexes                         8
  the Book of the Breezy Congregation (1176 gold)
    Spells                            Type                      Level
     a - Summon Small Mammal           Summoning                     1
     b - Mephitic Cloud                Conjuration/Poison/Air        3
     c - Airstrike                     Air                           4
     d - Lightning Bolt                Conjuration/Air               5
     e - Freezing Cloud                Conjuration/Ice/Air           5
     f - Conjure Ball Lightning        Conjuration/Air               6
     g - Summon Horrible Things        Summoning                     8
     h - Dragon's Call                 Summoning                     9
  the Papyrus of Petrous Left-Handed Mysteries (1267 gold)
    Spells                            Type                      Level
     a - Stone Arrow                   Conjuration/Earth             3
     b - Anguish                       Hexes/Necromancy              4
     c - Petrify                       Transmutation/Earth           4
     d - Borgnjor's Vile Clutch        Necromancy/Earth              5
     e - Statue Form                   Transmutation/Earth           6
     f - Haunt                         Necromancy/Summoning          7
     g - Infestation                   Necromancy                    8
     h - Death's Door                  Necromancy                    9
  the Precepts of the Impact and Evolution (1032 gold)
    Spells                            Type                      Level
     a - Shock                         Conjuration/Air               1
     b - Momentum Strike               Conjuration/Translocation     2
     c - Passwall                      Transmutation/Earth           2
     d - Freezing Cloud                Conjuration/Ice/Air           5
     e - Irradiate                     Conjuration/Transmutation     5
     f - Alistair's Intoxication       Transmutation/Poison          5
     g - Storm Form                    Transmutation/Air             7
     h - Necromutation                 Transmutation/Necromancy      8
  Oqexzili's Almanac of Putrid Jinxing (912 gold)
    Spells                            Type                      Level
     a - Ensorcelled Hibernation       Hexes/Ice                     2
     b - Mephitic Cloud                Conjuration/Poison/Air        3
     c - Ignite Poison                 Fire/Transmutation/Poison     3
     d - Tukima's Dance                Hexes                         3
     e - Inner Flame                   Hexes/Fire                    3
     f - Leda's Liquefaction           Hexes/Earth                   4
     g - Anguish                       Hexes/Necromancy              4
     h - Discord                       Hexes                         8
  the Incunabulum of Captivating Transmutation (816 gold)
    Spells                            Type                      Level
     a - Slow                          Hexes                         1
     b - Beastly Appendage             Transmutation                 1
     c - Wereblood                     Transmutation                 2
     d - Dazzling Flash                Conjuration/Hexes             3
     e - Summon Guardian Golem         Hexes/Summoning               3
     f - Tukima's Dance                Hexes                         3
     g - Eringya's Noxious Bog         Transmutation/Poison          6
     h - Dragon Form                   Transmutation                 7
(10, -8, D:4)
  a staff of poison
(11, 18, D:4)
  a +0 dagger
(12, -1, D:4)
  a +0 club
(12, 0, D:4)
  a +0 spear
(12, 1, D:4)
  a +0 club
(21, 10, D:4)
  7 stones
(23, 2, D:4)
  a +0 falchion
(25, -27, D:4)
  a staff of cold
(27, 3, D:4)
  a +0 dagger
(41, 7, D:4)
  a +0 short sword
  5 stones

Level 5 of the Dungeon
[Shop] Tefoluturr's General Store
  a scroll of amnesia (48 gold)
  a book of Necromancy (288 gold)
  a wand of digging (2) (100 gold)
  a potion of invisibility (96 gold)
  a staff of cold (300 gold)
(1, 4, D:5)
  a +0 club
  a +0 ring mail
  a +0 club
  a +0 leather armour
  a +0 short sword
(2, 4, D:5)
  a +0 club
(7, -1, D:5)
  3 stones
(11, -2, D:5)
  a +0 scale mail
(12, -2, D:5)
  a +0 giant club
(17, -20, D:5)
  4 stones
(18, 21, D:5)
  a stone
(37, -33, D:5)
  a +0 halberd
(44, -15, D:5)
  a +1 whip of venom
  (unseen)

Level 6 of the Dungeon
(2, 17, D:6)
  a +0 robe
(3, 1, D:6)
  a +0 club
  a +0 scale mail
(4, 1, D:6)
  a +0 club
(4, 3, D:6)
  a +0 dagger
  a +0 robe
(5, 4, D:6)
  a +0 mace
  a boomerang
  a +0 plate armour
(10, 24, D:6)
  a +0 dagger
  a +0 robe
(17, 27, D:6)
  a +0 dagger
  a +0 robe
(19, 21, D:6)
  a +0 whip
  a +0 leather armour
(20, -4, D:6)
  a +0 mace
(20, 7, D:6)
  9 stones
(22, 28, D:6)
  a +0 dagger
  a +0 robe
(23, -3, D:6)
  a +0 plate armour
(31, 6, D:6)
  a +0 spear
(35, 22, D:6)
  a +2 robe of the Archmagi
(43, 21, D:6)
  a +0 whip
(43, 26, D:6)
  a +0 club
  a +0 robe
(45, 12, D:6)
  a +0 spear
(48, 6, D:6)
  a +0 whip
(53, 14, D:6)
  a +0 spear
(55, 29, D:6)
  a +0 trident
  a +0 leather armour
(55, 30, D:6)
  a +0 dagger
(55, 31, D:6)
  a +0 short sword
(55, 33, D:6)
  a +0 mace

Level 7 of the Dungeon
(0, 0, D:7)
  a +0 sling
(2, 2, D:7)
  an iguana corpse (skeletalised by now)
(7, 9, D:7)
  a +0 scale mail
(14, 25, D:7)
  a +0 short sword
(18, 18, D:7)
  a +0 trident
(22, 6, D:7)
  a +0 hand axe
(23, 5, D:7)
  a +0 battleaxe
  a +0 plate armour
(23, 7, D:7)
  a +0 dagger
  a +0 robe
(27, 13, D:7)
  a +0 dagger
  a +0 robe
(27, 15, D:7)
  a +0 dagger
  a +0 robe
(28, 23, D:7)
  a +0 dagger
  a +0 robe
  a +0 giant club
(29, 15, D:7)
  a +0 falchion
  a +0 ring mail
(35, 17, D:7)
  a +0 war axe
  a +0 giant club
(36, 16, D:7)
  a +1 hand axe of freezing
  a +0 leather armour
  a +3 short sword
  a +0 robe
(37, 16, D:7)
  a +0 dagger
(41, -6, D:7)
  3 poisoned darts
(44, 16, D:7)
  a +0 club
  a +0 leather armour

Level 8 of the Dungeon
(0, 0, D:8)
  a +0 short sword
  2 poisoned darts
  a kobold corpse
(7, 1, D:8)
  a +0 short sword
  8 poisoned darts
(9, 12, D:8)
  a +0 pair of gloves
(19, -12, D:8)
  a +0 short sword
  2 stones
  a kobold corpse
(21, -13, D:8)
  a +0 short sword
  a kobold corpse
(21, -12, D:8)
  a +0 dagger
  8 poisoned darts
(24, -12, D:8)
  a +0 dagger
  7 poisoned darts
  a kobold corpse
(25, -12, D:8)
  a +0 short sword
  a kobold corpse
(27, 8, D:8)
  a +0 robe
(27, 13, D:8)
  a potion of resistance
(28, 6, D:8)
  a howler monkey corpse

the Ecumenical Temple

