code2828

Level 1 of the Dungeon
(0, 0, D:1)
  a +0 dagger
(20, 19, D:1)
  a +0 ring mail
(21, 28, D:1)
  a +0 dagger
(36, 22, D:1)
  a +0 club
(46, 39, D:1)
  a +0 leather armour
(48, 38, D:1)
  a cursed +0 leather armour
(49, -2, D:1)
  a +0 hunting sling

Level 2 of the Dungeon
(8, 4, D:2)
  a +0 club
(9, -4, D:2)
  a +0 dagger
(14, -5, D:2)
  a +0 club
(14, 19, D:2)
  a +0 whip
(19, -4, D:2)
  a +0 club
(19, 26, D:2)
  a +0 dagger
(21, 28, D:2)
  an uncursed ring of ice
(23, -15, D:2)
  24 arrows
(28, -9, D:2)
  a +0 dagger
(35, -14, D:2)
  a +0 scale mail
(37, -8, D:2)
  a +0 robe
(38, 21, D:2)
  a +0 spear
(40, -8, D:2)
  a +0 dagger
(43, -3, D:2)
  a +0 club
(44, -11, D:2)
  a +0 dagger
(44, -10, D:2)
  a +0 club
  a +0 club
(44, -9, D:2)
  a +0 whip
  a cursed +0 animal skin
  a +0 helmet

Level 3 of the Dungeon
(0, 0, D:3)
  8 poisoned needles
(13, 15, D:3)
  a rat skeleton
(16, 18, D:3)
  a +0 spear
  a +0 halberd
  a +0 spear
(19, 15, D:3)
  a +0 club
(24, 21, D:3)
  22 arrows
(25, 0, D:3)
  a +0 rapier
(28, -3, D:3)
  a +0 leather armour
(33, 4, D:3)
  a +0 club
(40, -22, D:3)
  a +0 robe
(49, -15, D:3)
  a +1 dagger of speed

Level 4 of the Dungeon
[Shop] Vetwior's Distillery
  a potion of agility (56 gold)
  a potion of flight (42 gold)
  a potion of cure mutation (350 gold)
  a potion of cancellation (112 gold)
  a potion of lignification (42 gold)
  a potion of degeneration (14 gold)
  a potion of flight (42 gold)
  a potion of degeneration (14 gold)
(7, 43, D:4)
  a +2 dagger of venom
(7, 45, D:4)
  a +0 dagger
(7, 46, D:4)
  a +0 ring mail
(7, 49, D:4)
  a +0 falchion
  a +0 ring mail
  a +0 dagger
(12, 27, D:4)
  a +0 dagger
(15, 31, D:4)
  20 arrows
(20, 17, D:4)
  a +0 scale mail
(25, 19, D:4)
  a +0 short sword
(30, 15, D:4)
  a +0 giant spiked club
(33, -7, D:4)
  31 bolts
(33, 19, D:4)
  a cursed -3 dagger
  a +0 robe
  2 tomahawks
(33, 20, D:4)
  a +0 club
(33, 21, D:4)
  a +0 flail
  2 tomahawks
  a +0 leather armour
(33, 23, D:4)
  a +0 club
(33, 24, D:4)
  a +0 flail
(36, 28, D:4)
  a tomahawk
(40, 17, D:4)
  5 tomahawks of returning
(44, 3, D:4)
  a +0 giant club
(50, -6, D:4)
  a +0 chain mail

Level 5 of the Dungeon
(0, 0, D:5)
  2 tomahawks
(5, 8, D:5)
  a cursed -3 falchion
(36, -10, D:5)
  a potion of lignification
(36, -9, D:5)
  2 stones
(36, -3, D:5)
  2 stones (still there?)
  a stone (still there?)
(37, -18, D:5)
  a scroll of identify
(37, -10, D:5)
  a scroll of teleportation
(37, -9, D:5)
  a stone
(37, -7, D:5)
  2 stones
(38, -9, D:5)
  2 stones
(38, -8, D:5)
  4 stones
(38, -7, D:5)
  2 stones
(38, -6, D:5)
  a sling bullet
(38, -5, D:5)
  a stone
(38, -4, D:5)
  a sling bullet
(38, -3, D:5)
  4 stones
(39, -3, D:5)
  a stone

