code2828

Level 1 of the Dungeon
(0, 0, D:1)
  a +0 whip
  3 stones
(0, 11, D:1)
  a +0 dagger
(9, -5, D:1)
  a +0 dagger
(10, 8, D:1)
  a +0 club
(23, 7, D:1)
  a +0 dagger
(23, 9, D:1)
  a +1 dagger of protection
(27, 40, D:1)
  a +0 robe
(31, 1, D:1)
  a +0 trident
(31, 39, D:1)
  a +0 club
(36, 28, D:1)
  a +0 dagger
(37, 21, D:1)
  a +0 club
(39, 23, D:1)
  a +0 spear
(45, 17, D:1)
  7 stones
(53, 14, D:1)
  8 stones
(59, 13, D:1)
  5 stones

Level 2 of the Dungeon
(2, 5, D:2)
  7 stones
(3, 8, D:2)
  a +0 short sword
  3 stones
(13, -10, D:2)
  a +0 ring mail of fire resistance
(22, 1, D:2)
  a +0 club

Level 3 of the Dungeon
(0, 0, D:3)
  a +0 club
(7, 1, D:3)
  a +0 whip
(8, 2, D:3)
  a +0 spear
(10, 5, D:3)
  a +0 hand axe
  a +0 ring mail
(11, 8, D:3)
  8 stones
(12, -3, D:3)
  a +0 flail of holy wrath
(29, -15, D:3)
  a +0 robe
(34, 8, D:3)
  a +0 mace
  a +0 mace
  a +0 scale mail
  a +0 flail
  a +0 club
  a +0 chain mail
  a +1 vampiric whip
(35, 2, D:3)
  a +0 ring mail
(61, 11, D:3)
  a +0 club
  a +0 scale mail
  a +0 mace
  a +0 leather armour
  a +0 whip
  a +0 whip
  a +0 hand axe
  a boomerang
(65, -10, D:3)
  a +0 war axe

Level 4 of the Dungeon
(0, 0, D:4)
  a +0 dagger
  a +0 scale mail
(20, -12, D:4)
  a +0 club
(20, -7, D:4)
  a +0 mace
(21, -17, D:4)
  a +0 tower shield
(27, -30, D:4)
  a +0 scale mail
(41, -16, D:4)
  a +0 dagger
(48, -38, D:4)
  a +0 short sword
(49, 0, D:4)
  a +0 scale mail
(57, 8, D:4)
  a +0 dagger

Level 5 of the Dungeon
(0, 0, D:5)
  a +0 ring mail
(10, -6, D:5)
  a +0 giant club
(11, -40, D:5)
  a +0 short sword
(11, -4, D:5)
  a +0 ring mail
(16, -33, D:5)
  a +0 quarterstaff
(26, 17, D:5)
  a +0 hand axe
(27, -33, D:5)
  a +0 war axe
(39, -35, D:5)
  a ring of positive energy
(39, -26, D:5)
  a +0 dagger
(40, 2, D:5)
  a +0 trident
(44, 4, D:5)
  a +0 leather armour
(44, 11, D:5)
  a +0 club
  a +0 leather armour

Level 6 of the Dungeon
(0, 0, D:6)
  a +0 scale mail
(4, -5, D:6)
  a +0 hand axe
  a +0 scale mail
(7, -13, D:6)
  4 stones
(8, 10, D:6)
  a +0 scale mail
(9, -18, D:6)
  a +4 flail
  3 stones
  a +0 robe
(12, 8, D:6)
  a +0 club
(14, 31, D:6)
  a +0 ring mail
(16, -5, D:6)
  a +0 battleaxe
  a +0 chain mail
(24, 5, D:6)
  a +0 ring mail
  a +0 hand axe
(24, 6, D:6)
  a +0 short sword
(25, 5, D:6)
  a +0 ring mail
  a +1 whip of venom
  a +0 dagger
(27, -19, D:6)
  a +0 ring mail
(27, 9, D:6)
  a +0 leather armour
  a +0 club
(36, 27, D:6)
  a +0 flail

Level 7 of the Dungeon
(0, 0, D:7)
  5 stones
(5, 8, D:7)
  a +0 whip
(7, -18, D:7)
  a +5 sling
  a +0 quarterstaff
  a +0 leather armour of fire resistance
(7, 8, D:7)
  a +0 pair of boots
(7, 9, D:7)
  a +0 dagger
  a +0 robe
(8, 10, D:7)
  a +0 shortbow
(13, -13, D:7)
  a ring of protection from cold
(21, 18, D:7)
  a +0 hand axe
(24, -37, D:7)
  a +0 leather armour
  a +0 falchion
  a +0 club
(24, -36, D:7)
  a +0 scale mail
  a +0 robe
  a +0 chain mail
  a +0 halberd
(25, -22, D:7)
  9 stones
(27, -17, D:7)
  7 stones
(38, -12, D:7)
  a +0 leather armour
(50, -20, D:7)
  a +0 long sword

Level 8 of the Dungeon
(0, 0, D:8)
  a +3 falchion
  8 stones
  a +0 robe
(3, 27, D:8)
  5 boomerangs
(5, -12, D:8)
  a +2 great sword
  a +0 robe
(7, -22, D:8)
  4 boomerangs
(7, -9, D:8)
  a +0 chain mail
  a +0 whip
(10, -5, D:8)
  a +0 leather armour
  a +0 short sword
(12, -13, D:8)
  a +0 robe
  a +0 dire flail
(12, -5, D:8)
  a +0 robe
  a +2 trident
(13, -21, D:8)
  a +0 ring mail
  a +0 club
  a +0 robe
  a +0 dagger
  a +0 robe
  a +0 dagger
  a +0 shortbow
  a +0 robe
  a +0 falchion
(13, 32, D:8)
  a +0 scale mail
(14, 25, D:8)
  a +0 sling
(19, -3, D:8)
  a +0 short sword
  a +0 scale mail
(21, 21, D:8)
  2 poisoned darts
(23, 11, D:8)
  a +0 robe
  a +0 dagger
  a +0 whip
(23, 12, D:8)
  a +0 hand axe
(24, 12, D:8)
  a +0 short sword
  a +0 falchion
(29, 24, D:8)
  a +0 war axe
  a +0 plate armour
(33, 5, D:8)
  3 stones
(36, -18, D:8)
  a +4 scimitar of flaming
  a +1 robe
(42, 27, D:8)
  a +0 flail
(42, 33, D:8)
  a +0 ring mail
(43, 7, D:8)
  a +0 pair of boots
(45, 27, D:8)
  a +0 glaive

Level 9 of the Dungeon
(0, 0, D:9)
  a +0 ring mail
(3, -50, D:9)
  a +0 dagger
  a +0 robe
(4, -50, D:9)
  a +0 short sword
  a +0 scale mail
(21, -34, D:9)
  2 poisoned darts
  a +0 club
(22, -34, D:9)
  2 poisoned darts
  a +0 short sword
(23, -34, D:9)
  4 stones
  a +0 club
  a +0 club
  7 poisoned darts
  a +0 whip of electrocution
  a +0 shortbow
(36, -9, D:9)
  a +0 hand axe
  a +0 ring mail
(40, -10, D:9)
  a +0 giant club
  a +0 giant club
(41, -3, D:9)
  a +0 robe
(41, 0, D:9)
  a +0 dire flail
  a +0 robe
(46, -9, D:9)
  a +0 long sword
  a +0 scale mail
(47, -10, D:9)
  a +0 great sword
  8 stones
  a +0 robe

Level 10 of the Dungeon
[Shop] Xoefow's Antique Weapon Shoppe
  a +0 dagger of holy wrath (190 gold)
  a +0 mace (102 gold)
  a +0 sling (51 gold)
  a +0 sling (51 gold)
  a +0 morningstar (136 gold)
  a +0 short sword (102 gold)
  a +0 dagger (68 gold)
  a +0 giant club (57 gold)
  a +0 flail (119 gold)
(0, 0, D:10)
  Great Wizards, Vol. II
(1, -1, D:10)
  a book of Winter
(9, 17, D:10)
  3 stones
(11, 13, D:10)
  a +0 chain mail
(11, 29, D:10)
  4 stones
(13, 19, D:10)
  6 stones
(18, 27, D:10)
  a warg corpse
(19, 27, D:10)
  a warg corpse
(19, 28, D:10)
  a +0 troll leather armour
  a troll corpse
(23, 29, D:10)
  5 stones
(27, 20, D:10)
  a +0 buckler of fire resistance

the Ecumenical Temple

