code2828

Level 1 of the Dungeon
(0, 0, D:1)
  a +0 leather armour
(1, 19, D:1)
  4 stones
(6, 43, D:1)
  a +0 spear
(8, 25, D:1)
  a There-And-Back Book
(9, 52, D:1)
  a +0 dagger
(12, 27, D:1)
  a +0 dagger
(13, 43, D:1)
  a +0 dagger
  a stone
(17, 42, D:1)
  a +0 animal skin
(28, 33, D:1)
  a +0 club
(29, 48, D:1)
  a +0 dagger
(38, 49, D:1)
  a staff of air
(44, 39, D:1)
  a +0 club
(47, 7, D:1)
  a +0 ring mail
(50, 24, D:1)
  a book of the Hunter
(53, 26, D:1)
  a +0 whip of draining
(56, 16, D:1)
  a +0 whip

Level 2 of the Dungeon
[Shop] Ibiskoj's Vocational Training
  a manual of Invocations (960 gold)
  a manual of Evocations (960 gold)
(0, 0, D:2)
  a +0 sling
(1, 14, D:2)
  a +0 robe
(1, 20, D:2)
  a +0 spear
(10, 8, D:2)
  a +0 short sword
(12, 18, D:2)
  a +0 dagger
(19, 9, D:2)
  a +0 ring mail
(20, 6, D:2)
  a +0 flail
(23, -1, D:2)
  a +0 short sword
(27, 10, D:2)
  a +0 scimitar
(27, 27, D:2)
  a +0 sling
(29, 15, D:2)
  a +0 ring mail
(30, 0, D:2)
  4 stones
(49, -6, D:2)
  a +0 ring mail

Level 3 of the Dungeon
(0, 0, D:3)
  a book of Blasting
(5, -3, D:3)
  a book of Callings
(6, 7, D:3)
  a +0 helmet
(6, 11, D:3)
  a +0 whip
  3 stones
(26, 9, D:3)
  a +0 helmet
(30, -9, D:3)
  a +0 club
(41, -3, D:3)
  a +0 short sword
  a +0 short sword
  2 stones
(44, -3, D:3)
  a +0 ring mail
(45, -16, D:3)
  a +0 flail
  6 javelins
  a +0 leather armour
(47, 2, D:3)
  5 stones

Level 4 of the Dungeon
(4, 14, D:4)
  a +0 flail
(9, 6, D:4)
  a +0 leather armour
(12, 16, D:4)
  a There-And-Back Book
(27, -11, D:4)
  a +0 rapier
(29, 9, D:4)
  a +0 war axe
  a +0 leather armour
(31, 27, D:4)
  a +0 flail
(31, 28, D:4)
  a +0 flail
  a +0 whip
(31, 29, D:4)
  a +0 whip
  a +0 whip
  a +0 leather armour
  a +0 whip
(36, 3, D:4)
  a +0 leather armour

Level 5 of the Dungeon
(0, 0, D:5)
  a +0 ring mail
(12, 45, D:5)
  a +0 club
  a +0 flail
  a +0 dagger
  a +0 robe
  a +4 dagger
(23, 34, D:5)
  7 stones
(29, 40, D:5)
  a +0 ring mail
(34, 20, D:5)
  a +0 whip
(34, 42, D:5)
  a +0 dagger
(44, 12, D:5)
  a +0 leather armour

Level 6 of the Dungeon
(0, 0, D:6)
  7 stones
(5, -12, D:6)
  a +0 mace
(11, -10, D:6)
  a +0 chain mail
(12, 13, D:6)
  a +0 spear
(23, -25, D:6)
  a +0 broad axe
(25, -27, D:6)
  a +0 ring mail
(27, -30, D:6)
  a +0 dagger
  a +0 robe
  a +0 scimitar
  a +0 chain mail
  a +0 whip
  a +0 ring mail
(27, -14, D:6)
  4 stones
(29, -26, D:6)
  a +0 dagger
  a +0 robe
(29, -23, D:6)
  a +0 giant spiked club
(41, -8, D:6)
  2 stones
(48, -21, D:6)
  7 stones
(50, 6, D:6)
  a +0 pair of gloves

Level 7 of the Dungeon
[Shop] Huxenif's General Store
  a phial of floods (560 gold)
  a +0 chain mail (63 gold)
  a +1 flail of protection (156 gold)
  a ring of protection from fire (350 gold)
  a scroll of identify (28 gold)
  a +0 flail (49 gold)
  a scroll of identify (28 gold)
[Shop] Wusuygap's Assorted Antiques
  a +0 great mace (110 gold)
  a potion of resistance (170 gold)
  a +0 leather armour (34 gold)
  a potion of resistance (170 gold)
  a +0 chain mail (76 gold)
  a +0 leather armour (34 gold)
  a scroll of fear (68 gold)
  a wand of polymorph (3) (71 gold)
(0, 0, D:7)
  a +0 quarterstaff
(5, -21, D:7)
  a +0 sling
(6, 21, D:7)
  a +0 trident
  a +0 leather armour
(6, 22, D:7)
  a +0 hand axe
  a +0 leather armour
  a +0 hand axe
  a +0 dagger
  a +0 robe
(12, -29, D:7)
  a +0 leather armour
(16, 2, D:7)
  8 stones
(27, -16, D:7)
  4 atropa-tipped darts
(31, -21, D:7)
  a +0 giant club
(34, -21, D:7)
  a +0 club
(38, 16, D:7)
  a +0 shortbow
(41, -16, D:7)
  a +0 mace
(41, -15, D:7)
  a +0 club
  a +0 flail
(54, -15, D:7)
  a +0 ring mail
(57, -5, D:7)
  6 stones

Level 8 of the Dungeon
(0, 0, D:8)
  a +0 club
  a +0 whip
(1, 0, D:8)
  4 stones
  a +0 whip
  a curare-tipped dart
  a +0 dagger
(1, 1, D:8)
  a +0 club
  a +0 short sword
  15 poisoned darts
  a +0 club
  9 stones
  a +0 dagger
(6, -1, D:8)
  +0 steam dragon scales
  a +0 hand axe
  a +0 short sword
  a +0 robe
  a +0 dagger
(8, 24, D:8)
  a +0 dagger of electrocution
(26, 16, D:8)
  a book of Weapons
(37, -7, D:8)
  a +0 dagger
(40, -6, D:8)
  a +0 club
(40, -5, D:8)
  a +0 short sword
  a curare-tipped dart
  a +0 club
  4 poisoned darts
(40, 2, D:8)
  5 stones
(40, 10, D:8)
  a +0 flail
(42, 14, D:8)
  a +0 short sword
(42, 16, D:8)
  14 stones
  a +0 short sword of holy wrath
  a +0 short sword
  a +0 short sword
  a +1 dagger of freezing
  a +0 dagger of venom
  a +0 dagger
  2 curare-tipped darts
  a +0 whip
  2 poisoned darts
  a +0 whip
  a +0 club
  a +0 dagger
  a +0 whip
  a +0 dagger
(42, 17, D:8)
  a +0 short sword
(44, 30, D:8)
  a +0 pair of gloves
(47, 14, D:8)
  a +0 giant club
  a +0 giant club
(48, 5, D:8)
  a +0 falchion
(48, 6, D:8)
  a +0 dire flail
  a +0 chain mail
(48, 7, D:8)
  a +0 whip
  a +0 leather armour

Level 9 of the Dungeon
(0, 0, D:9)
  a +0 cloak
(6, 13, D:9)
  a +0 short sword
(7, 6, D:9)
  a +0 ring mail
(9, 16, D:9)
  a +0 hand axe
(11, 6, D:9)
  a book of Burglary
(18, 11, D:9)
  a +0 trident
(31, 0, D:9)
  a +0 robe
  a +0 dagger
  a +0 leather armour
  a +1 vorpal hand axe
  a +0 plate armour
  a +0 flail
(32, -18, D:9)
  a +0 robe
  a +0 falchion
  a +0 leather armour
  a +0 dagger
(34, -1, D:9)
  a +0 giant club
  a +0 giant club
  a +0 chain mail
  a +0 hand axe
(34, 13, D:9)
  a +0 robe
  a +2 short sword of freezing
(34, 14, D:9)
  a +0 robe
  a +0 scimitar
  a +0 robe
  a +0 falchion
  a +0 robe
  a +0 battleaxe
(35, -17, D:9)
  a +0 ring mail
  a +0 club
(35, -1, D:9)
  a +0 robe
  a +0 dagger
(36, -8, D:9)
  a +0 mace
(42, -21, D:9)
  a +0 chain mail
  a +0 halberd

Level 10 of the Dungeon
(4, 26, D:10)
  a +0 chain mail
(5, -8, D:10)
  a +0 dagger
(7, 5, D:10)
  a +0 giant club
  a +0 giant club
(8, 18, D:10)
  a +0 short sword
  a +0 dagger of venom
(8, 19, D:10)
  a +0 club
  a +0 whip
  12 poisoned darts
  a +0 dagger
  2 stones
  a +0 dagger
  a curare-tipped dart
(8, 20, D:10)
  a +0 dagger
(10, -9, D:10)
  a +0 short sword
  2 stones
  a +0 short sword
(10, -8, D:10)
  a +0 whip
  2 stones
(10, -7, D:10)
  a +0 short sword
(11, -6, D:10)
  a +0 dagger
  5 poisoned darts
(11, -5, D:10)
  a +0 short sword
  a +0 short sword
  7 poisoned darts
(20, -15, D:10)
  a +0 chain mail
(28, -2, D:10)
  6 stones
(33, 9, D:10)
  a +0 ring mail
  a +1 trident of protection
(34, 10, D:10)
  a +0 flail
(35, 10, D:10)
  a +0 whip
(45, 0, D:10)
  a +0 plate armour
(46, -6, D:10)
  a +0 club
(46, -5, D:10)
  a +0 plate armour
  a +0 short sword
(46, -4, D:10)
  a +0 robe
  a +0 dagger

Level 11 of the Dungeon
(1, 7, D:11)
  a +0 halberd
(4, 28, D:11)
  a +0 whip
(4, 29, D:11)
  a +0 whip
(5, -13, D:11)
  a +2 helmet of intelligence
(5, 4, D:11)
  5 large rocks
(6, -14, D:11)
  a +0 mace
(14, 4, D:11)
  a +4 scale mail
(35, -9, D:11)
  a +0 giant club
  a +0 giant club
(36, -6, D:11)
  a +0 trident
(36, 25, D:11)
  a +0 club

the Ecumenical Temple

Level 1 of the Lair of Beasts
(0, 0, Lair:1)
  a +0 dagger
  a +2 robe of positive energy
(0, 20, Lair:1)
  3 poisoned darts
(5, 37, Lair:1)
  a +0 ring mail
(9, 39, Lair:1)
  a +0 quarterstaff
(11, 4, Lair:1)
  2 stones
(17, 9, Lair:1)
  a +0 rapier
(33, -6, Lair:1)
  a +2 long sword
  7 silver javelins
  a +0 scale mail
(36, 29, Lair:1)
  a black mamba corpse (skeletalised by now)
(42, 39, Lair:1)
  5 gold pieces
(46, 9, Lair:1)
  a +0 scale mail
(48, 9, Lair:1)
  a -2 demon whip of venom

Level 2 of the Lair of Beasts
(0, 0, Lair:2)
  a cane toad corpse
(9, 4, Lair:2)
  a +0 ring mail
(27, -7, Lair:2)
  a wolf corpse (skeletalised by now)
  a bullfrog corpse (skeletalised by now)
(28, -7, Lair:2)
  a wolf corpse (skeletalised by now)
(29, 5, Lair:2)
  a water moccasin corpse (skeletalised by now)

