code2828

Level 1 of the Dungeon
(7, -12, D:1)
  a +0 dagger
(13, -30, D:1)
  7 stones
(16, -35, D:1)
  a +0 dagger
(20, -31, D:1)
  a +0 dagger
(35, -31, D:1)
  7 stones
(60, -26, D:1)
  a +0 short sword

Level 2 of the Dungeon
(0, 0, D:2)
  a +0 club
  a +0 robe
(10, 6, D:2)
  a +0 dagger
(13, -17, D:2)
  a +0 ring mail
(36, 10, D:2)
  5 poisoned darts

Level 3 of the Dungeon
(0, 0, D:3)
  4 atropa-tipped darts
(3, 12, D:3)
  a +0 short sword
(15, 5, D:3)
  a +0 short sword
(16, 59, D:3)
  a +0 robe
(24, 28, D:3)
  a +0 dagger
(30, 22, D:3)
  a +0 club
  a +0 dagger
  a +0 robe
(31, 22, D:3)
  a +0 hand axe
(31, 52, D:3)
  a +2 short sword of protection
  4 poisoned darts
(41, 5, D:3)
  3 stones
(42, 21, D:3)
  a +0 club
(43, 21, D:3)
  a +0 whip
  a +0 short sword
(46, 35, D:3)
  a +0 dagger
  a +0 robe
(47, 31, D:3)
  a +0 robe
(47, 39, D:3)
  a +0 club
(50, 50, D:3)
  a +0 flail
(51, 14, D:3)
  a +0 quarterstaff

Level 4 of the Dungeon
(0, 0, D:4)
  a +0 ring mail
  a +0 club
(1, 11, D:4)
  a +0 spear
(3, -36, D:4)
  a scarf of shadows
(8, -28, D:4)
  a +0 robe
(35, -30, D:4)
  a +0 giant club
(38, -5, D:4)
  a +0 hand axe
  a +0 chain mail
(39, -5, D:4)
  a +0 hand axe
  a +0 dagger
(41, -37, D:4)
  a +0 dagger
  4 stones
(42, -26, D:4)
  a +0 short sword
  3 stones
(43, -15, D:4)
  a +0 club
(44, -26, D:4)
  a +0 giant club
(62, -18, D:4)
  6 poisoned darts

Level 5 of the Dungeon
(0, 0, D:5)
  a +0 dagger
  a +0 robe
(1, 0, D:5)
  a +0 dagger
  a +0 robe
  a +0 dagger
(2, -47, D:5)
  a +0 ring mail
(2, -15, D:5)
  a +0 robe
(2, 0, D:5)
  a +0 club
  a +0 whip
  a +0 leather armour
(7, -40, D:5)
  a +0 hand axe
  a +0 club
  a +0 chain mail
  a +0 short sword
  a +0 dagger
  a +0 robe
  a +0 mace
  a +0 leather armour
(9, -47, D:5)
  a +0 mace
(13, -24, D:5)
  a +0 sling
(13, -14, D:5)
  a +0 chain mail
(18, -17, D:5)
  5 stones
(32, -43, D:5)
  a +0 mace
  a +0 leather armour
(32, -42, D:5)
  a +0 club
  a +0 ring mail
(32, -27, D:5)
  a +0 club
(34, -42, D:5)
  a +0 dagger
  a +0 robe
(39, -19, D:5)
  a +1 heavy hand axe
(46, -22, D:5)
  5 large rocks
(50, -19, D:5)
  4 stones
(51, -14, D:5)
  a +0 trident

Level 6 of the Dungeon
(0, 0, D:6)
  a +0 whip
(9, 9, D:6)
  a +0 long sword
(11, -3, D:6)
  a +0 dagger
(17, -2, D:6)
  a +0 arbalest
(19, 14, D:6)
  a +0 dagger
(25, -6, D:6)
  a +0 robe
(27, 18, D:6)
  a +3 war axe
  a +0 robe
(30, -16, D:6)
  the +10 short sword of Cywkeseu {holy, Drain rElec rN++}
    It has been blessed by the Shining One to cause great damage to the undead
    and demons.
    
    rElec:     It insulates you from electricity.
    rN:        It greatly protects you from negative energy.
    Drain:     It drains your maximum health when unequipped.
(35, -15, D:6)
  a +0 shortbow
(37, 10, D:6)
  a +4 mace
  a +0 robe
(41, -6, D:6)
  a +0 great sword
  a +0 robe

Level 7 of the Dungeon
(0, 0, D:7)
  a +0 club
  3 poisoned darts
(1, -2, D:7)
  a +0 short sword
  5 stones
(1, -1, D:7)
  a +0 whip
  a curare-tipped dart
(1, 0, D:7)
  a +0 short sword
(1, 1, D:7)
  a +1 antimagic dagger
(1, 3, D:7)
  a +0 chain mail
(2, 0, D:7)
  a +0 dagger
  8 poisoned darts
(3, 0, D:7)
  a +0 dagger
  2 stones
(9, -26, D:7)
  9 stones
(11, -5, D:7)
  3 stones
(12, -12, D:7)
  a +0 scale mail
(13, -6, D:7)
  a +0 quarterstaff
(15, 2, D:7)
  a +0 chain mail
(16, -12, D:7)
  4 large rocks
(21, -18, D:7)
  a +0 spear
(29, -28, D:7)
  5 atropa-tipped darts
(30, -3, D:7)
  a +0 ring mail
(35, -9, D:7)
  a +0 ring mail
(38, -16, D:7)
  a +0 leather armour
(42, -17, D:7)
  a +0 spear
  3 stones
  a +0 scale mail
  a +3 short sword
  a +0 ring mail
  a +0 dagger
(42, -16, D:7)
  a +1 dagger of pain
(42, -15, D:7)
  a +0 whip
  a +0 robe
  a +0 whip
(42, -14, D:7)
  a +0 halberd
(43, -21, D:7)
  5 stones
(43, -17, D:7)
  a +0 robe
  a +0 dagger
(43, -5, D:7)
  a +0 leather armour
(44, -20, D:7)
  a +1 flail of venom

Level 8 of the Dungeon
(0, 0, D:8)
  a +0 morningstar
  a +0 hand axe
  a +0 hand axe
  a +2 chain mail of fire resistance
  a +0 whip
  a +0 leather armour
  a +0 club
(7, 1, D:8)
  a +0 dagger
  2 stones
(10, -2, D:8)
  a +0 dagger
  2 poisoned darts
(11, -2, D:8)
  a +0 short sword
  2 stones
(11, 2, D:8)
  a +0 quarterstaff
  a +0 sling
  a +0 ring mail
(26, 9, D:8)
  a +0 mace
(33, 28, D:8)
  a +0 ring mail
(36, 41, D:8)
  a ring of poison resistance
(38, -8, D:8)
  a +0 whip
(38, 28, D:8)
  a +0 shortbow
(41, -8, D:8)
  a +3 dagger of chaos
  a +2 robe of willpower
(48, 18, D:8)
  a +4 halberd
  a +0 robe
(49, 18, D:8)
  a +4 spear of freezing
  a +0 robe
(52, -4, D:8)
  a scarf of resistance
(56, 13, D:8)
  a +0 scimitar
  a +0 robe
  a +4 short sword
  a +0 robe

Level 9 of the Dungeon
(0, 34, D:9)
  2 stones
(5, 40, D:9)
  a +4 scimitar of flaming
  a +1 robe of the Archmagi
(15, 15, D:9)
  6 poisoned darts
(22, 35, D:9)
  a +0 short sword of draining
  a +0 whip
  8 stones
  a +0 dagger
(23, 18, D:9)
  +0 steam dragon scales
  a steam dragon corpse
(23, 33, D:9)
  a +0 club
  3 stones
(23, 34, D:9)
  a +0 dagger
  a stone
  a +0 whip
  2 poisoned darts
(23, 35, D:9)
  a +0 dagger
  4 stones
(27, 17, D:9)
  a +0 whip
(28, 18, D:9)
  3 poisoned darts
  a +0 dagger
(28, 19, D:9)
  a +0 dagger
(32, -2, D:9)
  a +0 trident
(33, -4, D:9)
  a +0 shortbow
(35, 14, D:9)
  a +0 robe
  a +0 dagger
  an orc corpse (skeletalised by now)
(37, 31, D:9)
  a +0 falchion
  a +0 dagger
(41, 35, D:9)
  a +0 dagger
  a +0 robe

the Ecumenical Temple

Level 1 of the Lair of Beasts
(0, 0, Lair:1)
  9 gold pieces
(2, 13, Lair:1)
  a scroll of identify
(7, 5, Lair:1)
  a yak corpse
  a wolf corpse
  a wolf corpse
  a bullfrog corpse
(7, 6, Lair:1)
  a water moccasin corpse

