code2828

Level 1 of the Dungeon
(0, 0, D:1)
  a +0 spear
(1, -59, D:1)
  a ring of fire
(7, -60, D:1)
  a +0 club
(7, -1, D:1)
  a +0 dagger
(8, -6, D:1)
  a book of Lightning
(19, -30, D:1)
  a +0 leather armour
(26, -38, D:1)
  a +0 spear
(36, -53, D:1)
  3 stones
(49, -33, D:1)
  4 stones
(51, -3, D:1)
  5 stones
(56, -13, D:1)
  a +0 club

Level 2 of the Dungeon
(0, 0, D:2)
  2 potions of brilliance
(1, 2, D:2)
  a +0 club
(1, 23, D:2)
  a +0 dagger
(7, 16, D:2)
  a +0 short sword
(16, 5, D:2)
  8 stones
(20, 3, D:2)
  a +0 short sword
(24, 28, D:2)
  a +0 war axe
(26, 0, D:2)
  a staff of death
(29, 31, D:2)
  a +0 dagger
(29, 32, D:2)
  a +0 dagger
(29, 33, D:2)
  a +0 club
(30, 28, D:2)
  a +0 mace
(30, 31, D:2)
  a +0 dagger
  a +0 spear
  a +0 animal skin
  a +0 helmet
(31, 32, D:2)
  a +0 dagger
  a +0 dagger
  a +0 club
(31, 34, D:2)
  a +0 club
  a +0 club
  a +0 club
(38, 19, D:2)
  a +0 great mace

Level 3 of the Dungeon
(0, 0, D:3)
  a +0 mace
(3, 8, D:3)
  a +0 hand axe
(4, -13, D:3)
  a +0 dagger
(5, -6, D:3)
  a +0 dagger
(6, 4, D:3)
  a +0 quarterstaff
(7, 7, D:3)
  a +0 club
(9, 5, D:3)
  4 poisoned darts
(10, 0, D:3)
  a +0 leather armour
(12, -20, D:3)
  a +0 short sword
(13, -20, D:3)
  a +0 dagger
(13, -16, D:3)
  5 stones
(13, 4, D:3)
  a potion of degeneration
(14, -20, D:3)
  a +0 war axe
(14, -19, D:3)
  a +0 flail
(20, -9, D:3)
  a +0 leather armour
(23, 3, D:3)
  a ring of fire
(29, 3, D:3)
  4 stones
(29, 5, D:3)
  a +0 short sword
(30, -17, D:3)
  a +0 club
  a +1 hand axe of flaming
(31, -23, D:3)
  a potion of brilliance
(47, 4, D:3)
  a +0 robe
(50, -27, D:3)
  a +0 short sword
(52, -30, D:3)
  a +0 flail
(52, 0, D:3)
  a +0 halberd
(53, 7, D:3)
  a +0 club

Level 4 of the Dungeon
(0, 0, D:4)
  a +0 whip
(3, -39, D:4)
  5 stones
(3, -38, D:4)
  3 boomerangs
(3, 0, D:4)
  3 stones
(4, -39, D:4)
  a +0 spear
(4, -38, D:4)
  7 stones
(7, -29, D:4)
  a +0 dagger
  a +0 robe
(7, -28, D:4)
  a +0 whip
  a +0 whip
  a +0 leather armour
(9, -29, D:4)
  a +0 giant club
  a +0 hand axe
(12, -4, D:4)
  a +0 cloak
(15, -2, D:4)
  a +0 animal skin
(17, -1, D:4)
  a +0 robe
  a +0 dagger
(17, 1, D:4)
  a +0 ring mail
  a +0 short sword
(18, 0, D:4)
  a +0 chain mail
  a +0 club
(19, -2, D:4)
  a +0 robe
  a +0 dagger
(19, -1, D:4)
  a +0 hand axe
(21, 4, D:4)
  5 large rocks
(33, -4, D:4)
  a +0 dagger
(46, -27, D:4)
  a +0 dagger
(47, -29, D:4)
  a +0 dagger
(49, -23, D:4)
  a +0 dagger
  a +0 robe
(50, -26, D:4)
  a +0 short sword
(51, -39, D:4)
  a +0 dagger
(51, -25, D:4)
  a +0 short sword
  a +0 short sword
  a +0 robe
  a +0 mace
  a +0 club
(51, -24, D:4)
  a +0 hand axe
  3 stones
  a +0 club

Level 5 of the Dungeon
(0, 0, D:5)
  a +0 whip
  3 stones
(2, 1, D:5)
  a +0 whip
(3, 2, D:5)
  a +0 halberd
(4, 2, D:5)
  a +0 giant spiked club
(13, -24, D:5)
  a +0 rapier
(18, 7, D:5)
  a +0 short sword
  3 boomerangs
  a +0 dagger
  a +0 leather armour
  a +0 hand axe
(18, 8, D:5)
  a +0 flail
  a +0 whip
(19, -7, D:5)
  5 stones
(34, 3, D:5)
  a +0 ring mail
(43, -27, D:5)
  a +0 whip
(43, -26, D:5)
  a +0 flail
(43, -25, D:5)
  a +0 spear
(43, -24, D:5)
  a +0 spear
(52, -4, D:5)
  a +0 whip
(54, -17, D:5)
  a +0 flail
(55, -17, D:5)
  a +0 robe
  a +2 dagger of protection
(56, -15, D:5)
  a +0 hand axe

Level 6 of the Dungeon
(0, 3, D:6)
  a +0 mace
  a +0 whip
  a +0 flail
(1, 3, D:6)
  a +0 dagger
  a +0 robe
  a +0 dagger
  a +0 robe
(4, 11, D:6)
  a +0 giant club
  a +0 dagger
  a +0 robe
(5, 11, D:6)
  a +0 dagger
  a +0 robe
(6, 11, D:6)
  a +0 club
(6, 12, D:6)
  a +0 giant club
(13, 14, D:6)
  a +0 whip
(14, 14, D:6)
  a +0 short sword
  2 poisoned darts
  a +0 dagger
  5 stones
(15, 14, D:6)
  a +0 short sword
  a +0 club
  6 stones
(15, 15, D:6)
  a +0 club
  4 poisoned darts
  a +0 whip
(16, -5, D:6)
  6 javelins
(17, 18, D:6)
  a +0 dagger
(30, 1, D:6)
  a potion of brilliance
(33, 17, D:6)
  a +0 club

Level 7 of the Dungeon
(0, 0, D:7)
  9 stones
(0, 26, D:7)
  a +0 club
(7, -1, D:7)
  a +0 shortbow
(9, -4, D:7)
  a +0 dagger
(9, -2, D:7)
  2 stones
(10, 9, D:7)
  a +0 falchion
  a +0 leather armour
(11, 10, D:7)
  a +0 long sword
  a +0 plate armour
(12, 10, D:7)
  a +0 club
  a +0 dagger
(13, -3, D:7)
  12 poisoned darts
  a +0 dagger of venom
  a +0 short sword
  a +0 dagger
(14, -3, D:7)
  6 poisoned darts
  a +0 club
(19, -4, D:7)
  a +0 club
(20, 16, D:7)
  a staff of death
(28, 28, D:7)
  8 stones
(30, 15, D:7)
  a +0 shortbow
(41, -13, D:7)
  a +0 robe
(45, 6, D:7)
  a +0 falchion

Level 8 of the Dungeon
(0, 0, D:8)
  3 poisoned darts
(2, -5, D:8)
  a +0 club
(3, 1, D:8)
  a +0 spear
(4, -2, D:8)
  a +0 spear
(4, -1, D:8)
  a +0 spear
(4, 0, D:8)
  a +0 spear
(4, 1, D:8)
  a +0 spear
(8, -8, D:8)
  a +0 leather armour
(10, -15, D:8)
  a +0 war axe
(22, -38, D:8)
  Nugemag's Secret Knowledge, Part One
    Spells                            Type                      Level
     a - Shock                         Conjuration/Air               1
     b - Foxfire                       Conjuration/Fire              1
     c - Sting                         Transmutation/Poison          1
    
    
    Trog disapproves of the use of such an item.
(23, -30, D:8)
  a +1 whip of pain
  a +0 robe
  a +0 shortbow
(23, -14, D:8)
  8 stones
(24, -31, D:8)
  a +0 halberd
(24, -30, D:8)
  a +0 club
  a +0 spear
(24, -29, D:8)
  a +0 whip
(30, -35, D:8)
  4 poisoned darts
(31, -13, D:8)
  a +0 club
(31, -12, D:8)
  a +0 chain mail
  a +0 hand axe
(32, -14, D:8)
  a +0 dagger
(32, -10, D:8)
  a +0 scale mail
(32, -9, D:8)
  a +1 chain mail of positive energy
  a boomerang
  a +0 war axe
(33, -10, D:8)
  a potion of degeneration
(45, -4, D:8)
  a +0 dagger
  a +0 robe
  a +0 short sword
(46, -20, D:8)
  a +0 club
(46, -5, D:8)
  a +0 flail
  a +0 dagger
(46, -4, D:8)
  a +2 short sword of flaming
(47, 3, D:8)
  a +0 sling

Level 9 of the Dungeon
(0, 0, D:9)
  a +0 chain mail
(7, -7, D:9)
  a +0 falchion
(9, -26, D:9)
  a +0 sling
(10, -10, D:9)
  a +0 falchion
(13, 1, D:9)
  a +0 dagger
(18, -23, D:9)
  a +0 short sword
(20, -21, D:9)
  a +0 falchion
  a +0 robe
(21, -21, D:9)
  a +0 flail
  a +0 leather armour
  a +0 hand axe
  a +0 plate armour
(21, -19, D:9)
  a +0 whip
  a +0 scale mail
  a +0 ring mail of cold resistance
(23, -21, D:9)
  a +0 short sword
  a +0 ring mail
  a +0 shortbow
(27, -23, D:9)
  a +0 shortbow
(30, -2, D:9)
  a +0 dire flail
  a +0 plate armour
  a +0 dagger
(31, -3, D:9)
  a +0 club
  a +0 ring mail
(31, -2, D:9)
  a +0 club
(39, 11, D:9)
  a lightning rod (4/4)
(44, -7, D:9)
  a +0 ring mail
(47, -11, D:9)
  a book of Weapons
(47, -4, D:9)
  a +0 plate armour
(53, 11, D:9)
  a +0 giant club
  a +0 giant club
(55, -11, D:9)
  a +0 club
  a +0 long sword
  a +0 arbalest
  a +0 plate armour
(55, 16, D:9)
  a +0 shortbow
(56, -11, D:9)
  a +0 hand axe
  a +0 chain mail

Level 10 of the Dungeon
(0, 0, D:10)
  a potion of brilliance
(0, 30, D:10)
  a +0 shortbow
(19, -1, D:10)
  an amulet of the acrobat
(23, 28, D:10)
  a staff of air
(24, 17, D:10)
  a ring of wizardry
(27, -11, D:10)
  a +0 shortbow
(36, 36, D:10)
  a +0 flail
(37, -5, D:10)
  9 stones
(37, 36, D:10)
  3 large rocks
  a +0 club
  a +1 spear of flaming
  a +0 ring mail
  a gnoll corpse (skeletalised by now)
(41, -15, D:10)
  a +0 pair of boots
(44, -1, D:10)
  a +0 club
  a +0 falchion
  a +0 dagger
  a +0 robe
(44, 0, D:10)
  a +0 dagger of venom
  a +0 robe
  a +0 club
(44, 29, D:10)
  a +0 flail
  a gnoll corpse (skeletalised by now)
(49, -3, D:10)
  5 poisoned darts
(50, 11, D:10)
  5 stones
(51, -19, D:10)
  a +0 glaive

Level 11 of the Dungeon
(1, 18, D:11)
  a +0 scale mail
(7, 11, D:11)
  a +0 giant club
  a +0 giant club
(7, 12, D:11)
  a +0 shortbow
(8, 13, D:11)
  a +0 long sword
  a +0 plate armour
  a +1 spear of venom
  a +0 scale mail
  a gnoll corpse

the Ecumenical Temple

