code2828

Level 1 of the Dungeon
(0, 0, D:1)
  a +0 ring mail
(1, 14, D:1)
  a +0 dagger
  4 stones
(3, 11, D:1)
  a +0 dagger
  3 stones
(5, 18, D:1)
  a +0 sling
(25, -22, D:1)
  a +0 short sword
(26, -26, D:1)
  a +0 sling
(28, 18, D:1)
  a +0 falchion
(30, -18, D:1)
  a +0 leather armour
(34, -10, D:1)
  a +0 leather armour
(39, 18, D:1)
  a +0 club
(50, 4, D:1)
  a +0 short sword
  3 stones

Level 2 of the Dungeon
[Shop] Axtiq's Jewellery Emporium
  an amulet of guardian spirit (360 gold)
  a +5 ring of evasion (432 gold)
  a ring of protection from cold (300 gold)
  a +4 ring of protection (432 gold)
  an amulet of reflection (360 gold)
  an amulet of faith (480 gold)
  a ring of fire (300 gold)
  a ring of fire (300 gold)
(0, 0, D:2)
  a +0 spear
(0, 3, D:2)
  a +0 leather armour
(2, -15, D:2)
  a +0 dagger
(4, 22, D:2)
  a +0 dagger
  a +0 sling
(5, 10, D:2)
  a +0 dagger
  a +0 robe
(7, 16, D:2)
  a +0 dagger
(9, 17, D:2)
  a +0 leather armour
(17, 9, D:2)
  a +0 robe
(17, 20, D:2)
  a staff of poison
(28, 2, D:2)
  a +0 club
(34, 32, D:2)
  a +0 pair of gloves
(40, 3, D:2)
  a +0 club
(40, 29, D:2)
  a +0 ring mail
(41, 9, D:2)
  6 stones

Level 3 of the Dungeon
(0, 0, D:3)
  a +0 plate armour
(16, 42, D:3)
  a +0 club
(28, -6, D:3)
  a +0 short sword
(28, 33, D:3)
  a +0 club

Level 4 of the Dungeon
(0, 6, D:4)
  a +0 dagger
(1, 5, D:4)
  a +0 ring mail
(1, 36, D:4)
  a +0 whip
(1, 37, D:4)
  a +0 leather armour
  a +0 war axe
  a +0 flail
(2, 38, D:4)
  a +0 club
(4, 20, D:4)
  a +0 dagger
(5, 11, D:4)
  a +0 war axe
(6, 9, D:4)
  a +0 trident
(7, 15, D:4)
  a +0 whip
  2 boomerangs
  a +0 leather armour
(7, 16, D:4)
  a +0 club
  a +0 ring mail
(7, 17, D:4)
  a +0 ring mail
  a +0 mace
(8, 15, D:4)
  a +0 robe
  a +0 dagger
(9, 22, D:4)
  9 stones
(11, 13, D:4)
  a +0 dagger
(19, 3, D:4)
  3 stones
(25, 29, D:4)
  8 stones
(30, 21, D:4)
  a +0 dagger
(34, 14, D:4)
  4 poisoned darts

Level 5 of the Dungeon
[Shop] Teteheat's General Store
  a potion of degeneration (13 gold)
  a wand of charming (2) (62 gold)
  a scroll of magic mapping (97 gold)
  a scroll of immolation (52 gold)
  a +6 ring of strength (468 gold)
(0, 0, D:5)
  4 stones
(5, -2, D:5)
  a +0 ring mail
(18, -17, D:5)
  a stone
(21, -19, D:5)
  a +0 long sword
(24, -7, D:5)
  a +0 club
(26, 5, D:5)
  a +0 mace
  a +0 scale mail
(27, -6, D:5)
  a +0 flail
  a +0 leather armour
  a +0 dagger
  a +0 robe
  a +0 dagger
  a +0 robe
  a +0 hand axe
(28, -7, D:5)
  a +0 dagger
  a +0 whip
  a boomerang
  a +0 leather armour
(28, -6, D:5)
  a +0 mace
  a +0 chain mail
(28, -5, D:5)
  a +0 club
  a +0 leather armour
  a +0 short sword
  a +0 hand axe
  a +0 dagger
(28, 13, D:5)
  a +0 ring mail
(29, -6, D:5)
  a +0 dagger
(29, 13, D:5)
  a staff of fire
(32, -26, D:5)
  a +0 hand axe
  a +0 ring mail
  a +0 flail
  a +0 dagger
  a +0 robe
(32, -25, D:5)
  a +0 hand axe
  a +0 ring mail
  a +0 falchion
  a +0 dagger
  a +0 leather armour
(32, -21, D:5)
  a +0 dagger
  a +0 ring mail
  a +0 flail
  7 stones
  a +0 ring mail
  a +0 hand axe
(32, -9, D:5)
  a +0 club
  a +2 scale mail of poison resistance
(33, -20, D:5)
  a +0 club
  a +0 ring mail
(33, -8, D:5)
  a +0 dagger
  a +0 ring mail
(34, -3, D:5)
  a +0 dagger
(45, -1, D:5)
  the +6 spear "Kucaol" {freeze, Contam rElec Will++ Int+4}
    Int:       It affects your intelligence (+4).
    rElec:     It insulates you from electricity.
    Contam:    It causes magical contamination when unequipped.
    Will:      It greatly increases your willpower.

Level 6 of the Dungeon
(19, -6, D:6)
  a +0 chain mail
(25, 13, D:6)
  a +0 ring mail
  a +0 morningstar
(32, 15, D:6)
  2 stones
(39, 8, D:6)
  a +0 robe
(40, 5, D:6)
  the +2 robe of Watchfulness {rPois MP+9}
    rPois:     It protects you from poison.
    MP:        It affects your magic capacity (+9).
(41, 20, D:6)
  6 stones
(42, 1, D:6)
  a +0 leather armour
  a +2 flail of holy wrath
(44, 3, D:6)
  6 stones
(44, 11, D:6)
  a +0 war axe
(50, 26, D:6)
  4 poisoned darts

Level 7 of the Dungeon
(0, 0, D:7)
  4 poisoned darts
(1, 3, D:7)
  a +0 club
(2, -5, D:7)
  a +0 robe
  a +3 long sword
  a +0 robe
  a +0 hand axe
(3, -6, D:7)
  a +0 robe (still there?)
  a +3 scimitar of flaming (still there?)
  a +0 robe (still there?)
  a +3 scimitar (still there?)
(4, 13, D:7)
  a +0 chain mail
(7, 47, D:7)
  a +0 hat
(8, 40, D:7)
  6 stones
(10, 9, D:7)
  a +0 mace
(13, 26, D:7)
  a +0 ring mail
(19, 28, D:7)
  a +0 leather armour
  a +0 hand axe
(19, 29, D:7)
  a +0 robe
  a +0 dagger
(20, 29, D:7)
  5 stones
  a +0 leather armour
  a +0 short sword
  a +0 plate armour
  a +0 battleaxe
(21, 33, D:7)
  3 stones
(23, -12, D:7)
  a +0 pair of gloves
(29, 23, D:7)
  2 stones
(31, 20, D:7)
  a +0 chain mail
  a +0 whip
(36, -11, D:7)
  3 stones
(36, -10, D:7)
  a +0 giant spiked club
(36, 6, D:7)
  9 stones
(37, 7, D:7)
  9 stones
(48, 18, D:7)
  a +0 dagger
  a +0 hand axe
(49, 18, D:7)
  a +0 dagger
(49, 20, D:7)
  a +0 leather armour
  a +0 hand axe
(63, 34, D:7)
  4 stones

Level 8 of the Dungeon
(0, 0, D:8)
  a +0 leather armour
(3, -38, D:8)
  a book of Debilitation
(9, -31, D:8)
  a +0 whip
(16, -14, D:8)
  4 large rocks
(17, -27, D:8)
  5 stones
(19, -3, D:8)
  a +0 robe
(31, -11, D:8)
  a +0 leather armour
(41, 4, D:8)
  4 stones
(42, -17, D:8)
  4 stones
(43, -16, D:8)
  a +0 dire flail
  a +0 plate armour
(54, -27, D:8)
  a +0 robe
(56, -7, D:8)
  +0 acid dragon scales
  a +1 scimitar of flaming
(58, -25, D:8)
  a +0 long sword
  a +0 robe
(58, -24, D:8)
  a +1 mace of freezing
  a +0 robe
(58, -23, D:8)
  a +0 long sword
  a +0 robe
(59, -32, D:8)
  a +0 flail
(59, -23, D:8)
  a +2 battleaxe
  a +0 robe
(59, -20, D:8)
  a +0 flail
(62, -10, D:8)
  a +0 shortbow
(64, -7, D:8)
  a +0 trident

Level 9 of the Dungeon
(0, 0, D:9)
  4 stones

the Ecumenical Temple

