code2828

Level 1 of the Dungeon
(11, 4, D:1)
  a +0 club

Level 2 of the Dungeon
(0, 0, D:2)
  a +1 dagger of speed
(20, 32, D:2)
  a +0 hunting sling
(23, 39, D:2)
  a +0 ring mail
(24, 33, D:2)
  15 stones

Level 3 of the Dungeon
(14, -40, D:3)
  a +0 dagger
  (unseen)
(36, -35, D:3)
  a +0 dagger
(44, -43, D:3)
  a +0 robe
(58, -43, D:3)
  a +0 club
  a +0 flail
(59, -43, D:3)
  a +0 mace
  2 boomerangs
  a +0 leather armour
  a +0 mace
  a +0 ring mail
(60, -41, D:3)
  a +0 falchion
(60, -2, D:3)
  a +0 club

Level 4 of the Dungeon
(0, 0, D:4)
  a book of Flames
(3, 4, D:4)
  5 gold pieces
(5, -1, D:4)
  a potion of resistance

Level 7 of the Dungeon
(0, 0, D:7)
  a +0 long sword
(0, 3, D:7)
  14 gold pieces
(2, -2, D:7)
  a +0 ring mail
(3, -2, D:7)
  a +0 falchion (still there?)
  22 gold pieces (still there?)
(4, -2, D:7)
  a potion of degeneration
(7, 3, D:7)
  a ring of protection from cold

Level 8 of the Dungeon
(0, 0, D:8)
  a +0 ring mail
(9, -4, D:8)
  a +0 shortbow (still there?)
  a centaur corpse (still there?)

the Ecumenical Temple

