code2828

Level 1 of the Dungeon
(7, 3, D:1)
  6 stones
(7, 13, D:1)
  a +0 dagger
(9, 5, D:1)
  a +0 club
(27, 17, D:1)
  4 stones
(29, 24, D:1)
  a +0 dagger
(31, 4, D:1)
  7 stones
(41, 16, D:1)
  9 stones
(47, 20, D:1)
  a +0 mace
(47, 25, D:1)
  a +0 short sword
(48, 8, D:1)
  a +0 helmet
(48, 10, D:1)
  2 stones

Level 2 of the Dungeon
(4, -2, D:2)
  a +0 ring mail
(13, 3, D:2)
  a +0 club
(17, -37, D:2)
  a +0 hand axe
(29, -29, D:2)
  a +0 robe
(31, -34, D:2)
  6 boomerangs
(36, -26, D:2)
  a +0 scale mail
(52, 5, D:2)
  7 stones
(53, -17, D:2)
  6 stones

Level 3 of the Dungeon
(4, -12, D:3)
  a +0 whip
(4, 6, D:3)
  4 stones
(6, -12, D:3)
  a book of Minor Magic
(7, -12, D:3)
  a +0 dagger
(10, -12, D:3)
  a +0 animal skin
(15, 9, D:3)
  a +2 dagger of venom
(18, 8, D:3)
  a +0 robe
(23, -1, D:3)
  a +0 leather armour
(25, -10, D:3)
  a +0 club
(26, -2, D:3)
  a +1 leather armour of fire resistance
(29, 7, D:3)
  a bat corpse (skeletalised by now)
(30, 30, D:3)
  a +0 mace
  a +0 scale mail
(35, 2, D:3)
  a book of Spectacle
(37, 6, D:3)
  a +0 club
  2 stones
(47, -22, D:3)
  6 stones

Level 4 of the Dungeon
(0, 0, D:4)
  a +0 club
  8 poisoned darts
  a kobold corpse
(5, -7, D:4)
  a ball python corpse
(8, 7, D:4)
  a +0 club
(9, -6, D:4)
  a scroll of enchant weapon

