code2828

Level 1 of the Dungeon
(0, 0, D:1)
  a +0 ring mail
(3, 17, D:1)
  a +0 leather armour
(12, 14, D:1)
  a +0 club
(33, 12, D:1)
  a +0 ring mail

Level 2 of the Dungeon
(6, -19, D:2)
  a +0 dagger
(9, -16, D:2)
  a +0 dagger
(11, -17, D:2)
  a +0 robe
(19, -3, D:2)
  5 stones
(22, -25, D:2)
  a +1 whip of flaming
(22, -7, D:2)
  an amulet of magic regeneration
(36, 2, D:2)
  a +0 dagger
(40, -17, D:2)
  a +0 dagger

Level 3 of the Dungeon
(0, 0, D:3)
  4 stones
(10, 12, D:3)
  5 stones
(12, 6, D:3)
  a +0 war axe
(17, 3, D:3)
  a +0 shortbow
(25, 21, D:3)
  a +0 club
(32, 28, D:3)
  a +0 leather armour
  a +0 club
(42, 3, D:3)
  a +0 dagger
  3 stones
(46, -9, D:3)
  a +0 ring mail
(48, 29, D:3)
  a +0 dagger

Level 4 of the Dungeon
[Shop] Anaarph's Book Boutique
  a book of Transfigurations (520 gold)
  a book of Minor Magic (234 gold)
  a book of Alchemy (364 gold)
  a book of Flames (364 gold)
  a Trismegistus Codex (364 gold)
  a book of Scorching (390 gold)
  a book of Rime (364 gold)
  a book of the Earth (468 gold)
  a book of Conjurations (260 gold)
  a book of Dreams (312 gold)
  a Trismegistus Codex (364 gold)
(0, 0, D:4)
  a +0 club
  a +0 sling
(7, -13, D:4)
  a +0 war axe
(8, 8, D:4)
  2 stones
(10, -14, D:4)
  2 stones
(13, 23, D:4)
  a +0 leather armour
  a +0 flail
  a +0 chain mail
  a +0 short sword
  a +0 robe
  a +0 dagger
  a +0 dagger
(17, 20, D:4)
  a +0 dagger
(18, -5, D:4)
  a +0 leather armour
  a +0 whip
(22, -13, D:4)
  a +0 ring mail
  a +0 mace
  a +0 dagger
  a +0 dagger
(22, 34, D:4)
  a +0 whip
(23, -14, D:4)
  a +0 leather armour
  a +0 flail
  a +0 flail
(23, 34, D:4)
  a +0 club
  a +0 leather armour
  a +0 halberd
(24, 22, D:4)
  a +0 club
  a +0 sling
(24, 34, D:4)
  a +0 whip
  a +0 spear
(25, 30, D:4)
  a +0 rapier
(27, -13, D:4)
  a +0 club
(31, 29, D:4)
  4 large rocks
(31, 32, D:4)
  6 stones
(41, -10, D:4)
  6 stones
(42, 33, D:4)
  a +0 club
  a +0 whip
(43, 33, D:4)
  a +0 halberd
(45, 10, D:4)
  5 stones
(48, 15, D:4)
  2 stones

Level 5 of the Dungeon
(0, 0, D:5)
  4 stones
(16, 16, D:5)
  a +0 scale mail
(20, 15, D:5)
  a +0 giant spiked club
(26, 7, D:5)
  a +0 robe
(42, 7, D:5)
  2 stones

Level 6 of the Dungeon
(7, 20, D:6)
  5 stones
(21, 18, D:6)
  a +0 ring mail
  a +0 whip of electrocution
(22, 12, D:6)
  a +0 war axe
(25, 12, D:6)
  a +0 club
  a +2 robe of fire resistance
  a +1 flail of protection
(26, 6, D:6)
  a +0 robe
  a +1 whip of freezing
(33, -13, D:6)
  a +0 pair of gloves
(38, 8, D:6)
  a +0 robe
(42, 13, D:6)
  a +0 halberd
(43, 18, D:6)
  a +0 dagger
(44, -10, D:6)
  a +0 spear
  a scroll of vulnerability
(46, -23, D:6)
  a +0 spear
  a +0 chain mail
(47, 9, D:6)
  a +0 short sword
(48, 9, D:6)
  a +0 leather armour
  a +0 club
(49, 9, D:6)
  a ring of magical power
(50, 9, D:6)
  a +0 whip
(50, 10, D:6)
  a +0 short sword
  a +0 short sword
(50, 11, D:6)
  a +0 club
(50, 12, D:6)
  a +0 flail
  a +0 club

Level 7 of the Dungeon
(0, 0, D:7)
  5 stones
(7, 5, D:7)
  4 large rocks
(11, -4, D:7)
  a +0 leather armour
  a +0 dagger
(14, 16, D:7)
  a +0 long sword
(21, -6, D:7)
  +0 steam dragon scales
(21, 28, D:7)
  6 stones
(22, -5, D:7)
  a +0 whip
(25, -5, D:7)
  a +0 whip
(26, -5, D:7)
  a +0 spear
(27, -5, D:7)
  a +0 spear
(28, -5, D:7)
  a +0 whip
  a +0 club
  a +0 leather armour
  a staff of poison
(33, -17, D:7)
  a +0 quarterstaff
  a +0 sling
  a +0 leather armour
  a +0 spear
(38, -8, D:7)
  a book of the Hunter
(40, 20, D:7)
  a +0 club
  a +0 leather armour
  a +0 club
  a boomerang
(41, 20, D:7)
  a +0 dagger
  a +0 robe
(43, 18, D:7)
  a +0 short sword

Level 8 of the Dungeon
[Shop] Osysuliu's Superior Scales
  the +1 scale mail of the Harvest Moon {Harm rF+ rC+} (390 gold)
    rF:        It protects you from fire.
    rC:        It protects you from cold.
    Harm:      It increases damage dealt and taken.
  the +0 scale mail of Uzaam {Dex+4} (252 gold)
    Dex:       It affects your dexterity (+4).
(0, 0, D:8)
  a +0 flail
(0, 2, D:8)
  a +0 robe
(7, 11, D:8)
  a +0 chain mail
(7, 18, D:8)
  3 stones
(10, -7, D:8)
  a +0 whip
(11, -6, D:8)
  a +0 antimagic halberd
(11, -5, D:8)
  a +0 spear
(12, 0, D:8)
  5 stones
(18, 35, D:8)
  6 stones
(21, 20, D:8)
  a +0 club
(21, 21, D:8)
  a +0 ring mail
  a +0 hand axe
(22, 20, D:8)
  a +0 short sword
  a +0 leather armour
  a +0 club
(23, 20, D:8)
  a +0 ring mail
  a +0 dagger
(32, 19, D:8)
  a +0 club
(42, 14, D:8)
  a +0 whip
(45, 17, D:8)
  a +0 dagger

Level 9 of the Dungeon
(0, 0, D:9)
  a +0 chain mail
(1, 6, D:9)
  a +0 dagger
  4 stones
(1, 7, D:9)
  a +0 short sword
(2, 6, D:9)
  a +0 club
  3 stones
(5, 2, D:9)
  a +0 club
  a curare-tipped dart
  a +0 short sword
  2 stones
(8, 1, D:9)
  a +0 dagger
  a stone
(17, 5, D:9)
  a +0 dagger
(18, 1, D:9)
  a +0 short sword
  4 stones
  a +0 club
  a curare-tipped dart
  a +0 dagger of draining
(23, -9, D:9)
  a +0 robe
(23, 9, D:9)
  a +0 giant spiked club
  a +0 giant club
  a +0 club
  3 stones
  a +0 halberd
(24, 9, D:9)
  a +0 whip
  a +0 ring mail
  a +0 whip
  a +0 leather armour
(33, -1, D:9)
  a +3 scale mail
(33, 0, D:9)
  a +0 trident
(44, -20, D:9)
  5 stones
(49, -31, D:9)
  a +0 battleaxe

Level 10 of the Dungeon
(10, 3, D:10)
  a +0 hand axe
  a +0 leather armour
  a +0 whip
  a +0 dagger
  a +0 robe
  a +0 hand axe
  a +0 plate armour
(21, 12, D:10)
  2 stones
(27, 23, D:10)
  a +0 dagger
  a +0 robe
(37, -7, D:10)
  a +0 dire flail
  a +0 dire flail
(37, 10, D:10)
  3 stones

the Ecumenical Temple

Level 1 of the Lair of Beasts
(0, 0, Lair:1)
  7 stones
(5, -9, Lair:1)
  a wolf corpse (skeletalised by now)
(7, -2, Lair:1)
  a +0 robe
  a +0 dagger of speed

Level 2 of the Lair of Beasts
(0, 0, Lair:2)
  a rime drake skeleton
  a wolf skeleton
(0, 1, Lair:2)
  an elephant corpse
  a wolf skeleton
  a wolf skeleton
(0, 2, Lair:2)
  a cane toad corpse
(8, 4, Lair:2)
  a potion of cancellation

