code2828

Level 1 of the Dungeon
(0, 0, D:1)
  a book of Rime
(0, 4, D:1)
  7 stones
(1, -4, D:1)
  a +0 whip
(2, 13, D:1)
  a +0 robe
(3, 17, D:1)
  a +0 sling
(8, 21, D:1)
  a +0 short sword
(8, 22, D:1)
  a stone
(9, 15, D:1)
  a +0 ring mail
(30, -8, D:1)
  a +0 flail
(32, 31, D:1)
  a +0 dagger
(35, -7, D:1)
  a +0 whip of draining
(55, 13, D:1)
  6 stones

Level 2 of the Dungeon
(0, 0, D:2)
  a +0 short sword
(2, 7, D:2)
  a +0 whip
(3, 4, D:2)
  a book of Lightning
(6, -9, D:2)
  a +0 club
  a +0 sling
(9, -9, D:2)
  5 stones
(19, 2, D:2)
  a +0 animal skin
(22, 5, D:2)
  a +0 whip
(23, 6, D:2)
  a stone
  a +0 dagger
(25, 5, D:2)
  a +0 club
(26, -11, D:2)
  3 stones
  a +0 short sword
(26, 5, D:2)
  a stone
  a +0 club
(29, 12, D:2)
  a +0 falchion
(30, -20, D:2)
  a book of Lightning
(30, -14, D:2)
  a +0 club
(30, 12, D:2)
  a +0 dagger
(35, -33, D:2)
  a +0 short sword
(35, -32, D:2)
  a +0 dagger
(41, -4, D:2)
  7 stones
(41, 0, D:2)
  a +0 whip
(46, -3, D:2)
  5 stones
(53, -11, D:2)
  a +0 dagger
(55, -8, D:2)
  a +0 club
(56, 0, D:2)
  a +0 club
  a +0 sling

Level 3 of the Dungeon
(0, 0, D:3)
  a book of the Tundra
(1, 10, D:3)
  a +0 club
(1, 24, D:3)
  7 stones
(6, 26, D:3)
  a +0 trident
(13, 16, D:3)
  a +0 robe
(15, 15, D:3)
  3 poisoned darts
(15, 16, D:3)
  a +0 club
(24, 15, D:3)
  a +0 mace
(25, 23, D:3)
  a +0 spear
(27, 2, D:3)
  a +0 short sword
  a +0 ring mail
  a +0 short sword
  a +0 leather armour
(28, 1, D:3)
  a +0 club
(32, 30, D:3)
  3 poisoned darts
(36, 20, D:3)
  a +0 scale mail
(38, 29, D:3)
  a +0 whip
  4 stones
(38, 31, D:3)
  a +0 dagger
  a +0 ring mail
(39, 29, D:3)
  a +0 club

Level 4 of the Dungeon
(4, -34, D:4)
  a +0 club
(4, -33, D:4)
  Ozocubu's Autobiography
(9, -17, D:4)
  a +0 ring mail
(20, -2, D:4)
  a +0 club
(21, -7, D:4)
  a +0 dagger of speed
  5 poisoned darts
(21, -6, D:4)
  a +0 dagger of venom
  4 curare-tipped darts
  a +0 leather armour
(22, 0, D:4)
  a +0 spear
(23, 0, D:4)
  a +0 flail
  a +0 spear
(25, 0, D:4)
  a +0 club
(26, -28, D:4)
  a +0 dagger
  a +0 club
  a +0 dagger
(28, -34, D:4)
  a +0 club
(28, -31, D:4)
  a +0 mace
  a +0 ring mail
(28, -7, D:4)
  a +0 longbow
(30, -26, D:4)
  a +0 club
  a +0 club
(32, -18, D:4)
  a +0 hand axe
(39, 8, D:4)
  a +0 helmet
(49, 1, D:4)
  a book of Weapons

Level 5 of the Dungeon
(0, 0, D:5)
  a +0 trident
(11, 4, D:5)
  a +0 giant club
(12, -6, D:5)
  a +0 club
(14, -8, D:5)
  a +0 dagger
  a +2 vampiric trident
  a +0 ring mail
(32, -17, D:5)
  a +0 whip
  a +0 spear
(33, -17, D:5)
  a +0 halberd
(40, -4, D:5)
  3 stones
(58, -8, D:5)
  a +0 trident
(58, -7, D:5)
  a +0 robe
(59, -7, D:5)
  a staff of earth

Level 6 of the Dungeon
(0, 0, D:6)
  a book of Lightning
(0, 14, D:6)
  a +0 plate armour
(5, 34, D:6)
  a +1 vorpal dire flail
(7, 33, D:6)
  5 stones
(12, 33, D:6)
  a +0 leather armour
(13, 6, D:6)
  5 stones
(15, 15, D:6)
  a +0 robe
(17, 46, D:6)
  9 gold pieces
(18, 45, D:6)
  10 gold pieces
(18, 46, D:6)
  8 gold pieces
(18, 47, D:6)
  9 gold pieces
(19, 45, D:6)
  16 gold pieces
(19, 46, D:6)
  10 gold pieces
(19, 47, D:6)
  14 gold pieces
(22, 7, D:6)
  a +0 robe
(23, 7, D:6)
  a +0 great sword
  a +0 robe
(24, 7, D:6)
  a +0 battleaxe
  a +0 robe
(24, 8, D:6)
  a +0 war axe
  a +0 leather armour
(24, 31, D:6)
  a +0 ring mail
(31, 5, D:6)
  a +0 scimitar
  a +0 robe
(32, 5, D:6)
  a +3 leather armour
  a +0 ring mail
(46, 36, D:6)
  a +0 club
  a +0 flail
  a +0 falchion
  a +0 club
  a +0 leather armour

Level 7 of the Dungeon
(7, 2, D:7)
  a +0 flail
(19, -18, D:7)
  a book of the Spheres
(21, 20, D:7)
  a +0 short sword
  2 stones
(24, 21, D:7)
  a +0 whip
  3 poisoned darts
(26, 21, D:7)
  a +0 dagger
  a stone
  a +0 dagger
  a +0 short sword
  a +0 short sword
(39, 23, D:7)
  a +0 spear
(39, 32, D:7)
  a +0 sling
(40, 13, D:7)
  a +0 club
(41, -16, D:7)
  5 stones
(41, -1, D:7)
  a scroll of amnesia
(42, -1, D:7)
  3 scrolls of teleportation
(42, 5, D:7)
  the +8 morningstar of the Filigreed God {flame, rF+}
    It burns those it strikes, dealing additional fire damage.
    
    rF:        It protects you from fire.
  (unseen)
(45, 25, D:7)
  a +0 leather armour
(50, 4, D:7)
  11 gold pieces
(53, -8, D:7)
  a +0 short sword
  a +0 ring mail
(54, -8, D:7)
  a +0 dagger
  a +0 robe
(54, 18, D:7)
  a +0 giant spiked club

Level 8 of the Dungeon
(0, 0, D:8)
  a +0 dagger
  a +0 dagger
  a +0 whip
  a curare-tipped dart
  a +0 club
(0, 1, D:8)
  a +0 short sword
(0, 2, D:8)
  a +0 dagger
(1, -15, D:8)
  2 potions of degeneration
(1, 0, D:8)
  3 stones
  a +0 whip of electrocution
(1, 3, D:8)
  a +0 chain mail
(12, -2, D:8)
  a +0 quarterstaff
(15, 16, D:8)
  a tin of tremorstones (2/2)
(16, 16, D:8)
  5 stones
(17, 16, D:8)
  26 gold pieces
(19, 16, D:8)
  a staff of death
  (unseen)
(20, 16, D:8)
  a scroll of magic mapping
(21, 16, D:8)
  a book of the Tundra
(24, 10, D:8)
  a +0 quarterstaff
(24, 16, D:8)
  a +0 mace
  a +0 leather armour
(25, -7, D:8)
  a +0 robe
(25, 15, D:8)
  a +0 dagger
  a +0 robe
(26, 16, D:8)
  a +0 flail
(38, 4, D:8)
  a +0 troll leather armour
(39, 4, D:8)
  a +0 dagger
  a +0 whip
  5 stones
  a +0 short sword
  5 poisoned darts
(39, 5, D:8)
  a +0 club
  a +0 dagger
  7 stones
  a +0 short sword
(40, 4, D:8)
  a +0 club
  a +0 whip
(49, -7, D:8)
  a +0 flail
  a +0 chain mail

Level 9 of the Dungeon
(0, 0, D:9)
  a +0 flail of holy wrath
(0, 26, D:9)
  a +0 short sword
  a +0 plate armour
(0, 33, D:9)
  a +0 falchion
(1, 26, D:9)
  a +0 club
  a +0 leather armour
(2, 26, D:9)
  a +0 whip
  a +0 leather armour
(9, 35, D:9)
  a +0 leather armour
(13, 22, D:9)
  a +0 robe
  a +0 dagger
(14, 21, D:9)
  a +0 chain mail
  2 boomerangs
  a +0 trident of venom
(14, 22, D:9)
  a +0 ring mail
  a +0 dagger
  a +0 chain mail
  a +0 short sword
(14, 23, D:9)
  a +0 short sword
  a +0 ring mail
(15, 22, D:9)
  3 boomerangs
  a +0 flail
(15, 23, D:9)
  a +0 dagger
  a +0 robe
  a +0 dagger
  a +0 robe
(22, -10, D:9)
  a +0 leather armour
(23, 23, D:9)
  a +0 hand axe
(27, 22, D:9)
  a +0 animal skin
  a +0 war axe
(31, -5, D:9)
  a +0 mace
  a +0 ring mail
  a +0 whip
(31, -4, D:9)
  a +0 flail
  a +0 short sword
(32, -4, D:9)
  a +0 falchion
  a +0 leather armour
(37, 41, D:9)
  a +0 great sword
(46, 33, D:9)
  a +0 plate armour
(48, -6, D:9)
  4 stones
(61, 15, D:9)
  6 javelins

Level 10 of the Dungeon
(0, 0, D:10)
  a +2 scale mail of poison resistance
(1, -8, D:10)
  a scroll of amnesia
(12, 9, D:10)
  a +0 dagger
  a +0 robe
  a +0 short sword
  5 poisoned darts
(12, 10, D:10)
  a +0 short sword
(13, 8, D:10)
  a +0 whip
  7 stones
(18, -20, D:10)
  5 stones
(19, -17, D:10)
  6 stones
(20, -24, D:10)
  a +0 buckler
(32, -6, D:10)
  a +0 mace
(33, 18, D:10)
  a +0 chain mail
  a +0 scimitar
(34, 19, D:10)
  a +3 leather armour of cold resistance
  a +0 hand axe
  a +1 short sword of venom
(34, 20, D:10)
  a +0 falchion
(36, 18, D:10)
  a +0 dagger
(43, 17, D:10)
  6 atropa-tipped darts

Level 11 of the Dungeon
(0, 0, D:11)
  a +1 scimitar of flaming
  a +2 robe of willpower
(5, 0, D:11)
  a +3 vorpal dire flail
(8, 22, D:11)
  3 large rocks
(19, 8, D:11)
  a +0 flail
(21, 32, D:11)
  a +0 dagger
  a +0 robe
(21, 33, D:11)
  a +0 short sword
(21, 34, D:11)
  a +0 club
(22, 31, D:11)
  a +0 short sword
  2 poisoned darts
(22, 33, D:11)
  a +0 short sword
  a stone
(24, 31, D:11)
  a +0 whip
  4 stones
(29, 34, D:11)
  a +0 kite shield
(42, 15, D:11)
  a +0 robe
(54, 11, D:11)
  a +0 scale mail
(57, -5, D:11)
  a +0 scale mail
  a +0 trident

Level 12 of the Dungeon
(0, 0, D:12)
  a wand of polymorph (5)
(1, 10, D:12)
  a +1 pair of boots
(10, 0, D:12)
  a +0 flail
(14, 22, D:12)
  a +0 ring mail
(15, 1, D:12)
  a +2 robe of the Archmagi
  a +0 giant spiked club
(16, 28, D:12)
  a +0 short sword
(19, 19, D:12)
  a +0 helmet
(28, -12, D:12)
  a +0 leather armour
(33, 17, D:12)
  a +0 cloak
(40, 6, D:12)
  a +0 short sword of draining
(57, 29, D:12)
  a book of Conjurations
(58, 8, D:12)
  a +0 morningstar
(58, 20, D:12)
  a +0 ring mail

Level 13 of the Dungeon
[Shop] Tosaju's Blood Bar
  Ereshkigal's Almanac of Evil (360 gold)
    Spells                            Type                      Level
     a - Necrotise                     Necromancy                    1
     b - Haunt                         Necromancy/Summoning          7
    
    
    Trog disapproves of the use of such an item.
  the Encyclopedia of the Grave (396 gold)
    Spells                            Type                      Level
     a - Kiss of Death                 Conjuration/Necromancy        1
     b - Vampiric Draining             Necromancy                    3
     c - Anguish                       Hexes/Necromancy              4
    
    
    Trog disapproves of the use of such an item.
  a +1 vampiric hand axe (288 gold)
  the Folio of Evil (1044 gold)
    Spells                            Type                      Level
     a - Dispel Undead                 Necromancy                    4
     b - Borgnjor's Vile Clutch        Necromancy/Earth              5
     c - Infestation                   Necromancy                    8
     d - Necromutation                 Transmutation/Necromancy      8
    
    
    Trog disapproves of the use of such an item.
  a +0 vampiric lajatang (846 gold)
  a +0 vampiric short sword (198 gold)
  a +1 vampiric broad axe (342 gold)
(0, 0, D:13)
  4 large rocks
(4, 10, D:13)
  a +0 scimitar
(11, 18, D:13)
  a +0 leather armour
(13, 9, D:13)
  a +0 robe
  a +0 war axe
(13, 10, D:13)
  a +0 robe
  a +0 hand axe
  a +0 giant club
  a +0 giant club
(13, 20, D:13)
  4 large rocks
(14, 10, D:13)
  a +0 leather armour
  a +0 hand axe
(16, 11, D:13)
  a +0 chain mail
(18, 18, D:13)
  a +0 spear
(24, 3, D:13)
  a +0 trident
  a +0 leather armour
(28, 12, D:13)
  a +0 leather armour
(29, 0, D:13)
  a potion of degeneration
(30, -3, D:13)
  a +0 dagger
(31, 23, D:13)
  a +2 pair of gloves
(41, 14, D:13)
  a +0 great sword
  3 boomerangs
  a +0 chain mail
  a +0 quarterstaff
(50, -4, D:13)
  an amulet of the acrobat
(52, 4, D:13)
  a +0 troll leather armour
  a +0 longbow
(53, 5, D:13)
  a +0 longbow

Level 14 of the Dungeon
(0, 0, D:14)
  a +0 dagger
  a +0 robe
(2, 0, D:14)
  5 poisoned darts
(12, 2, D:14)
  3 poisoned darts
(12, 15, D:14)
  4 large rocks
(13, -4, D:14)
  a ring of fire
(13, 1, D:14)
  a potion of ambrosia
(13, 2, D:14)
  a scroll of immolation
(22, 18, D:14)
  a +0 chain mail
  a +0 battleaxe
(22, 19, D:14)
  a +0 kite shield
  a +0 leather armour
  a +0 long sword
  a +0 plate armour
(24, 3, D:14)
  a +0 shortbow
(25, 19, D:14)
  a +0 plate armour
(29, 0, D:14)
  a +0 shortbow
(29, 19, D:14)
  a +0 plate armour
(30, -2, D:14)
  a +0 shortbow
(31, 0, D:14)
  a +0 shortbow
(31, 1, D:14)
  a +0 shortbow
(31, 4, D:14)
  a book of Spectacle
(32, 2, D:14)
  a +0 shortbow
(33, 19, D:14)
  a +0 great sword
(34, 1, D:14)
  a +0 battleaxe
(34, 4, D:14)
  4 large rocks
(35, 19, D:14)
  a +0 plate armour
(41, -14, D:14)
  a +0 spear
(41, 12, D:14)
  a +0 leather armour
(43, 7, D:14)
  a +0 hand axe
(43, 9, D:14)
  a +0 spear
(45, -14, D:14)
  3 large rocks
(45, 7, D:14)
  the +2 falchion of the Ubiquitous God {vamp, Str+3 Dex+3}
    It occasionally heals its wielder for a portion of the damage dealt when it
    wounds a living foe.
    
    Str:       It affects your strength (+3).
    Dex:       It affects your dexterity (+3).
  a +4 short sword
(45, 9, D:14)
  a +0 mace

Level 15 of the Dungeon
[Shop] Luvurr's Weapon Emporium
  a +0 dagger (30 gold)
  a +1 war axe of venom (168 gold)
  a +3 mace of holy wrath (336 gold)
  6 stones (9 gold)
  7 stones (10 gold)
  a +1 shortbow of freezing (186 gold)
  a +2 vorpal great sword (325 gold)
  9 stones (13 gold)
  a +0 quarterstaff (60 gold)
  a +0 club (15 gold)
[Shop] Jiarameu's Jewellery Emporium
  a +6 ring of intelligence (576 gold)
  a +4 ring of evasion (576 gold)
  the amulet of Tolixi {Reflect +Inv rPois Regen+ Dex-5 SH+5} (603 gold)
    [amulet of reflection]
    
    It reflects blocked missile attacks.
    Dex:       It affects your dexterity (-5).
    rPois:     It protects you from poison.
    +Inv:      It lets you turn invisible.
    Regen:     It increases your rate of health regeneration.
    SH:        It affects your SH (+5).
  a +6 ring of dexterity (576 gold)
  a ring of see invisible (240 gold)
  a +6 ring of intelligence (576 gold)
  a ring of fire (400 gold)
[Shop] Sadwaupp's Book Emporium
  a book of Weapons (476 gold)
  a book of the Dragon (782 gold)
  a book of the Wilderness (646 gold)
  a manual of Transmutations (1360 gold)
  a book of Annihilations (1020 gold)
  a book of Displacement (408 gold)
  a book of Maledictions (442 gold)
  a book of Ice (782 gold)
  a book of Beasts (646 gold)
  a book of the Sky (748 gold)
  a book of Party Tricks (272 gold)
(0, 0, D:15)
  a +0 mace
(2, -1, D:15)
  a +0 shortbow
(2, 0, D:15)
  a +0 rapier
(3, -8, D:15)
  a +0 hat
(6, 10, D:15)
  6 large rocks
(7, 10, D:15)
  a +0 shortbow
  2 poisoned darts
(10, 7, D:15)
  a +3 great sword
  a +0 ring mail
(13, 2, D:15)
  6 large rocks
(14, 0, D:15)
  a +4 scimitar of flaming
  a potion of degeneration
(17, 21, D:15)
  a +1 battleaxe of freezing
(17, 22, D:15)
  a +0 robe
  a +0 dagger
(18, -14, D:15)
  a +0 scimitar of flaming
(18, -6, D:15)
  a +1 battleaxe of freezing
(18, 1, D:15)
  5 stones
(18, 24, D:15)
  a +7 antimagic trident
  4 potions of flight
(19, -14, D:15)
  a +0 chain mail
  a +0 battleaxe
(19, 5, D:15)
  a +0 rapier
(20, -14, D:15)
  a +0 robe
  a +0 whip
(22, 12, D:15)
  a +0 plate armour
  a +1 great sword
(23, -18, D:15)
  a +0 robe
  a +0 flail
(23, -8, D:15)
  a book of Conjurations
(23, 8, D:15)
  a +0 chain mail
(23, 9, D:15)
  a +0 leather armour
  a +0 long sword
(25, 27, D:15)
  a +0 leather armour
(26, -23, D:15)
  a +0 dire flail
  a +0 dire flail
(26, 25, D:15)
  a +0 robe
  a +0 flail
  4 scrolls of noise
(27, -21, D:15)
  a +0 robe
  a +0 halberd
(27, 14, D:15)
  a +2 battleaxe of freezing
(28, -27, D:15)
  a +0 cloak
(28, 28, D:15)
  an amulet of reflection
(29, 10, D:15)
  8 stones
(31, -7, D:15)
  6 stones
(31, 21, D:15)
  a +0 robe
  a +0 dagger
(32, -7, D:15)
  a +0 sling
(32, 8, D:15)
  a +3 scale mail of cold resistance
(33, -18, D:15)
  a +0 chain mail
  a +3 great mace
  a ring of protection from cold
(33, -16, D:15)
  +0 ice dragon scales
(33, 8, D:15)
  a +0 flail
(33, 11, D:15)
  a +0 chain mail
  a +0 great sword
  a +0 arbalest
(34, -17, D:15)
  a +0 kite shield
  a +0 chain mail
  a +0 long sword
  a +0 vorpal morningstar
(34, -16, D:15)
  a +1 great sword of flaming
(34, 11, D:15)
  a +0 leather armour
  a +0 long sword
  a +3 scimitar of flaming
(35, -16, D:15)
  a +0 robe
  a +0 whip
(36, -20, D:15)
  a +0 robe
(36, -4, D:15)
  a +0 short sword
(37, -20, D:15)
  a +0 robe
  a +0 animal skin
  a +0 hand axe
(37, -1, D:15)
  a +0 leather armour
(37, 1, D:15)
  5 boomerangs
(38, -20, D:15)
  a +0 spear
  a +0 ring mail
(38, -6, D:15)
  a +0 troll leather armour
(39, -24, D:15)
  a +2 spectral club
  a +2 dagger of draining
  a piece from Xom's chessboard (15/15)
(39, -1, D:15)
  4 large rocks
(39, 1, D:15)
  a +0 glaive
  a +0 ring mail
(39, 6, D:15)
  a +0 shortbow
(39, 26, D:15)
  7 stones
(40, -23, D:15)
  a +4 ring of protection
(40, 6, D:15)
  a +0 shortbow
  a +0 arbalest
(41, 8, D:15)
  a +0 tower shield
  a +0 chain mail
  a +0 war axe
(48, 11, D:15)
  a +0 trident
(49, -12, D:15)
  a scroll of identify
(50, 8, D:15)
  a +0 longbow
(51, -13, D:15)
  4 stones
(51, 2, D:15)
  a +1 demon blade of flaming
  a +0 plate armour
(53, -11, D:15)
  a +0 robe
(53, 11, D:15)
  a scroll of identify
(55, 0, D:15)
  a +1 robe of fire resistance

the Ecumenical Temple

Level 1 of the Orcish Mines
[Shop] Hytzai's Antique Armour Emporium
  a +0 leather armour (68 gold)
  a +0 cloak (153 gold)
  a +2 buckler (561 gold)
  a +0 robe (23 gold)
  a +0 robe (23 gold)
  a +0 scale mail (136 gold)
  a +2 leather armour of cold resistance (646 gold)
  a +0 scale mail (136 gold)
  the +8 scale mail "Jiwnouxt" {Int+4 SInv} (2162 gold)
    Int:       It affects your intelligence (+4).
    SInv:      It lets you see invisible.
(0, 0, Orc:1)
  a +0 giant club
  a +0 chain mail
  a boomerang
  a +0 flail
(0, 1, Orc:1)
  a +0 ring mail
  a +0 trident
  a +0 chain mail
  a +1 falchion of flaming
  a +0 club
(4, 4, Orc:1)
  a +0 robe
  a +0 dagger
(5, 5, Orc:1)
  a +0 ring mail
  a +0 mace
(6, 6, Orc:1)
  a +0 robe
  a +0 dagger
(8, 6, Orc:1)
  a +0 dagger
(10, -24, Orc:1)
  a +0 dagger
  a +0 short sword
(10, -23, Orc:1)
  a +0 robe
  a +0 dagger
  a +0 chain mail
  a +0 flail
  a +0 scale mail
  a +0 club
  a +0 robe
  a +0 dagger
(10, -22, Orc:1)
  a +0 plate armour
  a +0 battleaxe
(10, 7, Orc:1)
  a +0 short sword
(11, -24, Orc:1)
  a +0 chain mail
  a +0 long sword
(11, -22, Orc:1)
  a +0 club
(12, -20, Orc:1)
  a +0 leather armour
  a +0 flail
(12, 6, Orc:1)
  a +0 robe
  a +0 dagger
(13, -19, Orc:1)
  a +0 chain mail
  a +0 scimitar
(13, 6, Orc:1)
  a +0 ring mail
  a +0 club
(14, -19, Orc:1)
  a +0 robe
  a +0 dagger
  a +0 scale mail
  a +0 hand axe
(14, 5, Orc:1)
  a +0 leather armour
  a +0 dagger
(15, 5, Orc:1)
  a +0 chain mail
  a +0 mace
  a +0 arbalest
(42, 14, Orc:1)
  a stone
(42, 19, Orc:1)
  a stone
(43, 17, Orc:1)
  a +0 trident of venom
  (unseen)
(44, 8, Orc:1)
  a +0 giant club
(44, 16, Orc:1)
  24 gold pieces
(45, 19, Orc:1)
  a stone
(46, 9, Orc:1)
  a +2 robe
  a +0 dagger
(46, 14, Orc:1)
  3 large rocks
(46, 16, Orc:1)
  26 gold pieces

Level 2 of the Orcish Mines
[Shop] Myuphaok's Assorted Antiques
  a +0 arbalest (135 gold)
  a +0 chain mail (135 gold)
  a scroll of blinking (225 gold)
  a +0 leather armour (60 gold)
  a +0 chain mail (135 gold)
  a +0 leather armour (60 gold)
  a wand of mindburst (3) (126 gold)
[Shop] Sysk's Distillery
  a potion of lignification (39 gold)
  a potion of mutation (104 gold)
  a potion of attraction (39 gold)
  a potion of lignification (39 gold)
  a potion of lignification (39 gold)
[Shop] Bolafehua's Distillery
  2 potions of flight (102 gold)
  a potion of lignification (51 gold)
  a potion of lignification (51 gold)
  a potion of might (68 gold)
  a potion of brilliance (68 gold)
  a potion of might (68 gold)
[Shop] Cexaom's Distillery
  2 potions of flight (60 gold)
  a potion of mutation (80 gold)
  a potion of degeneration (10 gold)
(0, 0, Orc:2)
  a +0 glaive
(0, 1, Orc:2)
  a +0 trident
  a +0 chain mail
(1, 1, Orc:2)
  a +0 hand axe
(2, 2, Orc:2)
  a +0 short sword
  a +0 ring mail
(2, 20, Orc:2)
  a +0 trident
  a +0 chain mail
(2, 21, Orc:2)
  a +0 mace
(3, 20, Orc:2)
  a +0 trident
(5, 6, Orc:2)
  a +0 short sword
(5, 11, Orc:2)
  a +0 war axe
(5, 14, Orc:2)
  a +0 dagger
  a +2 robe of the Archmagi
(6, 6, Orc:2)
  a +0 glaive
  a +0 plate armour
(6, 11, Orc:2)
  a +0 dire flail
  a +0 plate armour
(6, 14, Orc:2)
  a +0 dagger
  a +0 robe
(7, -2, Orc:2)
  a +0 scimitar
  a +0 leather armour
  a +0 club
  a +0 chain mail
  a +0 scimitar
  a +0 chain mail
(7, -1, Orc:2)
  a +0 scimitar
  a +0 chain mail
(7, 12, Orc:2)
  a +0 hand axe
  a +0 plate armour
(9, -2, Orc:2)
  a +0 hand axe
  a +0 falchion
(9, -1, Orc:2)
  a +0 club
(9, 10, Orc:2)
  a +1 trident of venom
(9, 11, Orc:2)
  a +5 spear
(9, 12, Orc:2)
  a +1 longbow of flaming
  a +2 barding
(9, 21, Orc:2)
  a +0 short sword
  a +0 chain mail
(10, 19, Orc:2)
  a +0 club
(10, 20, Orc:2)
  a +0 dagger
  a +0 robe
  a +0 short sword
(10, 21, Orc:2)
  a +0 mace
(10, 22, Orc:2)
  a +0 dagger
(11, 17, Orc:2)
  a +4 short sword
  a +0 plate armour
(11, 19, Orc:2)
  a +2 flail of protection
(11, 20, Orc:2)
  a +3 dagger of pain
  a +0 scale mail
(12, 9, Orc:2)
  a +0 dagger
(12, 11, Orc:2)
  a +0 halberd
  a +0 plate armour
  a +0 club
  a +0 leather armour
(13, 10, Orc:2)
  a +0 plate armour
(13, 11, Orc:2)
  a +0 trident
  a +0 mace
  a +0 hand axe
(13, 12, Orc:2)
  a +0 whip
(14, 11, Orc:2)
  a +0 dagger
  a +0 robe
  a +0 club
(15, 6, Orc:2)
  8 stones
(15, 11, Orc:2)
  a +0 dagger
  a +0 robe
  a +0 ring mail
  a +0 flail
  a +0 giant club
  a +0 club
(16, 21, Orc:2)
  5 large rocks
(17, 20, Orc:2)
  a +1 pair of gloves
(17, 37, Orc:2)
  a +0 dagger
  a +0 robe
(18, 13, Orc:2)
  a +0 flail
  a +0 plate armour
(18, 35, Orc:2)
  a +0 dagger
  a +0 robe
  a +0 dire flail
  2 boomerangs
  a +0 plate armour
(18, 36, Orc:2)
  a +0 dagger
  a +0 robe
  a +0 dagger
  a +0 dagger
  a +0 robe
  a +0 whip
  a +0 club
(18, 37, Orc:2)
  a +0 dagger
(18, 40, Orc:2)
  the +9 quarterstaff of Henamoic {flame, rF+ Will+}
    It burns those it strikes, dealing additional fire damage.
    
    rF:        It protects you from fire.
    Will:      It increases your willpower.
(19, 12, Orc:2)
  a +1 scimitar of protection
  a +0 arbalest
  a +0 plate armour
(20, 12, Orc:2)
  a +0 arbalest
  a +0 dire flail
  a +0 plate armour
(21, 3, Orc:2)
  a +0 dagger
  a +0 robe
(21, 7, Orc:2)
  a +0 mace
  a +0 chain mail
(21, 13, Orc:2)
  a +0 leather armour
(21, 19, Orc:2)
  a +0 troll leather armour
(21, 21, Orc:2)
  a +0 ring mail
(23, 16, Orc:2)
  a +0 club
  a +0 chain mail
(24, 5, Orc:2)
  a +3 short sword
  a +0 chain mail
  a +0 club
(25, 13, Orc:2)
  a +0 club
(26, 16, Orc:2)
  a +0 arbalest
  a +0 dire flail
  a +0 chain mail
(26, 17, Orc:2)
  a +0 dagger
  a +0 robe
(27, -21, Orc:2)
  a +0 halberd
  a boomerang
  a +0 plate armour
(28, -20, Orc:2)
  a +0 giant spiked club
(29, -5, Orc:2)
  a +0 mace
  a +0 chain mail
(29, 14, Orc:2)
  a +0 trident
  a +0 chain mail
(29, 19, Orc:2)
  a +0 giant club
(29, 29, Orc:2)
  a +0 club
  a +0 giant spiked club
  a +0 giant club
(29, 41, Orc:2)
  a +0 whip
  a +0 ring mail
(29, 42, Orc:2)
  a +0 trident
  a +0 chain mail
(30, -7, Orc:2)
  a +0 short sword of speed
(30, -5, Orc:2)
  a +0 mace
(30, 13, Orc:2)
  a +0 giant spiked club
  a +0 dire flail
(30, 29, Orc:2)
  a +0 dagger
  a +3 leather armour
  a +0 antimagic whip
  a +0 chain mail
(30, 40, Orc:2)
  a +0 flail
(30, 43, Orc:2)
  a +0 hand axe
  a +0 leather armour
(31, -8, Orc:2)
  a +0 scimitar
  a +0 chain mail
(31, 10, Orc:2)
  a +2 scimitar of distortion
  a +1 plate armour of fire resistance
(33, 19, Orc:2)
  a +0 dagger
  a +0 robe
(33, 33, Orc:2)
  a +0 halberd
  2 boomerangs
  a +0 chain mail
(34, 22, Orc:2)
  a +0 robe
(36, -19, Orc:2)
  a +0 mace
  2 boomerangs
  a +0 chain mail
(36, -18, Orc:2)
  a +3 long sword
  a +0 plate armour
  a +0 battleaxe
  a +0 chain mail
(38, -14, Orc:2)
  a +0 dagger
  a +0 robe
  a +0 dire flail
  a +0 arbalest
  a +0 plate armour
  a +0 battleaxe
  a +0 plate armour
  a +0 whip
  a +0 dagger
(39, -14, Orc:2)
  a +0 whip
(39, 0, Orc:2)
  a +0 hand axe
(40, -19, Orc:2)
  a +0 great mace
  a +0 plate armour
  a +0 dagger
  a +0 robe
(40, -18, Orc:2)
  a +0 war axe
  a +2 plate armour of poison resistance
(40, -6, Orc:2)
  a +0 trident
  a +0 arbalest
  a +0 plate armour
(40, -5, Orc:2)
  a +0 flail
(40, 0, Orc:2)
  a +0 club
  a +0 ring mail
  a +2 falchion of freezing
(41, -5, Orc:2)
  a +0 dagger
(41, -3, Orc:2)
  a +0 dagger
  a +0 scale mail
(41, -1, Orc:2)
  a +0 flail
(41, 0, Orc:2)
  a +0 war axe
  a +0 ring mail
  a +0 dagger of holy wrath
  a +0 dagger
(43, -19, Orc:2)
  a +0 battleaxe
  a +0 chain mail
(43, 10, Orc:2)
  a +0 trident
(44, -18, Orc:2)
  a +0 club
(44, 28, Orc:2)
  a +0 falchion
(45, -17, Orc:2)
  a +0 trident
(45, 24, Orc:2)
  a +0 mace
  a +0 short sword
(45, 25, Orc:2)
  a +0 chain mail
  a +0 club
(46, 11, Orc:2)
  a +0 giant club
(46, 23, Orc:2)
  a +0 ring mail
  a +0 short sword
(46, 24, Orc:2)
  a +0 ring mail
  a +0 whip
  a +0 leather armour
  a +0 club
(47, -18, Orc:2)
  a +2 dagger of distortion
  2 curare-tipped darts
(47, 2, Orc:2)
  a +0 great mace
  a +0 giant club
  a +0 giant spiked club
(47, 19, Orc:2)
  a +0 giant club
(47, 25, Orc:2)
  a +0 plate armour
  2 boomerangs
  a +0 scimitar
(48, 20, Orc:2)
  a +0 leather armour
  a +0 club
(49, 13, Orc:2)
  a +0 glaive
  a +0 plate armour
(49, 22, Orc:2)
  a +0 flail
(50, 11, Orc:2)
  a +0 club
  a +0 club
(50, 12, Orc:2)
  a +0 falchion
  a +0 leather armour
(50, 13, Orc:2)
  a +0 giant club
  a +0 falchion
  a +0 leather armour
(50, 19, Orc:2)
  a +0 dire flail
  a +0 giant spiked club
(51, -20, Orc:2)
  a +1 dagger of venom
  a +0 robe
(51, 11, Orc:2)
  a +0 short sword
(52, -13, Orc:2)
  a +0 dagger
  a +0 robe
  a +0 giant club
  a +0 dagger
  a +0 robe
  a +0 battleaxe
  a +0 chain mail
  a +0 club
  a +0 chain mail
(52, 11, Orc:2)
  a +0 mace
  a +0 scale mail
(52, 12, Orc:2)
  a +0 whip
(56, 16, Orc:2)
  a +0 giant club
  a +0 giant club

Level 1 of the Lair of Beasts
(0, 0, Lair:1)
  a +0 flail
(0, 46, Lair:1)
  a +0 ring mail
(9, 34, Lair:1)
  6 stones
(9, 51, Lair:1)
  a +1 helmet
(14, 49, Lair:1)
  5 javelins
(19, 9, Lair:1)
  a +0 dagger
(19, 40, Lair:1)
  6 stones
(28, 5, Lair:1)
  a +0 chain mail
(33, -3, Lair:1)
  8 stones

Level 2 of the Lair of Beasts
(7, 11, Lair:2)
  a +0 dagger
(10, 21, Lair:2)
  a +0 shortbow
  a +0 shortbow
(11, -8, Lair:2)
  a +0 long sword
(11, 22, Lair:2)
  a +0 shortbow
(12, -9, Lair:2)
  +0 steam dragon scales
(18, -25, Lair:2)
  a stone
(20, 19, Lair:2)
  +0 steam dragon scales
(21, 1, Lair:2)
  a +0 helmet
(23, 22, Lair:2)
  +0 steam dragon scales
(26, -21, Lair:2)
  a +0 scale mail
(28, -14, Lair:2)
  +0 steam dragon scales
  +0 steam dragon scales
(33, 10, Lair:2)
  21 gold pieces
(33, 19, Lair:2)
  a +0 robe
(34, -1, Lair:2)
  a +6 whip of electrocution
(34, 10, Lair:2)
  a potion of invisibility
(34, 11, Lair:2)
  the ring "Upauxant" {rElec rPois rF+ Will+ Int+4 Dex-4}
    [ring of willpower]
    
    Int:       It affects your intelligence (+4).
    Dex:       It affects your dexterity (-4).
    rF:        It protects you from fire.
    rElec:     It insulates you from electricity.
    rPois:     It protects you from poison.
    Will:      It increases your willpower.
  (unseen)
(35, 1, Lair:2)
  a +2 hat of see invisible
(35, 19, Lair:2)
  a +0 quarterstaff
(41, 29, Lair:2)
  a +0 whip
(42, -8, Lair:2)
  6 poisoned darts
(51, -16, Lair:2)
  the +6 scale mail "Sippuona" {rPois Int+4 Dex+3}
    Int:       It affects your intelligence (+4).
    Dex:       It affects your dexterity (+3).
    rPois:     It protects you from poison.

Level 3 of the Lair of Beasts
(7, -26, Lair:3)
  a +0 scale mail
(44, -14, Lair:3)
  a ring of magical power
(46, -2, Lair:3)
  a potion of degeneration
(51, -16, Lair:3)
  a +6 ring of intelligence
  a +1 dagger of protection

Level 4 of the Lair of Beasts
(0, 0, Lair:4)
  a +0 falchion
(1, 19, Lair:4)
  a +0 short sword
(9, -5, Lair:4)
  8 stones
(29, 15, Lair:4)
  a piece from Xom's chessboard (15/15)
(30, 10, Lair:4)
  5 stones
(39, -5, Lair:4)
  6 boomerangs
(40, 0, Lair:4)
  a book of Dreams

Level 5 of the Lair of Beasts
(0, 0, Lair:5)
  3 stones
(2, -17, Lair:5)
  a condenser vane
(3, -17, Lair:5)
  a phantom mirror
(4, -18, Lair:5)
  a staff of air
(13, -15, Lair:5)
  5 stones
(14, 20, Lair:5)
  a staff of conjuration
(14, 32, Lair:5)
  a +2 scimitar of freezing
(17, 29, Lair:5)
  a book of Misfortune
(25, 24, Lair:5)
  5 stones
(27, 26, Lair:5)
  4 stones
(28, 19, Lair:5)
  a +1 long sword of holy wrath
(34, 23, Lair:5)
  5 javelins
(46, -6, Lair:5)
  an amulet of guardian spirit
(46, 0, Lair:5)
  a book of Changes
(47, 29, Lair:5)
  6 stones
(50, -11, Lair:5)
  a +0 ring mail
(53, 2, Lair:5)
  a +0 chain mail
(59, 10, Lair:5)
  2 atropa-tipped darts
(60, -3, Lair:5)
  a +0 leather armour
(62, 29, Lair:5)
  a +0 rapier

Level 1 of the Shoals
(0, 0, Shoals:1)
  a +0 trident
  4 large rocks
(0, 6, Shoals:1)
  a +0 chain mail
(2, -8, Shoals:1)
  a +0 plate armour
(9, -22, Shoals:1)
  a +0 shortbow
(16, -31, Shoals:1)
  3 boomerangs
  a +0 trident
(16, -30, Shoals:1)
  a +0 spear
(17, -32, Shoals:1)
  a +0 quarterstaff
  a +0 sling
(17, -31, Shoals:1)
  a +0 spear
  a +0 sling
  a +0 club
  a +0 sling
(18, -31, Shoals:1)
  a +0 spear
  a +0 sling
(29, -36, Shoals:1)
  a stone
(29, -30, Shoals:1)
  a boomerang
  a +0 trident
(31, -36, Shoals:1)
  a +1 vampiric trident
  a +0 chain mail of poison resistance
  a +0 tower shield
(33, -34, Shoals:1)
  a +0 spear
  a +0 sling
(33, -33, Shoals:1)
  a +0 spear
  a +0 sling
(34, -34, Shoals:1)
  a +0 sling
  a +0 quarterstaff
(34, -33, Shoals:1)
  a +1 sling of freezing
  a +0 club
(42, -21, Shoals:1)
  a +0 spear
  a +0 sling
(43, -22, Shoals:1)
  a +0 trident
(43, -21, Shoals:1)
  a +3 trident
(45, -21, Shoals:1)
  a +0 sling
  a +0 club
(45, -18, Shoals:1)
  a +0 trident of venom
(46, 8, Shoals:1)
  a +0 war axe
(48, -18, Shoals:1)
  a +0 trident
(55, 5, Shoals:1)
  a +0 sling
  a +0 spear
(55, 13, Shoals:1)
  a +0 spear

Level 2 of the Shoals
(0, 0, Shoals:2)
  a +0 trident
(4, -2, Shoals:2)
  a +0 spear
(6, -4, Shoals:2)
  a +0 trident
(9, -30, Shoals:2)
  a boomerang
  a +0 trident
(18, -9, Shoals:2)
  a +0 trident
(22, -32, Shoals:2)
  an orb of wrath
(24, -37, Shoals:2)
  an amulet of reflection
(26, -41, Shoals:2)
  3 stones
(27, -27, Shoals:2)
  5 stones
(27, -21, Shoals:2)
  a +1 ring mail of willpower
(34, -28, Shoals:2)
  a +0 trident
(35, -4, Shoals:2)
  a +0 vampiric spear
  a +0 sling
  a +0 spear of pain
(35, -2, Shoals:2)
  a +0 sling
  a +0 spear
(37, -3, Shoals:2)
  a +0 sling
  a +0 spear
(42, -23, Shoals:2)
  a +0 trident
  a boomerang
(44, -50, Shoals:2)
  a +0 sling
  a +0 spear
(45, -52, Shoals:2)
  a +0 sling
  a +0 club
(45, -51, Shoals:2)
  a +0 sling
  a +0 spear
(45, -50, Shoals:2)
  a +0 spear
(55, -45, Shoals:2)
  a ring of protection from cold

Level 3 of the Shoals
[Shop] Norruisa's Weapon Boutique
  a +0 falchion (48 gold)
  2 poisoned darts (12 gold)
  a +0 great sword (104 gold)
  a +0 spear (48 gold)
  3 stones (4 gold)
  3 poisoned darts (19 gold)
  a +3 vampiric hand axe (416 gold)
  a +0 executioner's axe (160 gold)
  a +0 longbow (104 gold)
(0, 0, Shoals:3)
  a +0 sling
  a +0 spear
(1, 0, Shoals:3)
  a +0 trident
  2 boomerangs
(1, 2, Shoals:3)
  a +0 rapier
  a +0 robe
(2, 0, Shoals:3)
  a +0 trident
  a +0 sling
  a +0 spear
(2, 14, Shoals:3)
  a +0 robe
(3, -3, Shoals:3)
  a +0 falchion
(3, 0, Shoals:3)
  a +0 trident
(4, 1, Shoals:3)
  a +0 sling
  a +0 quarterstaff
(5, -7, Shoals:3)
  a +0 spear
(8, 6, Shoals:3)
  a ring of protection from fire
(13, 5, Shoals:3)
  a +0 robe
(18, 2, Shoals:3)
  a +0 morningstar
(22, 4, Shoals:3)
  4 stones
(23, -8, Shoals:3)
  a staff of conjuration
(27, 24, Shoals:3)
  a +0 trident
(29, 7, Shoals:3)
  a +0 dagger
(30, -12, Shoals:3)
  a +0 trident of freezing
  a +0 robe
(31, -11, Shoals:3)
  a +1 rapier of draining
  a +0 robe
(33, 8, Shoals:3)
  a +0 trident
(36, -5, Shoals:3)
  a +0 longbow
  a +0 spear
(37, -21, Shoals:3)
  3 javelins
(38, -4, Shoals:3)
  a +0 sling
  a +0 quarterstaff
(46, -6, Shoals:3)
  a +0 longbow
(50, -3, Shoals:3)
  8 large rocks
(52, 11, Shoals:3)
  a stone
(54, 6, Shoals:3)
  a +0 spear
(55, 6, Shoals:3)
  a +0 trident

Level 4 of the Shoals
(1, -23, Shoals:4)
  a +0 trident
(1, -22, Shoals:4)
  a +0 halberd
(1, -21, Shoals:4)
  a +0 spear
  3 silver boomerangs
  a +1 trident of flaming
  a +0 robe
(1, -1, Shoals:4)
  the +0 chain mail of the Building Gods {Rampage rF+ Str-2 Dex+9}
    Str:       It affects your strength (-2).
    Dex:       It affects your dexterity (+9).
    rF:        It protects you from fire.
    Rampage:   It bestows one free step when moving towards enemies.
(4, 0, Shoals:4)
  a piece from Xom's chessboard (15/15)
(4, 5, Shoals:4)
  a +2 spear of freezing
  a javelin
  a +0 leather armour
(5, 3, Shoals:4)
  a +2 trident of venom
  a +0 robe
  a +0 spear
(5, 4, Shoals:4)
  a +4 vampiric rapier
  a +0 robe
  a +0 rapier
  a +0 robe
  a +2 rapier of venom
  a +0 robe
  a +0 longbow
  a +0 club
(5, 5, Shoals:4)
  a +3 spear of venom
  3 javelins
  a +0 leather armour
(8, 2, Shoals:4)
  a +0 great sword
(14, 2, Shoals:4)
  a +0 ring mail
(15, 8, Shoals:4)
  a condenser vane
(16, -21, Shoals:4)
  a +0 spear
(16, -20, Shoals:4)
  a +0 trident
  3 boomerangs of dispersal
(16, 1, Shoals:4)
  8 stones
(16, 6, Shoals:4)
  a +0 trident
(18, -20, Shoals:4)
  a book of Dreams
(18, -4, Shoals:4)
  5 stones
(19, -7, Shoals:4)
  a +2 trident of freezing
(21, -7, Shoals:4)
  a +1 vorpal sling
(21, -3, Shoals:4)
  a +0 cloak of stealth
(30, 18, Shoals:4)
  a +0 longbow
  a +0 spear
(31, 16, Shoals:4)
  the +1 ring mail "Apheck" {rElec rPois rC+ Slay-2}
    Slay:      It affects your accuracy & damage with ranged weapons and melee
    (-2).
    rC:        It protects you from cold.
    rElec:     It insulates you from electricity.
    rPois:     It protects you from poison.
(31, 17, Shoals:4)
  a +1 trident of flaming
(31, 18, Shoals:4)
  a +0 trident
  a +0 robe
(32, -11, Shoals:4)
  an amulet of magic regeneration
(33, -4, Shoals:4)
  a +0 long sword of holy wrath
(33, -2, Shoals:4)
  a +0 quarterstaff
(35, 13, Shoals:4)
  a +0 trident
  a +0 robe
  a +0 trident
(37, 13, Shoals:4)
  a +0 trident
(44, -25, Shoals:4)
  a +0 shortbow
(44, 6, Shoals:4)
  a book of Chaos
(45, -34, Shoals:4)
  a +0 trident
(49, -25, Shoals:4)
  a +0 shortbow
(49, -24, Shoals:4)
  a +0 shortbow
(49, -20, Shoals:4)
  a +0 shortbow
  a +0 shortbow
  6 stones
(49, -19, Shoals:4)
  a +0 shortbow
(50, -22, Shoals:4)
  a +3 trident
  3 boomerangs of dispersal
(57, -8, Shoals:4)
  a ring of positive energy
(57, -7, Shoals:4)
  a +0 spear
(57, -6, Shoals:4)
  a +0 trident
  a +0 leather armour
(57, 3, Shoals:4)
  a +0 great sword
(58, -6, Shoals:4)
  a +1 trident of flaming
(60, 7, Shoals:4)
  a +0 chain mail

Level 1 of the Spider Nest
(0, 0, Spider:1)
  4 poisoned darts
(1, 3, Spider:1)
  a +0 dagger
(8, -6, Spider:1)
  a staff of conjuration
(9, -11, Spider:1)
  a +0 lajatang
(10, -16, Spider:1)
  a +0 robe
(12, 21, Spider:1)
  a +0 scimitar
(17, -6, Spider:1)
  a +0 chain mail
(22, 19, Spider:1)
  an amulet of the acrobat
(27, 16, Spider:1)
  a +0 long sword
(33, 9, Spider:1)
  a +0 rapier

Level 2 of the Spider Nest
(19, -22, Spider:2)
  a +0 leather armour
(22, -16, Spider:2)
  5 stones
(28, -22, Spider:2)
  a +0 quarterstaff
  a +6 longbow
  a +2 robe
(29, -23, Spider:2)
  a +7 lajatang
  a +4 chain mail
(31, -26, Spider:2)
  a ring of protection from fire
(31, -10, Spider:2)
  a +0 leather armour
(44, -16, Spider:2)
  4 stones
(47, -43, Spider:2)
  4 large rocks
(51, -14, Spider:2)
  a +0 trident
  a scroll of identify
(53, -32, Spider:2)
  7 stones

Level 3 of the Spider Nest
(0, 0, Spider:3)
  a book of Geomancy
(12, 14, Spider:3)
  a book of Beasts
(18, 42, Spider:3)
  a +0 vorpal short sword
(21, 30, Spider:3)
  a +0 morningstar
(22, 4, Spider:3)
  a +0 ring mail
(22, 23, Spider:3)
  a +0 spear
(24, 17, Spider:3)
  an amulet of regeneration
(26, -5, Spider:3)
  a scroll of identify
(33, -11, Spider:3)
  a +0 battleaxe

Level 4 of the Spider Nest
(2, -14, Spider:4)
  a scarf of harm
(5, -18, Spider:4)
  a scarf of repulsion
(6, -18, Spider:4)
  a +1 pair of boots of flying
(7, -7, Spider:4)
  a +2 spectral lajatang
  a +2 robe of willpower
(11, -19, Spider:4)
  a book of the Tundra
(12, 31, Spider:4)
  a +0 double sword
  a +3 chain mail of fire resistance
  a +0 kite shield
(21, -15, Spider:4)
  a +0 pair of gloves
(24, 33, Spider:4)
  a +0 war axe
(29, 9, Spider:4)
  a book of Lightning
(38, 37, Spider:4)
  a +0 long sword
(58, 31, Spider:4)
  a +0 scale mail
(63, 26, Spider:4)
  a book of Hexes
(64, 43, Spider:4)
  a ring of protection from fire

Level 1 of the Vaults
(0, 0, Vaults:1)
  the +1 ring mail of the Cockroach {rC+ Dex-3 Slay+3}
    Dex:       It affects your dexterity (-3).
    Slay:      It affects your accuracy & damage with ranged weapons and melee
    (+3).
    rC:        It protects you from cold.
(10, -27, Vaults:1)
  4 stones
(14, -6, Vaults:1)
  a +0 animal skin
  a +0 great mace
(14, -5, Vaults:1)
  a ring of see invisible
(15, -8, Vaults:1)
  a +0 ring mail
  a +4 long sword
(16, -41, Vaults:1)
  a +0 dagger
  a +0 robe
(16, -28, Vaults:1)
  a +0 arbalest
(16, -27, Vaults:1)
  a +0 arbalest
(16, 0, Vaults:1)
  the +5 halberd "Jellyslayer" {vorpal, rPois rC- SInv}
    It inflicts extra damage upon your enemies.
    
    rC:        It makes you vulnerable to cold.
    rPois:     It protects you from poison.
    SInv:      It lets you see invisible.
(17, -29, Vaults:1)
  a +0 arbalest
(17, -28, Vaults:1)
  a +0 long sword
  a +0 arbalest
  a +0 scale mail
(20, -30, Vaults:1)
  a +0 arbalest
  a +0 arbalest
  a +0 arbalest
(21, -29, Vaults:1)
  a +0 arbalest
  a +0 arbalest
(35, -22, Vaults:1)
  8 stones
(36, -8, Vaults:1)
  a +4 spear
(42, -29, Vaults:1)
  a book of Callings
(48, -48, Vaults:1)
  6 silver javelins
(49, -2, Vaults:1)
  a +0 ring mail
(53, -36, Vaults:1)
  a +0 scimitar
(55, -53, Vaults:1)
  a +0 kite shield
  a +0 chain mail
  a +3 war axe of electrocution
(57, -52, Vaults:1)
  a +0 plate armour
  a +2 battleaxe of electrocution
  a +0 plate armour
  a +0 bardiche
  a +0 scale mail
  a +0 flail
(58, -52, Vaults:1)
  a +0 plate armour
  a +0 bardiche
(61, -55, Vaults:1)
  a +0 dagger
  a +0 robe
(63, -61, Vaults:1)
  a +0 troll leather armour
  a +0 dire flail
  a +0 animal skin
  a +0 morningstar
  a +0 leather armour
(63, 4, Vaults:1)
  a scroll of identify
(70, -58, Vaults:1)
  7 stones
(71, -26, Vaults:1)
  a +0 ring mail

Level 2 of the Vaults
(0, 0, Vaults:2)
  a +0 arbalest
  a +0 arbalest
(0, 1, Vaults:2)
  a +0 arbalest
(5, -15, Vaults:2)
  a +0 great mace
(13, 5, Vaults:2)
  a +0 robe
  a +0 hand axe
(14, 5, Vaults:2)
  a +0 robe
(15, 14, Vaults:2)
  a +0 chain mail
(18, -6, Vaults:2)
  a +0 arbalest
(18, 36, Vaults:2)
  a +0 falchion
  a +0 arbalest
  a +2 ring mail of cold resistance
(19, -7, Vaults:2)
  a +0 scale mail
  a +0 war axe
  a +4 arbalest
(19, -6, Vaults:2)
  a +0 spear
  a +0 arbalest
(19, -5, Vaults:2)
  a +0 arbalest
  a +0 scale mail
  a +0 falchion
  7 stones
(19, 35, Vaults:2)
  a +0 great mace
  a +0 animal skin
  a +0 rapier
  a +0 arbalest
  a +0 arbalest
  a +0 arbalest
  a +0 dagger of holy wrath
  a +0 robe
  a +0 dire flail
  a +0 animal skin
(20, -8, Vaults:2)
  a +0 hand axe
  a +0 arbalest
(20, -7, Vaults:2)
  a +0 plate armour
  a +0 dire flail
(21, -8, Vaults:2)
  a +1 arbalest of freezing
(21, 34, Vaults:2)
  a +0 war axe
  a +0 scale mail
  a +0 shortbow
(22, 33, Vaults:2)
  a +0 shortbow
(22, 34, Vaults:2)
  a +0 shortbow
(23, 33, Vaults:2)
  a +1 great mace of holy wrath
  a +0 leather armour of cold resistance
  a +0 troll leather armour
  a +0 shortbow
(24, 32, Vaults:2)
  a +0 arbalest
(26, 35, Vaults:2)
  a +0 great mace
  a +0 leather armour
  a +0 troll leather armour
  a +0 troll leather armour
  a +0 troll leather armour
(27, -9, Vaults:2)
  a +0 arbalest
(27, 35, Vaults:2)
  a +0 troll leather armour
(29, -9, Vaults:2)
  12 gold pieces
(29, -7, Vaults:2)
  a +0 scale mail
(30, -10, Vaults:2)
  a +0 dagger
(30, -6, Vaults:2)
  7 stones
(31, 3, Vaults:2)
  a +0 leather armour
  a +2 dagger of draining
(32, -10, Vaults:2)
  a +0 ring mail
(34, -10, Vaults:2)
  a +0 dire flail
  a +0 animal skin
(34, 0, Vaults:2)
  a +0 ring mail
(40, 1, Vaults:2)
  a +0 spear
(41, 3, Vaults:2)
  a staff of air
(50, 35, Vaults:2)
  a +0 ring mail
  a +0 long sword
  a +0 arbalest
(50, 36, Vaults:2)
  a +0 scale mail
(50, 37, Vaults:2)
  a +0 ring mail
(51, 28, Vaults:2)
  a +3 sling
(52, 36, Vaults:2)
  a +3 mace of flaming
(53, 33, Vaults:2)
  a +0 troll leather armour
  a +0 scale mail
  a +0 flail
  a +0 arbalest
(53, 34, Vaults:2)
  a +0 troll leather armour
  a +0 ring mail
  a +0 great mace
(54, 31, Vaults:2)
  a +0 arbalest
(54, 32, Vaults:2)
  a +0 arbalest
  a +0 arbalest
  a +0 arbalest
  a +0 tower shield
  a +0 chain mail
  a +0 long sword
(54, 33, Vaults:2)
  a potion of degeneration
  a +0 arbalest
  a +0 arbalest
  a +0 scale mail
(54, 35, Vaults:2)
  a +0 arbalest
(55, 32, Vaults:2)
  a +0 arbalest
  a +0 arbalest
(57, 37, Vaults:2)
  a +0 morningstar
  a +0 scale mail
(58, 37, Vaults:2)
  a +0 great mace
  a +0 scale mail
(58, 38, Vaults:2)
  a +0 great mace
  a +0 ring mail

Level 3 of the Vaults
(0, 0, Vaults:3)
  a +0 chain mail
  a +0 war axe
  a +0 arbalest
(0, 13, Vaults:3)
  a +0 scale mail
  a +0 long sword
  a +0 hand crossbow
(1, -1, Vaults:3)
  a +0 animal skin
  a +0 dire flail
(1, 0, Vaults:3)
  a +0 plate armour
  a +0 battleaxe
  a +0 plate armour
  a +0 battleaxe
  a +2 plate armour of poison resistance
  a +3 great mace
(1, 2, Vaults:3)
  a +0 arbalest
(1, 14, Vaults:3)
  a potion of degeneration
(5, 30, Vaults:3)
  a +0 short sword
(8, 21, Vaults:3)
  a +0 leather armour
(9, 40, Vaults:3)
  a +3 great mace
  a +0 animal skin
(16, 14, Vaults:3)
  a +0 plate armour
  a +0 dire flail
  a +0 chain mail
  a +1 battleaxe
(20, 7, Vaults:3)
  a +0 arbalest
  a +0 arbalest
(20, 8, Vaults:3)
  a +0 ring mail
  a +0 mace
(20, 22, Vaults:3)
  a +0 arbalest of freezing
(21, 8, Vaults:3)
  a +0 ring mail
  a +0 dire flail of draining
  a +0 chain mail
  a +0 long sword
  a +0 chain mail
  a +2 dire flail of venom
(21, 18, Vaults:3)
  a +0 arbalest
(21, 33, Vaults:3)
  a +0 scale mail
(22, -13, Vaults:3)
  a +0 troll leather armour
  a +0 morningstar
  a +0 leather armour
(22, 22, Vaults:3)
  a +0 arbalest
(23, -13, Vaults:3)
  a +0 troll leather armour
(23, 18, Vaults:3)
  a +0 arbalest
(23, 20, Vaults:3)
  a +0 arbalest
(24, 22, Vaults:3)
  a +0 arbalest
(24, 36, Vaults:3)
  a +0 war axe
  4 atropa-tipped darts
  a +0 scale mail
(24, 40, Vaults:3)
  a +0 plate armour
(28, 8, Vaults:3)
  3 scrolls of identify
(28, 34, Vaults:3)
  a +0 troll leather armour
(29, 33, Vaults:3)
  a +0 troll leather armour
  a +0 great mace
  2 stones
  a +0 leather armour
(31, 9, Vaults:3)
  a +0 arbalest
(31, 10, Vaults:3)
  a +0 scale mail
  a +0 dire flail
(32, 10, Vaults:3)
  a +0 chain mail
  a +0 great mace
(33, -12, Vaults:3)
  a +0 chain mail
(38, 12, Vaults:3)
  a +0 arbalest
  a +0 chain mail
  a +2 vorpal battleaxe
(38, 13, Vaults:3)
  a +0 arbalest
(39, 13, Vaults:3)
  a scroll of identify
(39, 18, Vaults:3)
  a +0 scale mail
  a +0 great mace
(39, 22, Vaults:3)
  a +0 scale mail
  a +0 vorpal war axe
(40, 19, Vaults:3)
  a +7 trident of flaming
(43, -11, Vaults:3)
  a +0 great sword of freezing

Level 4 of the Vaults
(0, 0, Vaults:4)
  a +0 ring mail
(0, 4, Vaults:4)
  a +0 dagger
  a +0 robe
  an ugly thing corpse (skeletalised by now)
  a human corpse (skeletalised by now)
  an ugly thing corpse (skeletalised by now)
(33, -29, Vaults:4)
  the +2 ring mail "Upporru" {Str+2}
    Str:       It affects your strength (+2).
(33, 10, Vaults:4)
  6 stones
(34, 13, Vaults:4)
  a +1 leather armour of poison resistance
(39, 13, Vaults:4)
  a +0 chain mail
(39, 33, Vaults:4)
  a +0 ring mail
(40, 27, Vaults:4)
  a +0 ring mail
(41, 9, Vaults:4)
  a +0 dire flail
  a +0 animal skin
(41, 29, Vaults:4)
  a +0 scale mail
(42, -15, Vaults:4)
  a +0 arbalest
(42, 10, Vaults:4)
  a +0 great sword
  a +0 chain mail
(43, 10, Vaults:4)
  a +0 arbalest
(48, -17, Vaults:4)
  2 large rocks
(48, 14, Vaults:4)
  8 stones
(54, -3, Vaults:4)
  a +0 scale mail

