code2828

Level 1 of the Dungeon
[Shop] Oschi's Antique Weapon Boutique
  a +0 war axe (94 gold)
  a +1 spear of flaming (334 gold)
  a +0 whip (67 gold)
  the +3 morningstar "Midilef" {freeze, rC+ Stlth+} (1053 gold)
    It freezes those it strikes, dealing additional cold damage. It can also
    slow down cold-blooded creatures.
    
    rC:        It protects you from cold.
    Stlth:     It makes you more stealthy.
  a +0 rapier (108 gold)
  the +5 broad axe "Suupothro" {vamp, Fragile rPois rC+ Int+3} (1509 gold)
    It occasionally heals its wielder for a portion of the damage dealt when it
    wounds a living foe.
    
    Int:       It affects your intelligence (+3).
    rC:        It protects you from cold.
    rPois:     It protects you from poison.
    Fragile:   It will be destroyed if unequipped.
  a +0 trident (94 gold)
  a +0 morningstar (108 gold)
[Shop] Emirgh's Assorted Antiques
  a scroll of enchant weapon (172 gold)
  a potion of invisibility (184 gold)
  a +1 antimagic sling (264 gold)
  a condenser vane (920 gold)
  a +0 cloak (103 gold)
  a potion of curing (69 gold)
  a potion of lignification (69 gold)
[Shop] Otocluts's Distillery
  a potion of cancellation (112 gold)
  a potion of mutation (112 gold)
  2 potions of brilliance (112 gold)
  a potion of ambrosia (112 gold)
  a potion of might (56 gold)
  a potion of attraction (42 gold)
  a potion of flight (42 gold)
  a potion of curing (42 gold)
  a potion of haste (140 gold)
  a potion of mutation (112 gold)
[Shop] Goeczaur's General Store
  3 scrolls of teleportation (90 gold)
  a wand of roots (5) (120 gold)
  a potion of brilliance (40 gold)
  a book of Spectacle (320 gold)
  a book of Air (220 gold)
  a +0 cloak (45 gold)
(0, 0, D:1)
  a +0 whip
(8, 3, D:1)
  a +0 dagger
(9, 11, D:1)
  a +0 sling
(11, 14, D:1)
  5 stones
(16, 20, D:1)
  a +0 flail
(20, -15, D:1)
  5 stones
(22, 2, D:1)
  a +0 dagger
(27, -4, D:1)
  a +0 mace
(28, 4, D:1)
  a +0 robe
(44, 6, D:1)
  a +0 pair of gloves
(53, 5, D:1)
  a +0 mace
(59, -14, D:1)
  a +0 spear

Level 2 of the Dungeon
(0, 0, D:2)
  a +3 quarterstaff of chaos
  a +0 cloak
(1, -17, D:2)
  a ring of positive energy
(3, -1, D:2)
  a +2 hammer of protection
(9, -23, D:2)
  a +0 ring mail
(34, 7, D:2)
  a +0 dagger
  3 stones
(34, 8, D:2)
  a +0 club
(34, 9, D:2)
  a +0 dagger
  5 stones

Level 3 of the Dungeon
(0, 0, D:3)
  a +0 falchion of holy wrath
(0, 8, D:3)
  a +0 helmet
(11, 5, D:3)
  a +0 club
(14, 0, D:3)
  a +0 leather armour
(14, 22, D:3)
  5 stones
  a +0 dagger
(14, 26, D:3)
  a +0 robe
(15, 34, D:3)
  a +0 war axe
(17, -14, D:3)
  4 stones
(17, -10, D:3)
  a +0 short sword
(20, -23, D:3)
  a +0 war axe
  a +0 leather armour
(21, -23, D:3)
  a +0 whip
(21, 21, D:3)
  2 stones
(24, -9, D:3)
  a +0 dagger
(30, 6, D:3)
  a +0 ring mail
(32, -22, D:3)
  a +0 chain mail
(33, -14, D:3)
  a +2 flail of holy wrath
  a +0 flail
(33, 11, D:3)
  a +0 club
  4 stones
(34, -2, D:3)
  a +0 scale mail
  a +0 whip
(35, -2, D:3)
  a +0 leather armour
  a +0 short sword
(36, 20, D:3)
  5 stones
(38, -3, D:3)
  a +0 club
(42, 6, D:3)
  4 poisoned darts
(43, -8, D:3)
  a +0 war axe
  a +0 scale mail

Level 4 of the Dungeon
(0, 0, D:4)
  a +0 dagger
  a +0 chain mail
(1, 0, D:4)
  a +0 hand axe
  a +0 leather armour
(6, -17, D:4)
  a +0 spear
(6, -16, D:4)
  a +0 spear
(7, -17, D:4)
  a +4 flail
(13, -9, D:4)
  a +0 giant club
(21, 10, D:4)
  3 stones
(25, -18, D:4)
  a +0 dagger
(39, -13, D:4)
  7 stones
(39, -12, D:4)
  6 boomerangs
(40, -26, D:4)
  a +0 dagger
  2 stones
(40, -13, D:4)
  a +0 spear
(40, -12, D:4)
  7 stones
(45, 5, D:4)
  a +0 hand axe
(46, 19, D:4)
  a +0 club
(51, 12, D:4)
  a +0 falchion
(52, 17, D:4)
  a +0 trident
(63, 18, D:4)
  6 stones

Level 5 of the Dungeon
(0, 0, D:5)
  a +0 leather armour
(2, 5, D:5)
  a +1 dire flail of protection
  a +0 leather armour
(13, 31, D:5)
  a +0 heavy halberd
(14, 31, D:5)
  a +1 heavy halberd
  a +0 leather armour
(15, 31, D:5)
  a +0 flail
  a +0 club
(18, 30, D:5)
  a +0 club
  a +0 leather armour
  a +1 mace of protection
  a +0 scale mail
  a +0 hand axe
  a +0 leather armour
(20, 10, D:5)
  a +0 flail
(21, 15, D:5)
  a +0 dagger
  a +0 ring mail

Level 6 of the Dungeon
(0, 0, D:6)
  a +1 leather armour of willpower
(0, 1, D:6)
  a +0 giant club
(1, 21, D:6)
  a +0 short sword
(4, 13, D:6)
  a +0 ring mail
(5, 32, D:6)
  a +0 short sword
  3 stones
(5, 35, D:6)
  a +0 club
(6, 34, D:6)
  a +0 dagger
  a curare-tipped dart
(6, 35, D:6)
  a +0 short sword
  3 poisoned darts
(8, 15, D:6)
  a +0 dagger
(8, 16, D:6)
  a +0 hand axe
  a +0 leather armour
  a +0 dagger
  a +0 war axe
  a +0 short sword
(46, 12, D:6)
  a boomerang
  a +0 short sword
(46, 13, D:6)
  a +0 leather armour
  a +0 club
(48, 10, D:6)
  a +0 club
  a +0 robe
  a +0 dagger
(49, 9, D:6)
  a +0 ring mail
  a +0 club
(54, -12, D:6)
  a +0 leather armour

Level 7 of the Dungeon
(0, 0, D:7)
  a +0 leather armour
(10, -8, D:7)
  a staff of fire
(12, 5, D:7)
  a +0 mace
(13, 0, D:7)
  3 stones
(38, 0, D:7)
  a +0 short sword
(40, -15, D:7)
  a +0 dagger of speed
  a +0 robe
(41, -15, D:7)
  a +0 short sword
  a +0 leather armour
(42, -15, D:7)
  a +0 short sword
  a +0 leather armour
  a +0 shortbow
  a +0 dagger
  a +0 robe
(43, -16, D:7)
  a +0 dagger
  a +0 leather armour

Level 8 of the Dungeon
(0, 0, D:8)
  a +0 dagger
(0, 1, D:8)
  a +0 short sword
(1, -1, D:8)
  a +0 ring mail
  a +0 short sword
(1, 1, D:8)
  a +0 chain mail
  a +0 glaive
(2, -15, D:8)
  a +0 hand axe
(12, -7, D:8)
  a +0 ring mail
  a +0 quarterstaff
  a +0 sling
(51, 16, D:8)
  4 poisoned darts
(57, 9, D:8)
  a +3 morningstar of freezing
  a +0 robe
  a +0 scimitar
  a +0 robe
(57, 10, D:8)
  a +5 spear of freezing
  a +0 robe
(59, 10, D:8)
  a +0 short sword
  a +0 robe

Level 9 of the Dungeon
(14, -1, D:9)
  a +0 dagger
(15, -1, D:9)
  a +2 whip of draining
(16, -1, D:9)
  a +0 whip
  5 stones
(17, -1, D:9)
  a +0 short sword
  a +0 short sword
(18, -1, D:9)
  a +0 short sword
  2 stones
  a +0 short sword
  a curare-tipped dart
(21, -6, D:9)
  a +0 ring mail
(21, -1, D:9)
  a +0 short sword
  5 stones
(21, 37, D:9)
  4 stones
(22, 24, D:9)
  a +6 great sword
  a +0 robe
(27, -5, D:9)
  a +0 dagger
(27, -4, D:9)
  3 stones
(30, 24, D:9)
  a +0 robe
(39, 1, D:9)
  a +0 leather armour
(41, -6, D:9)
  a +0 chain mail
(48, 40, D:9)
  a +0 chain mail

Level 10 of the Dungeon
(0, 0, D:10)
  a +0 scale mail
(15, 1, D:10)
  5 stones
(22, 2, D:10)
  a +0 leather armour

the Ecumenical Temple

