code2828

Level 1 of the Dungeon
(0, 0, D:1)
  5 atropa-tipped darts
(2, 37, D:1)
  a +0 hand axe
(4, 1, D:1)
  a +0 dagger
(16, -2, D:1)
  a +0 hand axe
(17, 20, D:1)
  a +0 club
(25, 35, D:1)
  a +0 short sword
  a stone
(28, 9, D:1)
  a +0 dagger
(35, 3, D:1)
  a +0 ring mail
(36, -12, D:1)
  a +0 ring mail

Level 2 of the Dungeon
(0, 0, D:2)
  6 stones
(4, 8, D:2)
  a +0 dagger
(4, 10, D:2)
  a +0 whip
(4, 11, D:2)
  a +0 dagger
(7, 4, D:2)
  a +0 chain mail
(9, -19, D:2)
  a +0 leather armour
(21, -22, D:2)
  5 stones
(24, -2, D:2)
  a +0 dagger
(26, -25, D:2)
  a +0 robe
(28, -5, D:2)
  4 large rocks
(34, 9, D:2)
  a +0 pair of boots
(38, 17, D:2)
  a stone
(50, -8, D:2)
  a +0 ring mail
(51, -18, D:2)
  a +0 club
(52, 3, D:2)
  a +0 dagger

Level 3 of the Dungeon
(0, 0, D:3)
  a +0 dagger
  a stone
(2, 26, D:3)
  a +0 dagger
(5, -31, D:3)
  a +0 chain mail
(10, -30, D:3)
  a +0 club
  a +0 robe
(29, 2, D:3)
  9 stones
(42, 3, D:3)
  9 stones
(43, -11, D:3)
  a +0 hand axe
(44, -22, D:3)
  4 atropa-tipped darts
(56, 24, D:3)
  a +0 dagger

Level 4 of the Dungeon
(0, 0, D:4)
  a +0 scale mail
(0, 1, D:4)
  a +0 robe
(0, 3, D:4)
  a scroll of teleportation
(6, 5, D:4)
  a +0 helmet
(14, -29, D:4)
  a +0 dagger
(15, -14, D:4)
  a +0 whip
(33, 10, D:4)
  5 large rocks
(36, -11, D:4)
  2 poisoned darts
  a +0 spear
  a kobold corpse (skeletalised by now)

Level 5 of the Dungeon
[Shop] Mifu Ceu's General Store
  (Shop contents are unknown)
(0, 0, D:5)
  a +0 leather armour
(1, -3, D:5)
  a +0 falchion
(2, -4, D:5)
  a +0 hand axe
(13, 0, D:5)
  a +0 quarterstaff

