code2828

Level 1 of the Dungeon
(0, 0, D:1)
  a +0 pair of gloves
(4, 25, D:1)
  a +0 robe
(17, 13, D:1)
  a +0 club
  a +0 ring mail
(18, 6, D:1)
  5 stones
(18, 17, D:1)
  a +0 short sword
(36, 0, D:1)
  a +0 leather armour
(45, 35, D:1)
  a +0 club
(58, -2, D:1)
  5 stones

Level 2 of the Dungeon
(2, -4, D:2)
  a +0 dagger
  5 stones
(2, 0, D:2)
  a +0 dagger
  2 stones
(28, -22, D:2)
  5 stones
(31, -6, D:2)
  3 stones
(36, -7, D:2)
  a +0 mace
(55, 14, D:2)
  a +0 club
(56, 9, D:2)
  a +0 ring mail
  a +0 robe
(57, -5, D:2)
  a +0 club
(58, 4, D:2)
  a +0 mace

Level 3 of the Dungeon
(0, 0, D:3)
  a +0 ring mail
(3, -19, D:3)
  a +0 leather armour
(11, 11, D:3)
  a +0 club
(13, -6, D:3)
  9 stones
(15, -21, D:3)
  2 poisoned darts
(17, -23, D:3)
  a +0 pair of gloves
(17, -21, D:3)
  a wand of mindburst (9)
(21, -23, D:3)
  9 gold pieces
(22, -19, D:3)
  2 stones
(23, -21, D:3)
  a potion of might
(23, -4, D:3)
  a +0 dagger
(23, -3, D:3)
  a +0 club
  a +0 chain mail
(24, -3, D:3)
  a +0 flail
  a boomerang
  a +0 trident
  a +0 leather armour
  a +0 flail
(24, 12, D:3)
  a +0 leather armour
(29, -6, D:3)
  a +0 hand axe
  a +0 ring mail
(32, -22, D:3)
  a +0 falchion
(39, -13, D:3)
  a +0 glaive
(47, -19, D:3)
  a +0 robe

Level 4 of the Dungeon
(13, 3, D:4)
  a +0 whip
(24, 5, D:4)
  a +0 dagger
(24, 18, D:4)
  a +0 short sword
  3 stones
(25, -7, D:4)
  a +0 club
(25, 17, D:4)
  a +0 short sword
(26, 17, D:4)
  a +0 short sword
(28, 14, D:4)
  a +0 ring mail
  a +0 club
(29, -4, D:4)
  a +0 club
(29, 14, D:4)
  a +0 club
  a +0 robe
  a +0 dagger
(29, 15, D:4)
  a +0 whip
(30, 15, D:4)
  a +0 leather armour
  a +0 club
(35, 1, D:4)
  a +0 long sword
(37, 10, D:4)
  2 stones
(38, 2, D:4)
  a +0 plate armour
(40, -6, D:4)
  a +0 mace
(40, -4, D:4)
  a +0 spear
(42, -6, D:4)
  a +0 falchion
(42, -4, D:4)
  a +0 hand axe

Level 5 of the Dungeon
(0, 0, D:5)
  a +0 club
(1, 2, D:5)
  a +0 ring mail
  a +0 short sword
(2, 1, D:5)
  a +0 dagger
  a boomerang
  a +0 short sword
(7, -16, D:5)
  a +2 whip of venom
(32, 13, D:5)
  a +0 robe
  a +3 dagger of holy wrath
  a +0 club
(32, 14, D:5)
  a +0 hand axe
(32, 15, D:5)
  a +0 club
(33, 13, D:5)
  a +0 scale mail
  a +0 flail
  4 stones
  a +0 dagger
(34, 15, D:5)
  a +0 robe
  a +0 dagger
(35, 9, D:5)
  3 stones
(38, -3, D:5)
  9 stones
(47, 10, D:5)
  a +0 short sword
  a +0 scale mail
  a +0 whip
(48, 10, D:5)
  a +0 club
  a +0 ring mail
  a +0 dagger
  a +0 robe
(55, -6, D:5)
  a +0 dagger
  a +0 leather armour
(56, -7, D:5)
  a +0 dagger
  a +0 robe
  a +0 hand axe
  a +0 leather armour
  a +0 dagger
  a +0 robe
(58, -3, D:5)
  a +0 scale mail

Level 6 of the Dungeon
(0, 0, D:6)
  a +0 robe
(4, -1, D:6)
  a +3 short sword
  a +0 robe
(5, 0, D:6)
  a +0 quarterstaff
(6, -4, D:6)
  a +0 dire flail
  a +0 robe
(6, 8, D:6)
  a +0 ring mail
(7, -4, D:6)
  a +0 halberd
  a +0 robe
(8, -3, D:6)
  a +3 spear
  a +0 robe
(17, 32, D:6)
  a +1 whip of freezing
  a +0 robe
(31, -4, D:6)
  4 stones
(31, 5, D:6)
  a +0 dagger
  8 poisoned darts
(34, 3, D:6)
  a +0 whip
  7 poisoned darts

Level 7 of the Dungeon
[Shop] Puedoul's Weapon Boutique
  a +0 sling (19 gold)
  a +0 quarterstaff (52 gold)
  a +0 spear (39 gold)
  a +0 falchion (39 gold)
  a +0 long sword (45 gold)
  a +3 heavy halberd (314 gold)
  a +0 rapier (52 gold)
  a +0 dagger (26 gold)
  4 boomerangs of dispersal (78 gold)
(0, 0, D:7)
  a +0 leather armour
(1, -13, D:7)
  a +0 dagger
(3, -27, D:7)
  a +0 hand axe
  a +0 chain mail
(4, -27, D:7)
  a +0 club
  a +0 dagger
  a +0 hand axe
(4, -26, D:7)
  a +0 club
(5, -5, D:7)
  4 stones
(8, -19, D:7)
  8 stones
(14, -36, D:7)
  a +0 falchion
(41, -25, D:7)
  a +0 robe
(54, -42, D:7)
  a +0 ring mail
(54, -31, D:7)
  a +0 long sword

Level 8 of the Dungeon
(0, 0, D:8)
  5 stones
(6, 25, D:8)
  a scroll of immolation
(7, 3, D:8)
  a +0 spear
  a +0 scale mail
  a +2 whip of venom
(7, 25, D:8)
  8 gold pieces
(8, 3, D:8)
  a +1 whip of electrocution
(8, 4, D:8)
  a +0 spear
(8, 5, D:8)
  a +0 spear
(12, 19, D:8)
  a +0 long sword
  a +0 robe
(12, 20, D:8)
  a +4 flail
  a +0 robe
  a +0 halberd
  a +0 robe
(16, 27, D:8)
  a +0 falchion
  a +0 robe
(19, 32, D:8)
  a +0 whip
(20, -2, D:8)
  a +0 club
(22, 26, D:8)
  a stone
(27, 38, D:8)
  4 large rocks
(28, -8, D:8)
  a +0 dagger
  a +0 robe
(28, -7, D:8)
  a +0 club
(29, -8, D:8)
  a +0 halberd
  a +0 chain mail
  a +0 club
  a +0 scale mail
(30, -8, D:8)
  a +0 whip
(32, 27, D:8)
  a +0 rapier
(51, -4, D:8)
  a +0 helmet
(60, -5, D:8)
  a +0 pair of gloves
(66, -5, D:8)
  5 poisoned darts

Level 9 of the Dungeon
(0, 0, D:9)
  17 gold pieces
(4, -28, D:9)
  a +0 war axe
  a +0 animal skin
  an orc corpse
(7, -39, D:9)
  2 poisoned darts
(13, -6, D:9)
  a +0 dagger
  a +0 robe
  a +0 short sword
  a +0 ring mail
  a +0 dagger
  an orc corpse
(15, -33, D:9)
  a scorpion corpse
(15, -6, D:9)
  a +0 club
  a +0 ring mail
  a +0 mace
  a +0 chain mail
(16, -35, D:9)
  an iguana corpse
  a scorpion corpse
(16, -4, D:9)
  a +0 trident
(24, 6, D:9)
  a +0 ring mail
(37, -10, D:9)
  a +0 hand axe

the Ecumenical Temple

