code2828

Level 1 of the Dungeon
(0, 0, D:1)
  a +0 short sword
  3 stones
(1, 0, D:1)
  a +0 club
(1, 18, D:1)
  a +0 dagger
(9, 36, D:1)
  7 stones
(15, 20, D:1)
  a +0 dagger
(16, 12, D:1)
  10 gold pieces
(19, 6, D:1)
  a +0 club
(21, 7, D:1)
  a +0 dagger
(23, -6, D:1)
  a +0 mace
(31, 12, D:1)
  a +0 short sword
  2 stones
(34, 0, D:1)
  a +0 club
(35, 0, D:1)
  a +0 club
(37, 16, D:1)
  a +0 club
(44, 40, D:1)
  a +0 short sword

Level 2 of the Dungeon
(0, 0, D:2)
  a +0 dagger
(8, 15, D:2)
  a +0 robe
(10, 38, D:2)
  a +0 hand axe
(16, 20, D:2)
  3 stones
(21, 12, D:2)
  8 stones
(24, 10, D:2)
  a +0 dagger
  3 stones
(35, 28, D:2)
  a +0 scale mail
(36, 44, D:2)
  2 stones
(39, 7, D:2)
  a +0 scale mail
(43, 7, D:2)
  a +0 animal skin
(50, 22, D:2)
  a +2 whip of electrocution
(50, 38, D:2)
  5 stones

Level 3 of the Dungeon
[Shop] Zaydghuepp's Weapon Shop
  a +0 great mace (84 gold)
  a +0 quarterstaff (52 gold)
  4 atropa-tipped darts (31 gold)
  a +0 sling (19 gold)
  6 stones (7 gold)
(0, 0, D:3)
  a +0 robe
(0, 14, D:3)
  4 stones
(1, 15, D:3)
  a +0 trident
  a +0 animal skin
  a +1 helmet
(2, 12, D:3)
  a +0 dagger
  a +0 sling
  a +0 dagger
(2, 13, D:3)
  a +0 dagger
  a +0 club
  a +0 dagger
  a +0 dagger
(2, 14, D:3)
  a +0 dagger
  a +0 club
(2, 19, D:3)
  a +0 dagger
(4, 13, D:3)
  a +0 club
  a +0 dagger
  a +0 falchion
  a +0 mace
  a +0 leather armour
(4, 14, D:3)
  a +0 club
  a +0 ring mail
(4, 15, D:3)
  a +0 scythe
  a +0 robe
(5, 15, D:3)
  a +0 trident
  a +0 ring mail
(10, 17, D:3)
  a +0 club
(13, -4, D:3)
  a +0 club
  a +0 leather armour
(25, -6, D:3)
  a +0 club
  a +0 sling
(29, 25, D:3)
  a +0 dagger
(35, -1, D:3)
  a +0 club
(44, 27, D:3)
  a stone
(44, 31, D:3)
  a +0 trident
(54, 42, D:3)
  a +0 ring mail
(57, -3, D:3)
  a +1 scale mail of cold resistance
  a +0 dagger
  2 boomerangs
  a +0 short sword
(58, -3, D:3)
  a +0 flail
  a +0 leather armour
  a +0 dagger
(58, 34, D:3)
  a +0 club

Level 4 of the Dungeon
(0, 0, D:4)
  a ring of wizardry
(2, 21, D:4)
  6 stones
(2, 43, D:4)
  a staff of conjuration
(12, 34, D:4)
  a +0 short sword
  a +0 leather armour
(13, 21, D:4)
  a +0 ring mail
(13, 33, D:4)
  a +0 flail
  a +0 leather armour
  a +3 falchion
(14, 33, D:4)
  a +0 falchion
  a +0 leather armour
(16, 44, D:4)
  a +0 dagger
(24, 28, D:4)
  a +0 dagger
(29, 2, D:4)
  a +0 club
  a +0 club
  a +0 spear
(37, 23, D:4)
  a +0 dagger
(46, 17, D:4)
  a +0 club
(47, 22, D:4)
  a +0 sling
(48, 3, D:4)
  a +0 glaive
  a +0 robe

Level 5 of the Dungeon
(0, 0, D:5)
  a +0 leather armour
(16, -38, D:5)
  a +0 giant spiked club
(28, -30, D:5)
  2 potions of degeneration
(29, -27, D:5)
  a +0 giant club
(30, -40, D:5)
  a book of Burglary
(31, -19, D:5)
  a +0 dagger
(36, -21, D:5)
  a +0 leather armour
(38, 2, D:5)
  a +0 dagger
(43, -1, D:5)
  3 stones
(46, -4, D:5)
  a +0 whip
(46, -2, D:5)
  a book of Spatial Translocations
(57, -45, D:5)
  a +0 helmet

Level 6 of the Dungeon
(1, -35, D:6)
  a +0 leather armour
  a +0 club
  a +2 vorpal morningstar
  a +0 mace
  a +0 leather armour
  a +0 hand axe
(4, 18, D:6)
  a +0 ring mail
(10, -12, D:6)
  a +0 giant spiked club
(23, -28, D:6)
  a +0 robe
(27, -33, D:6)
  a +0 leather armour
  a +0 flail
(27, -6, D:6)
  4 stones
(31, 7, D:6)
  a +0 leather armour
(36, -27, D:6)
  a +0 ring mail
(36, -20, D:6)
  a +0 trident
(40, -27, D:6)
  a book of Spatial Translocations
(40, 4, D:6)
  7 stones
(46, 2, D:6)
  a +0 leather armour
(46, 9, D:6)
  4 stones

Level 7 of the Dungeon
(0, 0, D:7)
  a +0 shortbow
(10, 6, D:7)
  a +0 flail
  a +0 leather armour
  a +0 dagger
  a +0 robe
(11, 9, D:7)
  a +0 leather armour
(15, -2, D:7)
  a +0 whip
  a +0 shortbow of flaming
(22, 24, D:7)
  a +0 spear
(33, 12, D:7)
  4 large rocks
(34, 13, D:7)
  a +1 vampiric hand axe
(39, 3, D:7)
  a +0 hand axe
  a +0 chain mail
(40, 0, D:7)
  a +0 ring mail
(40, 6, D:7)
  a +0 quarterstaff
(40, 27, D:7)
  6 stones
(41, -6, D:7)
  a +0 mace
(43, -8, D:7)
  a +0 ring mail
(45, 19, D:7)
  a +0 dagger
(45, 30, D:7)
  5 stones

Level 8 of the Dungeon
(0, 0, D:8)
  a +0 dagger
  a +0 robe
  a +0 short sword
  a +0 leather armour
  a +0 whip
  a +0 plate armour
  a staff of conjuration
(2, 0, D:8)
  a +0 short sword (still there?)
  a +0 robe (still there?)
  a +4 ring of protection (still there?)
  a scroll of enchant weapon (still there?)
  a +0 ring mail (still there?)
  a silver boomerang (still there?)
  a +0 hand axe (still there?)
(12, -27, D:8)
  a +0 long sword
(19, 24, D:8)
  a +0 club
(20, -28, D:8)
  +0 steam dragon scales
(29, -10, D:8)
  a +0 whip of flaming
  a +0 robe
(32, 1, D:8)
  a +0 whip
  a book of the Tundra
(32, 2, D:8)
  a +0 whip
(32, 4, D:8)
  a +0 quarterstaff
  a +1 leather armour of cold resistance
(32, 5, D:8)
  a +0 flail
  a +0 spear
(32, 6, D:8)
  a +0 dagger
  a +0 dagger
  a +0 dagger
  a +0 dagger
  2 stones
  a +0 whip
  10 poisoned darts
  a +0 dagger
  a +0 whip
(32, 7, D:8)
  a +0 spear
  3 poisoned darts
(35, 18, D:8)
  a +0 short sword
(44, -16, D:8)
  a +0 scale mail

Level 9 of the Dungeon
(14, -19, D:9)
  a +0 dagger
(15, -18, D:9)
  a +0 dagger of draining
  a +0 leather armour
(18, -17, D:9)
  a +0 mace
(20, -20, D:9)
  a +0 dagger
(22, -35, D:9)
  a +2 short sword of holy wrath
(23, -12, D:9)
  a +0 flail
  a +0 chain mail
(26, -10, D:9)
  a +0 quarterstaff
(26, 5, D:9)
  a +0 dire flail
  a +0 plate armour
(27, 1, D:9)
  a +0 robe
(28, -22, D:9)
  a book of Touch
(29, 5, D:9)
  a +0 leather armour
  a +0 whip
  a +0 robe
  a +0 dagger
(33, -26, D:9)
  a +0 chain mail
  a +0 club
(34, -26, D:9)
  a +0 club
(34, -23, D:9)
  a +0 shortbow
(35, -25, D:9)
  a +0 hand axe
(35, -24, D:9)
  a +0 robe
  a +2 dagger of venom
(37, -20, D:9)
  a +0 short sword
(37, 9, D:9)
  a +0 trident
(38, 7, D:9)
  a +0 leather armour
  a +0 dagger
(38, 8, D:9)
  a +0 plate armour
  a +0 mace
(40, -23, D:9)
  a +2 dagger of venom
(40, 8, D:9)
  a +0 dagger
(42, 9, D:9)
  a +0 hand axe
(44, -20, D:9)
  a +0 falchion
(53, -26, D:9)
  a +4 morningstar of freezing
  a +0 robe
(54, -23, D:9)
  a +0 war axe
  a +0 robe

Level 10 of the Dungeon
(0, 0, D:10)
  a +0 scale mail
(4, -20, D:10)
  a +0 ring mail
(4, -18, D:10)
  a +0 leather armour
(4, -11, D:10)
  a +0 spear
  6 stones
(4, 3, D:10)
  4 large rocks
(5, -12, D:10)
  a +0 vorpal spear
  a +0 ring mail
(6, -14, D:10)
  a +0 flail
(6, -12, D:10)
  a +0 club
(12, 2, D:10)
  a +0 giant club
  a +0 giant club
(17, -22, D:10)
  2 stones
(17, 3, D:10)
  a +0 scale mail
(18, -7, D:10)
  a +0 cloak
(33, -2, D:10)
  +0 acid dragon scales
(34, 1, D:10)
  a +0 scimitar
  a +0 chain mail
(43, -10, D:10)
  a +0 giant club
  a +0 robe
(52, -4, D:10)
  a +0 spear
(53, -4, D:10)
  a +0 flail
  a +0 leather armour
  a +0 flail
  a +0 club
  a boomerang
  a +0 leather armour
  a +0 spear
  a +0 spear
(54, -4, D:10)
  a +0 spear
(54, -3, D:10)
  a +0 trident
  a +0 chain mail

Level 11 of the Dungeon
(7, -16, D:11)
  a +0 giant club
  a +0 giant club
(7, -14, D:11)
  a +0 dagger
  2 stones
(7, 8, D:11)
  4 stones
  a +0 dagger
(8, 14, D:11)
  a +0 short sword
(9, 5, D:11)
  a stone
  a +0 club
(10, 6, D:11)
  5 stones
  a +0 short sword
(11, 1, D:11)
  a scroll of identify
  6 poisoned darts
  a +0 club
(13, 2, D:11)
  a +0 club
(21, -1, D:11)
  a +0 hand axe
(29, -19, D:11)
  2 poisoned darts
(33, 8, D:11)
  a +0 short sword
  a +0 whip
  a +0 club
  a +0 mace
(33, 9, D:11)
  a +0 dagger
(34, -21, D:11)
  5 stones
(36, -23, D:11)
  a +0 whip
  a +0 scale mail
(36, -22, D:11)
  a +2 dagger of flaming
  a +0 robe
  a +0 dagger
  a +0 dagger
(37, -22, D:11)
  a +0 dagger
  a +0 robe
(48, 12, D:11)
  a +0 falchion
(50, 13, D:11)
  a +0 falchion
(58, 3, D:11)
  a +0 giant club
  a +0 giant club
(59, 10, D:11)
  6 stones

Level 12 of the Dungeon
(0, 0, D:12)
  22 gold pieces
(1, -7, D:12)
  13 gold pieces
(2, -7, D:12)
  19 gold pieces
(5, -8, D:12)
  a +0 spear
(6, -8, D:12)
  a scroll of identify
(7, 3, D:12)
  a +0 rapier
(7, 5, D:12)
  3 curare-tipped darts
(8, -7, D:12)
  a +0 troll leather armour
(8, 3, D:12)
  a scroll of silence
(15, -17, D:12)
  a +0 pair of boots
(16, 8, D:12)
  4 stones
(19, -23, D:12)
  2 scrolls of magic mapping
(25, 6, D:12)
  2 large rocks
(26, 2, D:12)
  a +0 leather armour

the Ecumenical Temple

Level 2 of the Orcish Mines
(0, 0, Orc:2)
  a +0 trident
  a +0 ring mail
  an orc corpse
(0, 4, Orc:2)
  a +0 giant club
  a +0 flail
  an ogre corpse
  an orc corpse
(1, 4, Orc:2)
  a +2 vorpal long sword
  a +0 plate armour
(4, -9, Orc:2)
  25 gold pieces
(8, -9, Orc:2)
  a +0 club
  a +0 ring mail
  an orc corpse
(8, -8, Orc:2)
  a +0 club
  a +0 leather armour
(9, -10, Orc:2)
  a +0 mace
  4 large rocks
  a cyclops corpse
(9, -9, Orc:2)
  a +0 flail
  a +0 chain mail
  a +0 troll leather armour
  a +0 flail
  a +1 dagger of venom
  a +0 robe
  a +0 dagger
  a +0 robe
  a troll corpse
  an orc corpse
  an orc corpse
(9, -8, Orc:2)
  a +0 short sword
  a +0 plate armour
  a +0 dagger
  a +0 ring mail
  a +0 flail
  a +0 chain mail
  an orc corpse
(10, -10, Orc:2)
  a +0 dagger
  a +0 leather armour
  an orc corpse
(10, -9, Orc:2)
  a +2 dagger of speed (still there?)
  a +2 robe of fire resistance (still there?)
  a +0 trident (still there?)
  the human corpse of Josephine (still there?)
(10, -8, Orc:2)
  a +0 hand axe (still there?)
  a +0 leather armour of willpower (still there?)
(16, -14, Orc:2)
  14 gold pieces

Level 1 of the Lair of Beasts
(0, 0, Lair:1)
  a ring of fire
(1, 3, Lair:1)
  6 poisoned darts
(38, -12, Lair:1)
  a +0 chain mail
(46, 7, Lair:1)
  a book of Misfortune
(47, 5, Lair:1)
  a +0 chain mail
(62, -9, Lair:1)
  an Inescapable Atlas

Level 2 of the Lair of Beasts
(3, 1, Lair:2)
  a There-And-Back Book
(6, 27, Lair:2)
  a +0 shortbow
(13, 2, Lair:2)
  3 stones
(38, 7, Lair:2)
  a potion of degeneration
(43, 27, Lair:2)
  a +0 spear
(49, 22, Lair:2)
  a book of Air

Level 3 of the Lair of Beasts
(0, 0, Lair:3)
  a +0 sling
(8, 21, Lair:3)
  a +0 robe of willpower
(13, 22, Lair:3)
  a +0 war axe
(30, 11, Lair:3)
  7 stones
(31, 6, Lair:3)
  a book of Unlife
(31, 36, Lair:3)
  a +0 rapier
(51, -22, Lair:3)
  a +1 mace of protection
(68, 19, Lair:3)
  5 stones

Level 4 of the Lair of Beasts
(0, 0, Lair:4)
  a book of the Tundra
(3, -34, Lair:4)
  5 stones
(3, 8, Lair:4)
  5 poisoned darts
(11, 5, Lair:4)
  3 poisoned darts
(19, -41, Lair:4)
  a +0 chain mail
(40, -9, Lair:4)
  5 stones

Level 5 of the Lair of Beasts
(0, 0, Lair:5)
  a +5 bardiche
(0, 50, Lair:5)
  a +0 long sword
(3, 36, Lair:5)
  a +0 robe
(3, 48, Lair:5)
  a +0 helmet of see invisible
(5, -9, Lair:5)
  a +0 falchion
(12, 48, Lair:5)
  a +0 hand axe
(37, 31, Lair:5)
  a +0 mace
(40, 31, Lair:5)
  a +0 antimagic great sword
(41, -8, Lair:5)
  6 stones
(44, 23, Lair:5)
  a +0 ring mail
(44, 28, Lair:5)
  7 stones
(51, 31, Lair:5)
  6 stones
(53, 28, Lair:5)
  a +0 dagger
(53, 35, Lair:5)
  a +0 chain mail
(56, -2, Lair:5)
  7 stones
(58, 25, Lair:5)
  6 javelins
(58, 44, Lair:5)
  a +4 great mace of protection
  3 stones
  a +0 ring mail
(59, 26, Lair:5)
  a +3 whip of venom
(61, 6, Lair:5)
  a +0 great mace

